###############################################################################
#
# IAR ELF Linker V7.30.4.8167/W32 for ARM                 16/Aug/2015  16:13:18
# Copyright 2007-2014 IAR Systems AB.
#
#    Output file  =  
#        C:\StellarisWare\boards\FreeRTOS0-Sunday\Demo\Tasks3\Debug\Exe\RTOSDemo.out
#    Map file     =  
#        C:\StellarisWare\boards\FreeRTOS0-Sunday\Demo\Tasks3\Debug\List\RTOSDemo.map
#    Command line =  
#        C:\StellarisWare\boards\FreeRTOS0-Sunday\Demo\Tasks3\Debug\Obj\consoleKeyboard.o
#        C:\StellarisWare\boards\FreeRTOS0-Sunday\Demo\Common\drivers\LuminaryMicro\IAR\driverlib.a
#        C:\StellarisWare\boards\FreeRTOS0-Sunday\Demo\Tasks3\Debug\Obj\emac.o
#        C:\StellarisWare\boards\FreeRTOS0-Sunday\Demo\Tasks3\Debug\Obj\formike128x128x16.o
#        C:\StellarisWare\boards\FreeRTOS0-Sunday\Demo\Common\drivers\LuminaryMicro\IAR\grlib.a
#        C:\StellarisWare\boards\FreeRTOS0-Sunday\Demo\Tasks3\Debug\Obj\heap_2.o
#        C:\StellarisWare\boards\FreeRTOS0-Sunday\Demo\Tasks3\Debug\Obj\http-strings.o
#        C:\StellarisWare\boards\FreeRTOS0-Sunday\Demo\Tasks3\Debug\Obj\httpd-cgi.o
#        C:\StellarisWare\boards\FreeRTOS0-Sunday\Demo\Tasks3\Debug\Obj\httpd-fs.o
#        C:\StellarisWare\boards\FreeRTOS0-Sunday\Demo\Tasks3\Debug\Obj\httpd.o
#        C:\StellarisWare\boards\FreeRTOS0-Sunday\Demo\Tasks3\Debug\Obj\IntQueue.o
#        C:\StellarisWare\boards\FreeRTOS0-Sunday\Demo\Tasks3\Debug\Obj\IntQueueTimer.o
#        C:\StellarisWare\boards\FreeRTOS0-Sunday\Demo\Tasks3\Debug\Obj\lab4Interrupt.o
#        C:\StellarisWare\boards\FreeRTOS0-Sunday\Demo\Tasks3\Debug\Obj\list.o
#        C:\StellarisWare\boards\FreeRTOS0-Sunday\Demo\Tasks3\Debug\Obj\main.o
#        C:\StellarisWare\boards\FreeRTOS0-Sunday\Demo\Tasks3\Debug\Obj\oledDisplay.o
#        C:\StellarisWare\boards\FreeRTOS0-Sunday\Demo\Tasks3\Debug\Obj\osram128x64x4.o
#        C:\StellarisWare\boards\FreeRTOS0-Sunday\Demo\Tasks3\Debug\Obj\ParTest.o
#        C:\StellarisWare\boards\FreeRTOS0-Sunday\Demo\Tasks3\Debug\Obj\port.o
#        C:\StellarisWare\boards\FreeRTOS0-Sunday\Demo\Tasks3\Debug\Obj\portasm.o
#        C:\StellarisWare\boards\FreeRTOS0-Sunday\Demo\Tasks3\Debug\Obj\powerSub.o
#        C:\StellarisWare\boards\FreeRTOS0-Sunday\Demo\Tasks3\Debug\Obj\psock.o
#        C:\StellarisWare\boards\FreeRTOS0-Sunday\Demo\Tasks3\Debug\Obj\queue.o
#        C:\StellarisWare\boards\FreeRTOS0-Sunday\Demo\Tasks3\Debug\Obj\randomInteger.o
#        C:\StellarisWare\boards\FreeRTOS0-Sunday\Demo\Tasks3\Debug\Obj\rit128x96x4.o
#        C:\StellarisWare\boards\FreeRTOS0-Sunday\Demo\Tasks3\Debug\Obj\satelliteComms.o
#        C:\StellarisWare\boards\FreeRTOS0-Sunday\Demo\Tasks3\Debug\Obj\schedule.o
#        C:\StellarisWare\boards\FreeRTOS0-Sunday\Demo\Tasks3\Debug\Obj\solarPanelControl.o
#        C:\StellarisWare\boards\FreeRTOS0-Sunday\Demo\Tasks3\Debug\Obj\startup_ewarm.o
#        C:\StellarisWare\boards\FreeRTOS0-Sunday\Demo\Tasks3\Debug\Obj\tasks.o
#        C:\StellarisWare\boards\FreeRTOS0-Sunday\Demo\Tasks3\Debug\Obj\thrusterSub.o
#        C:\StellarisWare\boards\FreeRTOS0-Sunday\Demo\Tasks3\Debug\Obj\timer.o
#        C:\StellarisWare\boards\FreeRTOS0-Sunday\Demo\Tasks3\Debug\Obj\timertest.o
#        C:\StellarisWare\boards\FreeRTOS0-Sunday\Demo\Tasks3\Debug\Obj\transport.o
#        C:\StellarisWare\boards\FreeRTOS0-Sunday\Demo\Tasks3\Debug\Obj\uip.o
#        C:\StellarisWare\boards\FreeRTOS0-Sunday\Demo\Tasks3\Debug\Obj\uip_arp.o
#        C:\StellarisWare\boards\FreeRTOS0-Sunday\Demo\Tasks3\Debug\Obj\uIP_Task.o
#        C:\StellarisWare\boards\FreeRTOS0-Sunday\Demo\Tasks3\Debug\Obj\vehicleComms.o
#        C:\StellarisWare\boards\FreeRTOS0-Sunday\Demo\Tasks3\Debug\Obj\warningAlarm.o
#        --redirect _Printf=_PrintfSmall --redirect _Scanf=_ScanfSmall -o
#        C:\StellarisWare\boards\FreeRTOS0-Sunday\Demo\Tasks3\Debug\Exe\RTOSDemo.out
#        --map
#        C:\StellarisWare\boards\FreeRTOS0-Sunday\Demo\Tasks3\Debug\List\RTOSDemo.map
#        --config
#        C:\StellarisWare\boards\FreeRTOS0-Sunday\Demo\Tasks3\LM3Sxxxx.icf
#        C:\StellarisWare\boards\FreeRTOS0-Sunday\Demo\Tasks3\..\Common\drivers\LuminaryMicro\IAR\driverlib.a
#        C:\StellarisWare\boards\FreeRTOS0-Sunday\Demo\Tasks3\..\Common\drivers\LuminaryMicro\IAR\grlib.a
#        --entry __iar_program_start --vfe
#
###############################################################################

*******************************************************************************
*** MESSAGES
***

Warning[Lt010]: Inconsistent enum container size
          C:\StellarisWare\boards\FreeRTOS0-Sunday\Demo\Tasks3\Debug\Obj\lab4In
                    terrupt.o and 4 other objects uses smallest possible
          flash.o(driverlib.a) use word size


*******************************************************************************
*** RUNTIME MODEL ATTRIBUTES
***

CppFlavor       = *
__SystemLibrary = DLib


*******************************************************************************
*** PLACEMENT SUMMARY
***

"A1":  place at start of [0x00000000-0x0003ffff] { ro section .intvec };
"P1":  place in [from 0x00000000 to 0x0003ffff] { ro };
"P2":  place in [from 0x20000000 to 0x2000ffff] { rw, block HEAP };

  Section            Kind        Address    Size  Object
  -------            ----        -------    ----  ------
"A1":                                      0x100
  .intvec            const    0x00000000   0x100  startup_ewarm.o [1]
                            - 0x00000100   0x100

"P1":                                     0x3df3
  .text              ro code  0x00000100   0x744  tasks.o [1]
  .text              ro code  0x00000844    0xa0  port.o [1]
  .text              ro code  0x000008e4    0x92  list.o [1]
  .text              ro code  0x00000976    0x22  zero_init3.o [7]
  CODE               ro code  0x00000998    0x8c  portasm.o [1]
  .text              ro code  0x00000a24   0x430  main.o [1]
  .text              ro code  0x00000e54    0x62  memcmp_unaligned.o [7]
  .text              ro code  0x00000eb6    0x1a  xsnprout.o [3]
  .text              ro code  0x00000ed0    0xd8  heap_2.o [1]
  .text              ro code  0x00000fa8    0x6c  strncpy_unaligned.o [7]
  .text              ro code  0x00001014    0x3a  ABImemset48.o [7]
  .text              ro code  0x0000104e     0xa  xsprout.o [3]
  .text              ro code  0x00001058   0x2b0  lab4Interrupt.o [1]
  .text              ro code  0x00001308   0x3cc  queue.o [1]
  .text              ro code  0x000016d4    0x76  ABImemcpy_unaligned.o [7]
  .text              ro code  0x0000174a     0x6  startup_ewarm.o [1]
  .text              ro code  0x00001750    0xb4  timertest.o [1]
  .text              ro code  0x00001804   0x4cc  rit128x96x4.o [1]
  .text              ro code  0x00001cd0    0x34  sprintf.o [3]
  .text              ro code  0x00001d04    0x5e  ABImemset.o [7]
  .text              ro code  0x00001d64   0x2a4  sysctl.o [4]
  .text              ro code  0x00002008   0x19c  gpio.o [4]
  .text              ro code  0x000021a4    0x98  interrupt.o [4]
  .text              ro code  0x0000223c    0xc4  adc.o [4]
  .text              ro code  0x00002300    0xb8  uart.o [4]
  .text              ro code  0x000023b8    0x58  timer.o [4]
  .text              ro code  0x00002410    0x88  ssi.o [4]
  .text              ro code  0x00002498   0x4d8  xprintfsmall.o [3]
  CODE               ro code  0x00002970    0x14  cpu.o [4]
  .text              ro code  0x00002984    0x16  strchr.o [7]
  .text              ro code  0x0000299c    0x36  strlen.o [7]
  .text              ro code  0x000029d4    0x58  memchr.o [7]
  .text              ro code  0x00002a2c   0x274  oledDisplay.o [1]
  .text              ro code  0x00002ca0    0x44  snprintf.o [3]
  .text              ro code  0x00002ce4   0x23a  warningAlarm.o [1]
  .text              ro code  0x00002f20    0x88  pwm.o [4]
  .text              ro code  0x00002fa8   0x220  powerSub.o [1]
  .text              ro code  0x000031c8    0x30  I32ToDbl.o [6]
  .text              ro code  0x000031f8   0x1a2  DblMul.o [6]
  .text              ro code  0x0000339c    0x4c  DblToI32.o [6]
  .text              ro code  0x000033e8    0x2e  DblCmpLe.o [6]
  .text              ro code  0x00003418   0x1ec  IntQueue.o [1]
  .text              ro code  0x00003604   0x16c  DblSub.o [6]
  .text              ro code  0x00003770    0xe8  DblAdd.o [6]
  .text              ro code  0x00003858    0xe4  solarPanelControl.o [1]
  .text              ro code  0x0000393c    0xd0  packbits_init.o [7]
  .text              ro code  0x00003a0c     0x6  abort.o [3]
  .text              ro code  0x00003a14     0xc  XXexit.o [7]
  .text              ro code  0x00003a20    0xc0  vehicleComms.o [1]
  .text              ro code  0x00003ae0    0x8c  schedule.o [1]
  .text              ro code  0x00003b6c    0x80  randomInteger.o [1]
  .text              ro code  0x00003bec    0x7c  thrusterSub.o [1]
  .rodata            const    0x00003c68    0x5c  sysctl.o [4]
  .text              ro code  0x00003cc4    0x48  emac.o [1]
  .text              ro code  0x00003d0c    0x20  ethernet.o [4]
  .text              ro code  0x00003d2c    0x44  IntQueueTimer.o [1]
  .rodata            const    0x00003d70    0x40  interrupt.o [4]
  .text              ro code  0x00003db0    0x30  consoleKeyboard.o [1]
  .text              ro code  0x00003de0    0x2a  satelliteComms.o [1]
  .text              ro code  0x00003e0c    0x28  data_init.o [7]
  .iar.init_table    const    0x00003e34    0x2c  - Linker created -
  .text              ro code  0x00003e60    0x1a  cmain.o [7]
  .text              ro code  0x00003e7a     0x4  low_level_init.o [3]
  .text              ro code  0x00003e7e     0x4  exit.o [3]
  .text              ro code  0x00003e84     0xa  cexit.o [7]
  .rodata            const    0x00003e90    0x14  main.o [1]
  .rodata            const    0x00003ea4    0x10  sysctl.o [4]
  .rodata            const    0x00003eb4     0xc  sysctl.o [4]
  .text              ro code  0x00003ec0     0xc  cstartup_M.o [7]
  .text              ro code  0x00003ecc     0xa  transport.o [1]
  .rodata            const    0x00003ed6     0x0  zero_init3.o [7]
  .rodata            const    0x00003ed6     0x0  packbits_init.o [7]
  Initializer bytes  const    0x00003ed6    0x1d  <for P2 s0>
                            - 0x00003ef3  0x3df3

"P2":                                     0x6a70
  P2 s0                       0x20000000   0x114  <Init block>
    .data            inited   0x20000000    0x6c  tasks.o [1]
    .data            inited   0x2000006c    0x54  IntQueue.o [1]
    .data            inited   0x200000c0    0x40  main.o [1]
    .data            inited   0x20000100     0xc  heap_2.o [1]
    .data            inited   0x2000010c     0x4  port.o [1]
    .data            inited   0x20000110     0x4  solarPanelControl.o [1]
  .bss               zero     0x20000118  0x5dcc  heap_2.o [1]
  .bss               zero     0x20005ee4    0xc8  IntQueue.o [1]
  .bss               zero     0x20005fac    0xc8  IntQueue.o [1]
  .bss               zero     0x20006074    0xac  tasks.o [1]
  .bss               zero     0x20006120    0x40  main.o [1]
  .bss               zero     0x20006160    0x40  main.o [1]
  .bss               zero     0x200061a0    0x40  powerSub.o [1]
  .bss               zero     0x200061e0    0x2c  emac.o [1]
  .bss               zero     0x2000620c    0x28  main.o [1]
  .bss               zero     0x20006234    0x28  main.o [1]
  .bss               zero     0x2000625c    0x14  rit128x96x4.o [1]
  .bss               zero     0x20006270     0xc  timertest.o [1]
  .bss               zero     0x2000627c     0x8  main.o [1]
  .bss               zero     0x20006284     0x8  rit128x96x4.o [1]
  .bss               zero     0x2000628c     0x4  main.o [1]
  .bss               zero     0x20006290     0x4  main.o [1]
  .bss               zero     0x20006294     0x4  main.o [1]
  .bss               zero     0x20006298     0x4  thrusterSub.o [1]
  .bss               zero     0x2000629c     0x1  main.o [1]
  .bss               zero     0x2000629d     0x1  main.o [1]
  .noinit            uninit   0x200062a0   0x7d0  startup_ewarm.o [1]
                            - 0x20006a70  0x6a70


*******************************************************************************
*** INIT TABLE
***

          Address     Size
          -------     ----
Zero (__iar_zero_init3)
    1 destination range, total size 0x6186:
          0x20000118  0x6186

Copy/packbits (__iar_packbits_init3)
    1 source range, total size 0x1d (10% of destination):
          0x00003ed6    0x1d
    1 destination range, total size 0x114:
          0x20000000   0x114



*******************************************************************************
*** MODULE SUMMARY
***

    Module                 ro code  ro data  rw data
    ------                 -------  -------  -------
C:\StellarisWare\boards\FreeRTOS0-Sunday\Demo\Tasks3\Debug\Obj: [1]
    IntQueue.o                 492        9      484
    IntQueueTimer.o             68
    consoleKeyboard.o           48
    emac.o                      72                44
    heap_2.o                   216        2   24 024
    lab4Interrupt.o            688
    list.o                     146
    main.o                   1 072       26      294
    oledDisplay.o              628
    port.o                     160                 4
    portasm.o                  140
    powerSub.o                 544                64
    queue.o                    972
    randomInteger.o            128
    rit128x96x4.o            1 228                28
    satelliteComms.o            42
    schedule.o                 140
    solarPanelControl.o        228        1        4
    startup_ewarm.o              6      256    2 000
    tasks.o                  1 860       11      280
    thrusterSub.o              124                 4
    timertest.o                180                12
    transport.o                 10
    vehicleComms.o             192
    warningAlarm.o             570
    ------------------------------------------------
    Total:                   9 954      305   27 242

command line: [2]
    ------------------------------------------------
    Total:

dl7M_tln.a: [3]
    abort.o                      6
    exit.o                       4
    low_level_init.o             4
    snprintf.o                  68
    sprintf.o                   52
    xprintfsmall.o           1 240
    xsnprout.o                  26
    xsprout.o                   10
    ------------------------------------------------
    Total:                   1 410

driverlib.a: [4]
    adc.o                      196
    cpu.o                       20
    ethernet.o                  32
    gpio.o                     412
    interrupt.o                152       64
    pwm.o                      136
    ssi.o                      136
    sysctl.o                   676      120
    timer.o                     88
    uart.o                     184
    ------------------------------------------------
    Total:                   2 032      184

grlib.a: [5]
    ------------------------------------------------
    Total:

m7M_tl.a: [6]
    DblAdd.o                   232
    DblCmpLe.o                  46
    DblMul.o                   418
    DblSub.o                   364
    DblToI32.o                  76
    I32ToDbl.o                  48
    ------------------------------------------------
    Total:                   1 184

rt7M_tl.a: [7]
    ABImemcpy_unaligned.o      118
    ABImemset.o                 94
    ABImemset48.o               58
    XXexit.o                    12
    cexit.o                     10
    cmain.o                     26
    cstartup_M.o                12
    data_init.o                 40
    memchr.o                    88
    memcmp_unaligned.o          98
    packbits_init.o            208
    strchr.o                    22
    strlen.o                    54
    strncpy_unaligned.o        108
    zero_init3.o                34
    ------------------------------------------------
    Total:                     982

    Gaps                        18        2        6
    Linker created                       44
----------------------------------------------------
    Grand Total:            15 580      535   27 248


*******************************************************************************
*** ENTRY LIST
***

Entry                      Address    Size  Type      Object
-----                      -------    ----  ----      ------
.iar.init_table$$Base   0x00003e34           --   Gb  - Linker created -
.iar.init_table$$Limit  0x00003e60           --   Gb  - Linker created -
?main                   0x00003e61          Code  Gb  cmain.o [7]
ADC0IntHandler          0x000012f1     0x2  Code  Gb  lab4Interrupt.o [1]
ADC1IntHandler          0x000012f3     0x2  Code  Gb  lab4Interrupt.o [1]
ADC2IntHandler          0x000012f5     0x2  Code  Gb  lab4Interrupt.o [1]
ADCIntClear             0x00002261     0x8  Code  Gb  adc.o [4]
ADCIntEnable            0x0000223d    0x10  Code  Gb  adc.o [4]
ADCIntStatus            0x0000224d    0x12  Code  Gb  adc.o [4]
ADCProcessorTrigger     0x000022f9     0x8  Code  Gb  adc.o [4]
ADCSequenceConfigure    0x00002275    0x30  Code  Gb  adc.o [4]
ADCSequenceDataGet      0x000022d9    0x1e  Code  Gb  adc.o [4]
ADCSequenceEnable       0x00002269     0xc  Code  Gb  adc.o [4]
ADCSequenceStepConfigure
                        0x000022a5    0x34  Code  Gb  adc.o [4]
BATT_WARN_LEVEL         0x00003e92     0x2  Data  Gb  main.o [1]
CPUcpsid                0x00002971          Code  Gb  cpu.o [4]
CPUcpsie                0x00002979          Code  Gb  cpu.o [4]
CPUwfi                  0x00002981          Code  Gb  cpu.o [4]
EthernetIntClear        0x00003d29     0x4  Code  Gb  ethernet.o [4]
EthernetIntDisable      0x00003d0d     0xa  Code  Gb  ethernet.o [4]
EthernetIntStatus       0x00003d19     0xe  Code  Gb  ethernet.o [4]
FUEL_WARN_LEVEL         0x00003ea0     0x4  Data  Gb  main.o [1]
FaultISR                0x0000174d     0x2  Code  Lc  startup_ewarm.o [1]
GPIODirModeSet          0x00002009    0x1e  Code  Gb  gpio.o [4]
GPIOIntTypeSet          0x00002029    0x30  Code  Gb  gpio.o [4]
GPIOPadConfigSet        0x0000206d    0xac  Code  Gb  gpio.o [4]
GPIOPinIntClear         0x00002125     0x6  Code  Gb  gpio.o [4]
GPIOPinIntEnable        0x00002119     0xc  Code  Gb  gpio.o [4]
GPIOPinRead             0x0000212d     0x6  Code  Gb  gpio.o [4]
GPIOPinTypeGPIOInput    0x00002155    0x10  Code  Gb  gpio.o [4]
GPIOPinTypeGPIOOutput   0x00002165    0x10  Code  Gb  gpio.o [4]
GPIOPinTypePWM          0x00002175    0x10  Code  Gb  gpio.o [4]
GPIOPinTypeSSI          0x00002185    0x10  Code  Gb  gpio.o [4]
GPIOPinTypeUART         0x00002195    0x10  Code  Gb  gpio.o [4]
GPIOPinWrite            0x00002135     0x6  Code  Gb  gpio.o [4]
HALF_BATT_LEVEL         0x00003e90     0x2  Data  Gb  main.o [1]
HALF_FUEL_LEVEL         0x00003e9c     0x4  Data  Gb  main.o [1]
InStream_Read           0x0000393d    0x22  Code  Lc  packbits_init.o [7]
IntDefaultHandler       0x0000174f     0x2  Code  Lc  startup_ewarm.o [1]
IntEnable               0x000021d5    0x60  Code  Gb  interrupt.o [4]
IntGPIOa                0x00001259    0x12  Code  Gb  lab4Interrupt.o [1]
IntGPIOd                0x00001273    0x2c  Code  Gb  lab4Interrupt.o [1]
IntMasterEnable         0x000021a5     0xa  Code  Gb  interrupt.o [4]
IntPrioritySet          0x000021b1    0x20  Code  Gb  interrupt.o [4]
LoadInt                 0x00002821    0x4c  Code  Lc  xprintfsmall.o [3]
MAX_FUEL_LEVEL          0x00003e98     0x4  Data  Gb  main.o [1]
NmiSR                   0x0000174b     0x2  Code  Lc  startup_ewarm.o [1]
PWMGenConfigure         0x00002f21    0x30  Code  Gb  pwm.o [4]
PWMGenEnable            0x00002f69     0xc  Code  Gb  pwm.o [4]
PWMGenPeriodSet         0x00002f51    0x18  Code  Gb  pwm.o [4]
PWMOutputState          0x00002f95    0x14  Code  Gb  pwm.o [4]
PWMPulseWidthSet        0x00002f75    0x1e  Code  Gb  pwm.o [4]
RIT128x96x4Clear        0x00001873    0x38  Code  Gb  rit128x96x4.o [1]
RIT128x96x4Enable       0x0000196b    0x4a  Code  Gb  rit128x96x4.o [1]
RIT128x96x4Init         0x000019c3    0x92  Code  Gb  rit128x96x4.o [1]
RIT128x96x4StringDraw   0x000018ab    0xa6  Code  Gb  rit128x96x4.o [1]
RITWriteCommand         0x00001805    0x32  Code  Lc  rit128x96x4.o [1]
RITWriteData            0x00001837    0x32  Code  Lc  rit128x96x4.o [1]
Region$$Table$$Base     0x00003e34           --   Gb  - Linker created -
Region$$Table$$Limit    0x00003e60           --   Gb  - Linker created -
SSIConfigSetExpClk      0x00002411    0x42  Code  Gb  ssi.o [4]
SSIDataGet              0x00002479     0xc  Code  Gb  ssi.o [4]
SSIDataGetNonBlocking   0x00002485    0x12  Code  Gb  ssi.o [4]
SSIDataPut              0x0000246d     0xa  Code  Gb  ssi.o [4]
SSIDisable              0x00002461     0xc  Code  Gb  ssi.o [4]
SSIEnable               0x00002455     0xc  Code  Gb  ssi.o [4]
SysCtlClockGet          0x00001ec5   0x130  Code  Gb  sysctl.o [4]
SysCtlClockSet          0x00001db5   0x108  Code  Gb  sysctl.o [4]
SysCtlDelay             0x00001dad     0x8  Code  Gb  sysctl.o [4]
SysCtlPWMClockSet       0x00001ff5    0x14  Code  Gb  sysctl.o [4]
SysCtlPeripheralEnable  0x00001d89    0x12  Code  Gb  sysctl.o [4]
SysCtlPeripheralPresent
                        0x00001d65    0x24  Code  Gb  sysctl.o [4]
Timer0IntHandler        0x000017b9    0x32  Code  Gb  timertest.o [1]
TimerConfigure          0x000023cd    0x24  Code  Gb  timer.o [4]
TimerEnable             0x000023b9     0xe  Code  Gb  timer.o [4]
TimerIntClear           0x0000240d     0x4  Code  Gb  timer.o [4]
TimerIntEnable          0x00002401     0xa  Code  Gb  timer.o [4]
TimerLoadSet            0x000023f1    0x10  Code  Gb  timer.o [4]
UARTCharGetNonBlocking  0x00002381    0x10  Code  Gb  uart.o [4]
UARTCharPut             0x00002391     0xa  Code  Gb  uart.o [4]
UARTCharsAvail          0x00002371    0x10  Code  Gb  uart.o [4]
UARTConfigSetExpClk     0x00002301    0x30  Code  Gb  uart.o [4]
UARTDisable             0x0000234d    0x24  Code  Gb  uart.o [4]
UARTEnable              0x00002331    0x1c  Code  Gb  uart.o [4]
UARTIntClear            0x000023b5     0x4  Code  Gb  uart.o [4]
UARTIntEnable           0x0000239d     0xa  Code  Gb  uart.o [4]
UARTIntHandler          0x00001221    0x38  Code  Gb  lab4Interrupt.o [1]
UARTIntStatus           0x000023a9     0xa  Code  Gb  uart.o [4]
UARTSend                0x00001205    0x1c  Code  Gb  lab4Interrupt.o [1]
_LitobSmall             0x0000286d    0xce  Code  Lc  xprintfsmall.o [3]
_PrintfSmall            0x00002499   0x382  Code  Gb  xprintfsmall.o [3]
_PutcharsSmall          0x0000293b    0x2e  Code  Lc  xprintfsmall.o [3]
_SNProut                0x00000eb7    0x1a  Code  Gb  xsnprout.o [3]
_SProut                 0x0000104f     0xa  Code  Gb  xsprout.o [3]
__aeabi_cdcmple         0x000033e9          Code  Gb  DblCmpLe.o [6]
__aeabi_d2iz            0x0000339d          Code  Gb  DblToI32.o [6]
__aeabi_dadd            0x00003771          Code  Gb  DblAdd.o [6]
__aeabi_dmul            0x000031f9          Code  Gb  DblMul.o [6]
__aeabi_i2d             0x000031c9          Code  Gb  I32ToDbl.o [6]
__aeabi_memset4         0x00001015          Code  Gb  ABImemset48.o [7]
__aeabi_memset8         0x00001015          Code  Gb  ABImemset48.o [7]
__aeabi_ui2d            0x000031dd          Code  Gb  I32ToDbl.o [6]
__cmain                 0x00003e61          Code  Gb  cmain.o [7]
__exit                  0x00003a15          Code  Gb  XXexit.o [7]
__iar_Memchr            0x000029d5          Code  Gb  memchr.o [7]
__iar_Memset4_word      0x0000101d          Code  Gb  ABImemset48.o [7]
__iar_Memset8_word      0x0000101d          Code  Gb  ABImemset48.o [7]
__iar_Memset_word       0x00001d05          Code  Gb  ABImemset.o [7]
__iar_Strchr            0x00002985          Code  Gb  strchr.o [7]
__iar_d2uiz             0x000033c9          Code  Gb  DblToI32.o [6]
__iar_dadd              0x00003785          Code  Gb  DblAdd.o [6]
__iar_data_init3        0x00003e0d    0x28  Code  Gb  data_init.o [7]
__iar_dsub              0x00003605          Code  Gb  DblSub.o [6]
__iar_dsubStart         0x00003617          Code  Gb  DblSub.o [6]
__iar_packbits_init3    0x0000395f    0xae  Code  Gb  packbits_init.o [7]
__iar_program_start     0x00003ec1          Code  Gb  cstartup_M.o [7]
__iar_ui2d              0x000031e1          Code  Gb  I32ToDbl.o [6]
__iar_unaligned___aeabi_memcpy
                        0x000016d5          Code  Gb  ABImemcpy_unaligned.o [7]
__iar_unaligned___aeabi_memcpy4
                        0x000016f5          Code  Gb  ABImemcpy_unaligned.o [7]
__iar_unaligned___aeabi_memcpy8
                        0x000016f5          Code  Gb  ABImemcpy_unaligned.o [7]
__iar_unaligned_memcmp  0x00000e55          Code  Gb  memcmp_unaligned.o [7]
__iar_unaligned_strncpy
                        0x00000fa9          Code  Gb  strncpy_unaligned.o [7]
__iar_zero_init3        0x00000977    0x22  Code  Gb  zero_init3.o [7]
__low_level_init        0x00003e7b     0x4  Code  Gb  low_level_init.o [3]
__vector_table          0x00000000   0x100  Data  Gb  startup_ewarm.o [1]
_call_main              0x00003e6d          Code  Gb  cmain.o [7]
_exit                   0x00003e85          Code  Gb  cexit.o [7]
_main                   0x00003e77          Code  Gb  cmain.o [7]
abort                   0x00003a0d     0x6  Code  Gb  abort.o [3]
battLow                 0x20006213     0x1  Data  Gb  main.o [1]
battOverTemp            0x2000620c     0x1  Data  Gb  main.o [1]
battTempArray0          0x20006120    0x40  Data  Gb  main.o [1]
battTempArray1          0x20006160    0x40  Data  Gb  main.o [1]
batteryLevelArray       0x200000c0    0x40  Data  Gb  main.o [1]
blinkTimer10            0x20006222     0x2  Data  Gb  main.o [1]
blinkTimer8             0x20006220     0x2  Data  Gb  main.o [1]
consoleKeyboard         0x00003db1    0x30  Code  Gb  consoleKeyboard.o [1]
consoleKeyboardHandle   0x20006238     0x4  Data  Gb  main.o [1]
enableADC               0x00001141    0x6e  Code  Gb  lab4Interrupt.o [1]
enableGPIO              0x0000105f    0xe2  Code  Gb  lab4Interrupt.o [1]
enableSysClock          0x00001059     0x6  Code  Gb  lab4Interrupt.o [1]
enableUART              0x000011c1    0x44  Code  Gb  lab4Interrupt.o [1]
exit                    0x00003e7f     0x4  Code  Gb  exit.o [3]
fuelLevel               0x2000622c     0x4  Data  Gb  main.o [1]
fuelLevellll            0x20006290     0x4  Data  Gb  main.o [1]
fuelLow                 0x20006212     0x1  Data  Gb  main.o [1]
g_bSSIEnabled           0x2000625c     0x1  Data  Lc  rit128x96x4.o [1]
g_pucBuffer             0x20006284     0x8  Data  Lc  rit128x96x4.o [1]
g_pucFont               0x00001a98   0x1e0  Data  Lc  rit128x96x4.o [1]
g_pucRIT128x96x4HorizontalInc
                        0x00001a94     0x2  Data  Lc  rit128x96x4.o [1]
g_pucRIT128x96x4Init    0x00001c78    0x50  Data  Lc  rit128x96x4.o [1]
g_pucRIT128x96x4VerticalInc
                        0x00001a90     0x2  Data  Lc  rit128x96x4.o [1]
g_pulDCRegs             0x00003ea4    0x10  Data  Lc  sysctl.o [4]
g_pulRCGCRegs           0x00003eb4     0xc  Data  Lc  sysctl.o [4]
g_pulRegs               0x00003d70    0x40  Data  Lc  interrupt.o [4]
g_pulXtals              0x00003c68    0x5c  Data  Lc  sysctl.o [4]
globalCount             0x2000621e     0x2  Data  Gb  main.o [1]
hasNewKeyboardInput     0x20006215     0x1  Data  Gb  main.o [1]
initializeGlobalVariables
                        0x00000cdf    0x38  Code  Gb  main.o [1]
isMajorCycle            0x20006214     0x1  Data  Gb  main.o [1]
main                    0x00000a25   0x1ac  Code  Gb  main.o [1]
max                     0x00000db9     0x2  Code  Gb  main.o [1]
memchr                  0x000029d5          Code  Gb  memchr.o [7]
oledDisplay             0x00002a2d   0x156  Code  Gb  oledDisplay.o [1]
panelDeploy             0x2000620e     0x1  Data  Gb  main.o [1]
panelDone               0x2000629c     0x1  Data  Gb  main.o [1]
panelMotorSpeedDown     0x20006211     0x1  Data  Gb  main.o [1]
panelMotorSpeedUp       0x20006210     0x1  Data  Gb  main.o [1]
panelRetract            0x2000620f     0x1  Data  Gb  main.o [1]
panelState              0x2000620d     0x1  Data  Gb  main.o [1]
pcTraceBuffer           0x200060f4     0x4  Data  Lc  tasks.o [1]
pcTraceBufferEnd        0x20000060     0x4  Data  Lc  tasks.o [1]
pcTraceBufferStart      0x2000005c     0x4  Data  Lc  tasks.o [1]
powerConsumption        0x20006218     0x2  Data  Gb  main.o [1]
powerGeneration         0x2000621a     0x2  Data  Gb  main.o [1]
powerSub                0x00002fa9   0x1d2  Code  Gb  powerSub.o [1]
prvAddCurrentTaskToDelayedList
                        0x000006fb    0x34  Code  Lc  tasks.o [1]
prvAllocateTCBAndStack  0x0000072f    0x36  Code  Lc  tasks.o [1]
prvCopyDataFromQueue    0x0000163f    0x26  Code  Lc  queue.o [1]
prvCopyDataToQueue      0x000015e3    0x5c  Code  Lc  queue.o [1]
prvIdleTask             0x00000671    0x4c  Code  Lc  tasks.o [1]
prvInitialiseTCBVariables
                        0x000006bd    0x3e  Code  Lc  tasks.o [1]
prvQueueAccessLogError  0x00003453     0xc  Code  Lc  IntQueue.o [1]
prvRecordValue_NormallyEmpty
                        0x00003435    0x1e  Code  Lc  IntQueue.o [1]
prvRecordValue_NormallyFull
                        0x00003419    0x1c  Code  Lc  IntQueue.o [1]
prvUnlockQueue          0x00001665    0x60  Code  Lc  queue.o [1]
pulStack                0x200062a0   0x7d0  Data  Lc  startup_ewarm.o [1]
pulsecount              0x20006230     0x4  Data  Gb  main.o [1]
pvPortMalloc            0x00000ed1    0x9e  Code  Gb  heap_2.o [1]
pxCurrentTCB            0x20006074     0x4  Data  Gb  tasks.o [1]
pxDelayedTaskList       0x200060dc     0x4  Data  Lc  tasks.o [1]
pxOverflowDelayedTaskList
                        0x200060e0     0x4  Data  Lc  tasks.o [1]
pxPortInitialiseStack   0x00000845    0x1a  Code  Gb  port.o [1]
pxReadyTasksLists       0x20006078    0x64  Data  Lc  tasks.o [1]
randomInteger           0x00003b6d    0x80  Code  Gb  randomInteger.o [1]
satelliteComms          0x00003de1    0x2a  Code  Gb  satelliteComms.o [1]
schedule                0x00003ae1    0x78  Code  Gb  schedule.o [1]
snprintf                0x00002ca1    0x44  Code  Gb  snprintf.o [3]
solarPanelControl       0x00003859    0xe4  Code  Gb  solarPanelControl.o [1]
solarPanelHandle        0x20006234     0x4  Data  Gb  main.o [1]
sprintf                 0x00001cd1    0x34  Code  Gb  sprintf.o [3]
strchr                  0x00002985          Code  Gb  strchr.o [7]
strlen                  0x0000299d          Code  Gb  strlen.o [7]
tempAlarm               0x20006224     0x2  Data  Gb  main.o [1]
thrust                  0x2000621c     0x2  Data  Gb  main.o [1]
thrusterSub             0x00003bed    0x70  Code  Gb  thrusterSub.o [1]
transport               0x00003ecd     0xa  Code  Gb  transport.o [1]
transportDistance       0x20006228     0x4  Data  Gb  main.o [1]
transportTimeArray      0x2000627c     0x8  Data  Gb  main.o [1]
transportTimeElement    0x20006216     0x2  Data  Gb  main.o [1]
ucNormallyEmptyReceivedValues
                        0x20005ee4    0xc8  Data  Lc  IntQueue.o [1]
ucNormallyFullReceivedValues
                        0x20005fac    0xc8  Data  Lc  IntQueue.o [1]
uip_buf                 0x200061e8     0x4  Data  Gb  emac.o [1]
ulGPIOBase              0x20006264     0x4  Data  Gb  rit128x96x4.o [1]
ulGPIOId                0x20006260     0x4  Data  Gb  rit128x96x4.o [1]
ulMaxJitter             0x20006270     0x4  Data  Gb  timertest.o [1]
ulNextTxSpace           0x20006200     0x4  Data  Lc  emac.o [1]
ulOLEDDC_PIN            0x20006268     0x4  Data  Gb  rit128x96x4.o [1]
ulOLEDEN_PIN            0x2000626c     0x4  Data  Gb  rit128x96x4.o [1]
ulRxLength              0x200061ec    0x14  Data  Lc  emac.o [1]
usTaskCheckFreeStackSpace
                        0x00000765    0x14  Code  Lc  tasks.o [1]
uxCriticalNesting       0x2000010c     0x4  Data  Lc  port.o [1]
uxCurrentNumberOfTasks  0x200060e4     0x4  Data  Lc  tasks.o [1]
uxHighPriorityLoops1    0x20000074     0x4  Data  Lc  IntQueue.o [1]
uxHighPriorityLoops2    0x20000078     0x4  Data  Lc  IntQueue.o [1]
uxLowPriorityLoops1     0x2000007c     0x4  Data  Lc  IntQueue.o [1]
uxLowPriorityLoops2     0x20000080     0x4  Data  Lc  IntQueue.o [1]
uxMissedTicks           0x20000048     0x4  Data  Lc  tasks.o [1]
uxPreviousTask          0x20000068     0x4  Data  Lc  tasks.o [1]
uxSchedulerSuspended    0x200060f0     0x4  Data  Lc  tasks.o [1]
uxTaskGetStackHighWaterMark
                        0x00000779     0xa  Code  Gb  tasks.o [1]
uxTaskNumber            0x20000054     0x4  Data  Lc  tasks.o [1]
uxTasksDeleted          0x20000028     0x4  Data  Lc  tasks.o [1]
uxTopReadyPriority      0x200060ec     0x4  Data  Lc  tasks.o [1]
uxTopUsedPriority       0x20000040     0x4  Data  Lc  tasks.o [1]
uxValueForNormallyEmptyQueue
                        0x20000090     0x4  Data  Gb  IntQueue.o [1]
uxValueForNormallyFullQueue
                        0x20000094     0x4  Data  Gb  IntQueue.o [1]
vApplicationStackOverflowHook
                        0x00000d61     0x2  Code  Gb  main.o [1]
vApplicationTickHook    0x00000d63    0x14  Code  Gb  main.o [1]
vEMAC_ISR               0x00003cc5    0x3e  Code  Gb  emac.o [1]
vListInitialise         0x000008e5    0x1a  Code  Gb  list.o [1]
vListInitialiseItem     0x000008ff     0x6  Code  Gb  list.o [1]
vListInsert             0x00000921    0x32  Code  Gb  list.o [1]
vListInsertEnd          0x00000905    0x1c  Code  Gb  list.o [1]
vListRemove             0x00000953    0x24  Code  Gb  list.o [1]
vOLEDTask               0x00000d19    0x48  Code  Lc  main.o [1]
vPortClearInterruptMask
                        0x000009e3          Code  Gb  portasm.o [1]
vPortEnterCritical      0x00000897    0x10  Code  Gb  port.o [1]
vPortExitCritical       0x000008a7    0x10  Code  Gb  port.o [1]
vPortFree               0x00000f6f    0x32  Code  Gb  heap_2.o [1]
vPortSVCHandler         0x000009f1          Code  Gb  portasm.o [1]
vPortSetInterruptMask   0x000009d5          Code  Gb  portasm.o [1]
vPortStartFirstTask     0x00000a0d          Code  Gb  portasm.o [1]
vPortYieldFromISR       0x0000088d     0xa  Code  Gb  port.o [1]
vSetMSP                 0x00000999          Code  Gb  portasm.o [1]
vSetupHighFrequencyTimer
                        0x00001751    0x68  Code  Gb  timertest.o [1]
vT2InterruptHandler     0x00003d2d    0x1c  Code  Gb  IntQueueTimer.o [1]
vT3InterruptHandler     0x00003d49    0x1c  Code  Gb  IntQueueTimer.o [1]
vTaskDelay              0x0000020d    0x2e  Code  Gb  tasks.o [1]
vTaskIncrementTick      0x0000040d    0xa8  Code  Gb  tasks.o [1]
vTaskMissedYield        0x00000667     0x8  Code  Gb  tasks.o [1]
vTaskPlaceOnEventList   0x00000581    0x34  Code  Gb  tasks.o [1]
vTaskPriorityDisinherit
                        0x000007d9    0x38  Code  Gb  tasks.o [1]
vTaskPriorityInherit    0x00000789    0x50  Code  Gb  tasks.o [1]
vTaskResume             0x000002c3    0x48  Code  Gb  tasks.o [1]
vTaskSetTimeOutState    0x0000060f     0xe  Code  Gb  tasks.o [1]
vTaskStartScheduler     0x0000030b    0x44  Code  Gb  tasks.o [1]
vTaskSuspend            0x0000023b    0x68  Code  Gb  tasks.o [1]
vTaskSuspendAll         0x0000034f     0xc  Code  Gb  tasks.o [1]
vTaskSwitchContext      0x000004bd    0xb8  Code  Gb  tasks.o [1]
vehicleCommand          0x2000629d     0x1  Data  Gb  main.o [1]
vehicleComms            0x00003a21    0x80  Code  Gb  vehicleComms.o [1]
vehicleResponse         0x2000628c     0x4  Data  Gb  main.o [1]
warningAlarm            0x00002ce5   0x204  Code  Gb  warningAlarm.o [1]
xDelayedTaskList1       0x200060f8    0x14  Data  Lc  tasks.o [1]
xDelayedTaskList2       0x2000610c    0x14  Data  Lc  tasks.o [1]
xEMACSemaphore          0x200061e0     0x4  Data  Gb  emac.o [1]
xEnd                    0x20000118     0x8  Data  Lc  heap_2.o [1]
xErrorLine              0x20000088     0x4  Data  Lc  IntQueue.o [1]
xErrorStatus            0x20000084     0x4  Data  Lc  IntQueue.o [1]
xFirstTimerHandler      0x00003461    0x78  Code  Gb  IntQueue.o [1]
xFreeBytesRemaining     0x20000108     0x4  Data  Lc  heap_2.o [1]
xHeap                   0x20000120  0x5dc0  Data  Lc  heap_2.o [1]
xHighPriorityNormallyEmptyTask1
                        0x20000098     0x4  Data  Gb  IntQueue.o [1]
xHighPriorityNormallyEmptyTask2
                        0x2000009c     0x4  Data  Gb  IntQueue.o [1]
xHighPriorityNormallyFullTask1
                        0x200000a0     0x4  Data  Gb  IntQueue.o [1]
xHighPriorityNormallyFullTask2
                        0x200000a4     0x4  Data  Gb  IntQueue.o [1]
xMACInterruptSemaphore  0x200061e4     0x4  Data  Gb  emac.o [1]
xMissedYield            0x2000004c     0x4  Data  Lc  tasks.o [1]
xNextTaskUnblockTime    0x20000058     0x4  Data  Lc  tasks.o [1]
xNormallyEmptyQueue     0x2000006c     0x4  Data  Lc  IntQueue.o [1]
xNormallyFullQueue      0x20000070     0x4  Data  Lc  IntQueue.o [1]
xNumOfOverflows         0x20000050     0x4  Data  Lc  tasks.o [1]
xOLEDQueue              0x2000623c     0x4  Data  Gb  main.o [1]
xPendingReadyList       0x20000000    0x14  Data  Lc  tasks.o [1]
xPortPendSVHandler      0x0000099f          Code  Gb  portasm.o [1]
xPortStartScheduler     0x0000085f    0x2e  Code  Gb  port.o [1]
xPortSysTickHandler     0x000008b7    0x1a  Code  Gb  port.o [1]
xQueueCreate            0x00001309    0x5a  Code  Gb  queue.o [1]
xQueueGenericReceive    0x0000148d    0xf8  Code  Gb  queue.o [1]
xQueueGenericSend       0x00001373    0xcc  Code  Gb  queue.o [1]
xQueueGenericSendFromISR
                        0x0000143f    0x4e  Code  Gb  queue.o [1]
xQueueIsQueueFullFromISR
                        0x000016c5    0x10  Code  Gb  queue.o [1]
xQueueReceiveFromISR    0x00001597    0x4c  Code  Gb  queue.o [1]
xSchedulerRunning       0x20000044     0x4  Data  Lc  tasks.o [1]
xSecondTimerHandler     0x000034d9    0xd0  Code  Gb  IntQueue.o [1]
xStart                  0x20000100     0x8  Data  Lc  heap_2.o [1]
xSuspendedTaskList      0x2000002c    0x14  Data  Lc  tasks.o [1]
xTaskCheckForTimeOut    0x0000061d    0x4a  Code  Gb  tasks.o [1]
xTaskGenericCreate      0x00000101   0x10c  Code  Gb  tasks.o [1]
xTaskGetCurrentTaskHandle
                        0x00000783     0x6  Code  Gb  tasks.o [1]
xTaskGetTickCountFromISR
                        0x000003f1    0x14  Code  Gb  tasks.o [1]
xTaskIsTaskSuspended    0x000002a3    0x20  Code  Gb  tasks.o [1]
xTaskRemoveFromEventList
                        0x000005b5    0x3e  Code  Gb  tasks.o [1]
xTaskResumeAll          0x0000035b    0x96  Code  Gb  tasks.o [1]
xTasksWaitingTermination
                        0x20000014    0x14  Data  Lc  tasks.o [1]
xTickCount              0x200060e8     0x4  Data  Lc  tasks.o [1]
xTracing                0x20000064     0x4  Data  Lc  tasks.o [1]
xWasSuspended           0x2000008c     0x4  Data  Lc  IntQueue.o [1]


[1] = C:\StellarisWare\boards\FreeRTOS0-Sunday\Demo\Tasks3\Debug\Obj
[2] = command line
[3] = dl7M_tln.a
[4] = driverlib.a
[5] = grlib.a
[6] = m7M_tl.a
[7] = rt7M_tl.a

  15 580 bytes of readonly  code memory
     535 bytes of readonly  data memory
  27 248 bytes of readwrite data memory

Errors: none
Warnings: 1
