###############################################################################
#
# IAR ELF Linker V7.30.4.8167/W32 for ARM                 19/Aug/2015  15:32:55
# Copyright 2007-2014 IAR Systems AB.
#
#    Output file  =  
#        C:\StellarisWare\boards\Lab5\Demo\Tasks3\Debug\Exe\RTOSDemo.out
#    Map file     =  
#        C:\StellarisWare\boards\Lab5\Demo\Tasks3\Debug\List\RTOSDemo.map
#    Command line =  
#        C:\StellarisWare\boards\Lab5\Demo\Tasks3\Debug\Obj\consoleKeyboard.o
#        C:\StellarisWare\boards\Lab5\Demo\Common\drivers\LuminaryMicro\IAR\driverlib.a
#        C:\StellarisWare\boards\Lab5\Demo\Tasks3\Debug\Obj\emac.o
#        C:\StellarisWare\boards\Lab5\Demo\Common\drivers\LuminaryMicro\IAR\grlib.a
#        C:\StellarisWare\boards\Lab5\Demo\Tasks3\Debug\Obj\heap_2.o
#        C:\StellarisWare\boards\Lab5\Demo\Tasks3\Debug\Obj\http-strings.o
#        C:\StellarisWare\boards\Lab5\Demo\Tasks3\Debug\Obj\httpd-cgi.o
#        C:\StellarisWare\boards\Lab5\Demo\Tasks3\Debug\Obj\httpd-fs.o
#        C:\StellarisWare\boards\Lab5\Demo\Tasks3\Debug\Obj\httpd.o
#        C:\StellarisWare\boards\Lab5\Demo\Tasks3\Debug\Obj\imageCapture.o
#        C:\StellarisWare\boards\Lab5\Demo\Tasks3\Debug\Obj\lab4Interrupt.o
#        C:\StellarisWare\boards\Lab5\Demo\Tasks3\Debug\Obj\list.o
#        C:\StellarisWare\boards\Lab5\Demo\Tasks3\Debug\Obj\main.o
#        C:\StellarisWare\boards\Lab5\Demo\Tasks3\Debug\Obj\oledDisplay.o
#        C:\StellarisWare\boards\Lab5\Demo\Tasks3\Debug\Obj\optfft.o
#        C:\StellarisWare\boards\Lab5\Demo\Tasks3\Debug\Obj\pirates.o
#        C:\StellarisWare\boards\Lab5\Demo\Tasks3\Debug\Obj\port.o
#        C:\StellarisWare\boards\Lab5\Demo\Tasks3\Debug\Obj\portasm.o
#        C:\StellarisWare\boards\Lab5\Demo\Tasks3\Debug\Obj\powerSub.o
#        C:\StellarisWare\boards\Lab5\Demo\Tasks3\Debug\Obj\psock.o
#        C:\StellarisWare\boards\Lab5\Demo\Tasks3\Debug\Obj\queue.o
#        C:\StellarisWare\boards\Lab5\Demo\Tasks3\Debug\Obj\randomInteger.o
#        C:\StellarisWare\boards\Lab5\Demo\Tasks3\Debug\Obj\rit128x96x4.o
#        C:\StellarisWare\boards\Lab5\Demo\Tasks3\Debug\Obj\satelliteComms.o
#        C:\StellarisWare\boards\Lab5\Demo\Tasks3\Debug\Obj\schedule.o
#        C:\StellarisWare\boards\Lab5\Demo\Tasks3\Debug\Obj\solarPanelControl.o
#        C:\StellarisWare\boards\Lab5\Demo\Tasks3\Debug\Obj\startup_ewarm.o
#        C:\StellarisWare\boards\Lab5\Demo\Tasks3\Debug\Obj\tasks.o
#        C:\StellarisWare\boards\Lab5\Demo\Tasks3\Debug\Obj\thrusterSub.o
#        C:\StellarisWare\boards\Lab5\Demo\Tasks3\Debug\Obj\timer.o
#        C:\StellarisWare\boards\Lab5\Demo\Tasks3\Debug\Obj\transport.o
#        C:\StellarisWare\boards\Lab5\Demo\Tasks3\Debug\Obj\uip.o
#        C:\StellarisWare\boards\Lab5\Demo\Tasks3\Debug\Obj\uip_arp.o
#        C:\StellarisWare\boards\Lab5\Demo\Tasks3\Debug\Obj\uIP_Task.o
#        C:\StellarisWare\boards\Lab5\Demo\Tasks3\Debug\Obj\vehicleComms.o
#        C:\StellarisWare\boards\Lab5\Demo\Tasks3\Debug\Obj\warningAlarm.o
#        --redirect _Printf=_PrintfSmall --redirect _Scanf=_ScanfSmall -o
#        C:\StellarisWare\boards\Lab5\Demo\Tasks3\Debug\Exe\RTOSDemo.out --map
#        C:\StellarisWare\boards\Lab5\Demo\Tasks3\Debug\List\RTOSDemo.map
#        --config C:\StellarisWare\boards\Lab5\Demo\Tasks3\LM3Sxxxx.icf
#        C:\StellarisWare\boards\Lab5\Demo\Tasks3\..\Common\drivers\LuminaryMicro\IAR\driverlib.a
#        C:\StellarisWare\boards\Lab5\Demo\Tasks3\..\Common\drivers\LuminaryMicro\IAR\grlib.a
#        --entry __iar_program_start --vfe
#
###############################################################################

*******************************************************************************
*** MESSAGES
***

Warning[Lt010]: Inconsistent enum container size
          C:\StellarisWare\boards\Lab5\Demo\Tasks3\Debug\Obj\lab4Interrupt.o
                    and 5 other objects uses smallest possible
          flash.o(driverlib.a) use word size


*******************************************************************************
*** RUNTIME MODEL ATTRIBUTES
***

CppFlavor       = *
__SystemLibrary = DLib


*******************************************************************************
*** PLACEMENT SUMMARY
***

"A1":  place at start of [0x00000000-0x0003ffff] { ro section .intvec };
"P1":  place in [from 0x00000000 to 0x0003ffff] { ro };
"P2":  place in [from 0x20000000 to 0x2000ffff] { rw, block HEAP };

  Section            Kind        Address    Size  Object
  -------            ----        -------    ----  ------
"A1":                                      0x100
  .intvec            const    0x00000000   0x100  startup_ewarm.o [1]
                            - 0x00000100   0x100

"P1":                                     0x84b0
  .rodata            const    0x00000100  0x1470  httpd-fs.o [1]
  .text              ro code  0x00001570   0xb30  uip.o [1]
  .text              ro code  0x000020a0     0x6  ABImemclr4.o [6]
  .text              ro code  0x000020a6    0x2e  copy_init3.o [6]
  .text              ro code  0x000020d4   0x4f0  httpd.o [1]
  .text              ro code  0x000025c4    0x76  ABImemcpy_unaligned.o [6]
  .text              ro code  0x0000263a    0x22  zero_init3.o [6]
  .text              ro code  0x0000265c    0x3a  ABImemset48.o [6]
  .text              ro code  0x00002696    0x1a  xsnprout.o [3]
  .text              ro code  0x000026b0   0x250  psock.o [1]
  .text              ro code  0x00002900    0x94  httpd-fs.o [1]
  .text              ro code  0x00002994   0x3d4  httpd-cgi.o [1]
  .text              ro code  0x00002d68    0x16  strchr.o [6]
  .text              ro code  0x00002d7e    0x18  strrchr.o [3]
  .text              ro code  0x00002d96    0x2a  strncmp.o [3]
  .text              ro code  0x00002dc0    0x36  strlen.o [6]
  .text              ro code  0x00002df6     0xa  xsprout.o [3]
  .text              ro code  0x00002e00    0x44  strcpy_unaligned.o [6]
  .text              ro code  0x00002e44   0x244  uIP_Task.o [1]
  .text              ro code  0x00003088    0x6c  strncpy_unaligned.o [6]
  .text              ro code  0x000030f4    0x44  snprintf.o [3]
  .text              ro code  0x00003138    0x34  sprintf.o [3]
  .text              ro code  0x0000316c   0x844  tasks.o [1]
  .text              ro code  0x000039b0    0x1c  strcat.o [3]
  .text              ro code  0x000039cc   0x2dc  sysctl.o [4]
  .text              ro code  0x00003ca8   0x370  queue.o [1]
  .text              ro code  0x00004018    0x32  timer.o [1]
  .text              ro code  0x0000404a     0x6  startup_ewarm.o [1]
  .text              ro code  0x00004050   0x1f4  emac.o [1]
  .text              ro code  0x00004244   0x318  uip_arp.o [1]
  .text              ro code  0x0000455c    0x38  flash.o [4]
  .text              ro code  0x00004594    0xe4  ethernet.o [4]
  .text              ro code  0x00004678     0x4  uIP_Task.o [1]
  .text              ro code  0x0000467c    0x66  ABImemset.o [6]
  .text              ro code  0x000046e4   0x4d8  xprintfsmall.o [3]
  .text              ro code  0x00004bbc    0xa0  port.o [1]
  .text              ro code  0x00004c5c    0x92  list.o [1]
  CODE               ro code  0x00004cf0    0x8c  portasm.o [1]
  .text              ro code  0x00004d7c   0x500  main.o [1]
  .text              ro code  0x0000527c    0x62  memcmp_unaligned.o [6]
  .text              ro code  0x000052e0    0xd8  heap_2.o [1]
  .text              ro code  0x000053b8    0xa4  interrupt.o [4]
  .text              ro code  0x0000545c     0x6  ABImemclr.o [6]
  .text              ro code  0x00005462    0x2c  strstr.o [3]
  .text              ro code  0x00005490    0x58  memchr.o [6]
  .text              ro code  0x000054e8   0x19c  gpio.o [4]
  .text              ro code  0x00005684   0x310  lab4Interrupt.o [1]
  .text              ro code  0x00005994   0x4cc  rit128x96x4.o [1]
  CODE               ro code  0x00005e60    0x14  cpu.o [4]
  .text              ro code  0x00005e74    0xc4  adc.o [4]
  .text              ro code  0x00005f38    0xb8  uart.o [4]
  .text              ro code  0x00005ff0    0x88  ssi.o [4]
  .text              ro code  0x00006078   0x544  optfft.o [1]
  .text              ro code  0x000065bc   0x4c4  imageCapture.o [1]
  .text              ro code  0x00006a80    0x30  I32ToDbl.o [5]
  .text              ro code  0x00006ab0   0x2d0  oledDisplay.o [1]
  .text              ro code  0x00006d80    0x58  DblToI32.o [5]
  .text              ro code  0x00006dd8   0x280  warningAlarm.o [1]
  .text              ro code  0x00007058    0x88  pwm.o [4]
  .text              ro code  0x000070e0   0x274  satelliteComms.o [1]
  .text              ro code  0x00007354    0xa8  randomInteger.o [1]
  .text              ro code  0x000073fc    0x2e  DblCmpLe.o [5]
  .text              ro code  0x0000742c    0xe8  DblAdd.o [5]
  .text              ro code  0x00007514   0x246  DblDiv.o [5]
  .text              ro code  0x0000775c   0x1a2  DblMul.o [5]
  .text              ro code  0x00007900   0x16c  DblSub.o [5]
  .text              ro code  0x00007a6c   0x234  powerSub.o [1]
  .rodata            const    0x00007ca0   0x1e8  http-strings.o [1]
  .text              ro code  0x00007e88    0xf0  solarPanelControl.o [1]
  .rodata            const    0x00007f78    0xdc  httpd-cgi.o [1]
  .text              ro code  0x00008054    0xc0  vehicleComms.o [1]
  .text              ro code  0x00008114    0xba  pirates.o [1]
  .text              ro code  0x000081d0    0x8c  schedule.o [1]
  .text              ro code  0x0000825c    0x78  thrusterSub.o [1]
  .rodata            const    0x000082d4    0x5c  sysctl.o [4]
  .text              ro code  0x00008330    0x44  transport.o [1]
  .rodata            const    0x00008374    0x40  interrupt.o [4]
  .text              ro code  0x000083b4    0x30  consoleKeyboard.o [1]
  .text              ro code  0x000083e4    0x28  data_init.o [6]
  .iar.init_table    const    0x0000840c    0x24  - Linker created -
  .text              ro code  0x00008430    0x1a  cmain.o [6]
  .text              ro code  0x0000844a     0x4  low_level_init.o [3]
  .text              ro code  0x0000844e     0x4  exit.o [3]
  .text              ro code  0x00008454     0xa  cexit.o [6]
  .text              ro code  0x00008460     0xc  XXexit.o [6]
  .rodata            const    0x0000846c    0x14  main.o [1]
  .rodata            const    0x00008480    0x10  sysctl.o [4]
  .rodata            const    0x00008490     0xc  sysctl.o [4]
  .rodata            const    0x0000849c     0xc  sysctl.o [4]
  .text              ro code  0x000084a8     0xc  cstartup_M.o [6]
  .rodata            const    0x000084b4     0x0  zero_init3.o [6]
  .rodata            const    0x000084b4     0x0  copy_init3.o [6]
  Initializer bytes  const    0x000084b4    0xfc  <for P2 s0>
                            - 0x000085b0  0x84b0

"P2":                                     0xfb90
  P2 s0                       0x20000000    0xfc  <Init block>
    .data            inited   0x20000000    0x6c  tasks.o [1]
    .data            inited   0x2000006c    0x40  main.o [1]
    .data            inited   0x200000ac    0x24  httpd-cgi.o [1]
    .data            inited   0x200000d0    0x18  httpd-cgi.o [1]
    .data            inited   0x200000e8     0xc  heap_2.o [1]
    .data            inited   0x200000f4     0x4  port.o [1]
    .data            inited   0x200000f8     0x4  solarPanelControl.o [1]
  .bss               zero     0x20000100  0x5dcc  heap_2.o [1]
  .bss               zero     0x20005ecc  0x1fe0  uip.o [1]
  .bss               zero     0x20007eac  0x1d10  emac.o [1]
  .bss               zero     0x20009bbc   0x400  main.o [1]
  .bss               zero     0x20009fbc   0x1f4  main.o [1]
  .bss               zero     0x2000a1b0    0xac  tasks.o [1]
  .bss               zero     0x2000a25c    0x68  uip.o [1]
  .bss               zero     0x2000a2c4    0x68  uip_arp.o [1]
  .bss               zero     0x2000a32c    0x40  main.o [1]
  .bss               zero     0x2000a36c    0x40  main.o [1]
  .bss               zero     0x2000a3ac    0x40  powerSub.o [1]
  .bss               zero     0x2000a3ec    0x3c  uip.o [1]
  .bss               zero     0x2000a428    0x34  tasks.o [1]
  .bss               zero     0x2000a45c    0x2c  emac.o [1]
  .bss               zero     0x2000a488    0x30  main.o [1]
  .bss               zero     0x2000a4b8    0x30  main.o [1]
  .bss               zero     0x2000a4e8    0x24  httpd-cgi.o [1]
  .bss               zero     0x2000a50c    0x20  uIP_Task.o [1]
  .bss               zero     0x2000a52c    0x14  rit128x96x4.o [1]
  .bss               zero     0x2000a540    0x18  pirates.o [1]
  .bss               zero     0x2000a558     0xc  httpd-fs.o [1]
  .bss               zero     0x2000a564     0x4  httpd-cgi.o [1]
  .bss               zero     0x2000a568     0x8  main.o [1]
  .bss               zero     0x2000a570     0x8  rit128x96x4.o [1]
  .bss               zero     0x2000a578     0x8  uip.o [1]
  .bss               zero     0x2000a580     0x4  main.o [1]
  .bss               zero     0x2000a584     0x4  main.o [1]
  .bss               zero     0x2000a588     0x4  main.o [1]
  .bss               zero     0x2000a58c     0x4  main.o [1]
  .bss               zero     0x2000a590     0x4  thrusterSub.o [1]
  .bss               zero     0x2000a594     0x4  uip.o [1]
  .bss               zero     0x2000a598     0x4  uip.o [1]
  .bss               zero     0x2000a59c     0x1  main.o [1]
  .bss               zero     0x2000a59d     0x1  main.o [1]
  .noinit            uninit   0x2000a5a0  0x55f0  startup_ewarm.o [1]
                            - 0x2000fb90  0xfb90


*******************************************************************************
*** INIT TABLE
***

          Address     Size
          -------     ----
Zero (__iar_zero_init3)
    1 destination range, total size 0xa49e:
          0x20000100  0xa49e

Copy (__iar_copy_init3)
    1 source range, total size 0xfc:
          0x000084b4    0xfc
    1 destination range, total size 0xfc:
          0x20000000    0xfc



*******************************************************************************
*** MODULE SUMMARY
***

    Module                 ro code  ro data  rw data
    ------                 -------  -------  -------
C:\StellarisWare\boards\Lab5\Demo\Tasks3\Debug\Obj: [1]
    consoleKeyboard.o           48
    emac.o                     500             7 484
    heap_2.o                   216       12   24 024
    http-strings.o                      488
    httpd-cgi.o                980      280      100
    httpd-fs.o                 148    5 232       12
    httpd.o                  1 264
    imageCapture.o           1 220
    lab4Interrupt.o            784
    list.o                     146
    main.o                   1 280       84    1 838
    oledDisplay.o              720
    optfft.o                 1 348
    pirates.o                  186                24
    port.o                     160        4        4
    portasm.o                  140
    powerSub.o                 564                64
    psock.o                    592
    queue.o                    880
    randomInteger.o            168
    rit128x96x4.o            1 228                28
    satelliteComms.o           628
    schedule.o                 140
    solarPanelControl.o        240        4        4
    startup_ewarm.o              6      256   22 000
    tasks.o                  2 116      108      332
    thrusterSub.o              120                 4
    timer.o                     50
    transport.o                 68
    uIP_Task.o                 584                32
    uip.o                    2 864             8 340
    uip_arp.o                  792               104
    vehicleComms.o             192
    warningAlarm.o             640
    ------------------------------------------------
    Total:                  21 012    6 468   64 394

command line: [2]
    ------------------------------------------------
    Total:

dl7M_tln.a: [3]
    exit.o                       4
    low_level_init.o             4
    snprintf.o                  68
    sprintf.o                   52
    strcat.o                    28
    strncmp.o                   42
    strrchr.o                   24
    strstr.o                    44
    xprintfsmall.o           1 240
    xsnprout.o                  26
    xsprout.o                   10
    ------------------------------------------------
    Total:                   1 542

driverlib.a: [4]
    adc.o                      196
    cpu.o                       20
    ethernet.o                 228
    flash.o                     56
    gpio.o                     412
    interrupt.o                164       64
    pwm.o                      136
    ssi.o                      136
    sysctl.o                   732      132
    uart.o                     184
    ------------------------------------------------
    Total:                   2 264      196

m7M_tl.a: [5]
    DblAdd.o                   232
    DblCmpLe.o                  46
    DblDiv.o                   582
    DblMul.o                   418
    DblSub.o                   364
    DblToI32.o                  88
    I32ToDbl.o                  48
    ------------------------------------------------
    Total:                   1 778

rt7M_tl.a: [6]
    ABImemclr.o                  6
    ABImemclr4.o                 6
    ABImemcpy_unaligned.o      118
    ABImemset.o                102
    ABImemset48.o               58
    XXexit.o                    12
    cexit.o                     10
    cmain.o                     26
    copy_init3.o                46
    cstartup_M.o                12
    data_init.o                 40
    memchr.o                    88
    memcmp_unaligned.o          98
    strchr.o                    22
    strcpy_unaligned.o          68
    strlen.o                    54
    strncpy_unaligned.o        108
    zero_init3.o                34
    ------------------------------------------------
    Total:                     908

    Gaps                        20                 6
    Linker created                       36
----------------------------------------------------
    Grand Total:            27 524    6 700   64 400


*******************************************************************************
*** ENTRY LIST
***

Entry                      Address    Size  Type      Object
-----                      -------    ----  ----      ------
.iar.init_table$$Base   0x0000840c           --   Gb  - Linker created -
.iar.init_table$$Limit  0x00008430           --   Gb  - Linker created -
?main                   0x00008431          Code  Gb  cmain.o [6]
ADC0IntHandler          0x0000597d     0x2  Code  Gb  lab4Interrupt.o [1]
ADC1IntHandler          0x0000597f     0x2  Code  Gb  lab4Interrupt.o [1]
ADC2IntHandler          0x00005981     0x2  Code  Gb  lab4Interrupt.o [1]
ADCIntClear             0x00005e99     0x8  Code  Gb  adc.o [4]
ADCIntEnable            0x00005e75    0x10  Code  Gb  adc.o [4]
ADCIntStatus            0x00005e85    0x12  Code  Gb  adc.o [4]
ADCProcessorTrigger     0x00005f31     0x8  Code  Gb  adc.o [4]
ADCSequenceConfigure    0x00005ead    0x30  Code  Gb  adc.o [4]
ADCSequenceDataGet      0x00005f11    0x1e  Code  Gb  adc.o [4]
ADCSequenceEnable       0x00005ea1     0xc  Code  Gb  adc.o [4]
ADCSequenceStepConfigure
                        0x00005edd    0x34  Code  Gb  adc.o [4]
BATT_WARN_LEVEL         0x0000846e     0x2  Data  Gb  main.o [1]
CPUcpsid                0x00005e61          Code  Gb  cpu.o [4]
CPUcpsie                0x00005e69          Code  Gb  cpu.o [4]
CPUwfi                  0x00005e71          Code  Gb  cpu.o [4]
EthernetConfigSet       0x000045a9    0x38  Code  Gb  ethernet.o [4]
EthernetEnable          0x00004619    0x28  Code  Gb  ethernet.o [4]
EthernetInitExpClk      0x00004595    0x14  Code  Gb  ethernet.o [4]
EthernetIntClear        0x00004675     0x4  Code  Gb  ethernet.o [4]
EthernetIntDisable      0x00004659     0xa  Code  Gb  ethernet.o [4]
EthernetIntEnable       0x0000464d     0xa  Code  Gb  ethernet.o [4]
EthernetIntStatus       0x00004665     0xe  Code  Gb  ethernet.o [4]
EthernetMACAddrSet      0x000045e1    0x36  Code  Gb  ethernet.o [4]
EthernetSpaceAvail      0x00004641     0xc  Code  Gb  ethernet.o [4]
FUEL_WARN_LEVEL         0x0000847c     0x4  Data  Gb  main.o [1]
FaultISR                0x0000404d     0x2  Code  Lc  startup_ewarm.o [1]
FlashUserGet            0x0000455d    0x2c  Code  Gb  flash.o [4]
GPIODirModeSet          0x000054e9    0x1e  Code  Gb  gpio.o [4]
GPIOIntTypeSet          0x00005509    0x30  Code  Gb  gpio.o [4]
GPIOPadConfigSet        0x0000554d    0xac  Code  Gb  gpio.o [4]
GPIOPinIntClear         0x00005605     0x6  Code  Gb  gpio.o [4]
GPIOPinIntEnable        0x000055f9     0xc  Code  Gb  gpio.o [4]
GPIOPinRead             0x0000560d     0x6  Code  Gb  gpio.o [4]
GPIOPinTypeGPIOInput    0x00005635    0x10  Code  Gb  gpio.o [4]
GPIOPinTypeGPIOOutput   0x00005645    0x10  Code  Gb  gpio.o [4]
GPIOPinTypePWM          0x00005655    0x10  Code  Gb  gpio.o [4]
GPIOPinTypeSSI          0x00005665    0x10  Code  Gb  gpio.o [4]
GPIOPinTypeUART         0x00005675    0x10  Code  Gb  gpio.o [4]
GPIOPinWrite            0x00005615     0x6  Code  Gb  gpio.o [4]
HALF_BATT_LEVEL         0x0000846c     0x2  Data  Gb  main.o [1]
HALF_FUEL_LEVEL         0x00008478     0x4  Data  Gb  main.o [1]
IntDefaultHandler       0x0000404f     0x2  Code  Lc  startup_ewarm.o [1]
IntEnable               0x000053f5    0x60  Code  Gb  interrupt.o [4]
IntGPIOa                0x000058df    0x12  Code  Gb  lab4Interrupt.o [1]
IntGPIOd                0x000058f9    0x14  Code  Gb  lab4Interrupt.o [1]
IntGPIOe                0x0000590d    0x16  Code  Gb  lab4Interrupt.o [1]
IntMasterDisable        0x000053c5     0xa  Code  Gb  interrupt.o [4]
IntMasterEnable         0x000053b9     0xa  Code  Gb  interrupt.o [4]
IntPrioritySet          0x000053d1    0x20  Code  Gb  interrupt.o [4]
LoadInt                 0x00004a6d    0x4c  Code  Lc  xprintfsmall.o [3]
MAX_FUEL_LEVEL          0x00008474     0x4  Data  Gb  main.o [1]
NmiSR                   0x0000404b     0x2  Code  Lc  startup_ewarm.o [1]
PWMGenConfigure         0x00007059    0x30  Code  Gb  pwm.o [4]
PWMGenEnable            0x000070a1     0xc  Code  Gb  pwm.o [4]
PWMGenPeriodSet         0x00007089    0x18  Code  Gb  pwm.o [4]
PWMOutputState          0x000070cd    0x14  Code  Gb  pwm.o [4]
PWMPulseWidthSet        0x000070ad    0x1e  Code  Gb  pwm.o [4]
RIT128x96x4Clear        0x00005a03    0x38  Code  Gb  rit128x96x4.o [1]
RIT128x96x4Enable       0x00005afb    0x4a  Code  Gb  rit128x96x4.o [1]
RIT128x96x4Init         0x00005b53    0x92  Code  Gb  rit128x96x4.o [1]
RIT128x96x4StringDraw   0x00005a3b    0xa6  Code  Gb  rit128x96x4.o [1]
RITWriteCommand         0x00005995    0x32  Code  Lc  rit128x96x4.o [1]
RITWriteData            0x000059c7    0x32  Code  Lc  rit128x96x4.o [1]
Region$$Table$$Base     0x0000840c           --   Gb  - Linker created -
Region$$Table$$Limit    0x00008430           --   Gb  - Linker created -
SSIConfigSetExpClk      0x00005ff1    0x42  Code  Gb  ssi.o [4]
SSIDataGet              0x00006059     0xc  Code  Gb  ssi.o [4]
SSIDataGetNonBlocking   0x00006065    0x12  Code  Gb  ssi.o [4]
SSIDataPut              0x0000604d     0xa  Code  Gb  ssi.o [4]
SSIDisable              0x00006041     0xc  Code  Gb  ssi.o [4]
SSIEnable               0x00006035     0xc  Code  Gb  ssi.o [4]
SysCtlClockGet          0x00003b65   0x130  Code  Gb  sysctl.o [4]
SysCtlClockSet          0x00003a55   0x108  Code  Gb  sysctl.o [4]
SysCtlDelay             0x00003a4d     0x8  Code  Gb  sysctl.o [4]
SysCtlPWMClockSet       0x00003c95    0x14  Code  Gb  sysctl.o [4]
SysCtlPeripheralEnable  0x00003a29    0x12  Code  Gb  sysctl.o [4]
SysCtlPeripheralPresent
                        0x000039cd    0x24  Code  Gb  sysctl.o [4]
SysCtlPeripheralReset   0x000039f1    0x38  Code  Gb  sysctl.o [4]
UARTCharGetNonBlocking  0x00005fb9    0x10  Code  Gb  uart.o [4]
UARTCharPut             0x00005fc9     0xa  Code  Gb  uart.o [4]
UARTCharsAvail          0x00005fa9    0x10  Code  Gb  uart.o [4]
UARTConfigSetExpClk     0x00005f39    0x30  Code  Gb  uart.o [4]
UARTDisable             0x00005f85    0x24  Code  Gb  uart.o [4]
UARTEnable              0x00005f69    0x1c  Code  Gb  uart.o [4]
UARTIntClear            0x00005fed     0x4  Code  Gb  uart.o [4]
UARTIntEnable           0x00005fd5     0xa  Code  Gb  uart.o [4]
UARTIntHandler          0x000058a7    0x38  Code  Gb  lab4Interrupt.o [1]
UARTIntStatus           0x00005fe1     0xa  Code  Gb  uart.o [4]
UARTSend                0x0000588b    0x1c  Code  Gb  lab4Interrupt.o [1]
_LitobSmall             0x00004ab9    0xce  Code  Lc  xprintfsmall.o [3]
_PrintfSmall            0x000046e5   0x382  Code  Gb  xprintfsmall.o [3]
_PutcharsSmall          0x00004b87    0x2e  Code  Lc  xprintfsmall.o [3]
_SNProut                0x00002697    0x1a  Code  Gb  xsnprout.o [3]
_SProut                 0x00002df7     0xa  Code  Gb  xsprout.o [3]
__aeabi_cdcmple         0x000073fd          Code  Gb  DblCmpLe.o [5]
__aeabi_d2iz            0x00006d81          Code  Gb  DblToI32.o [5]
__aeabi_d2uiz           0x00006dad          Code  Gb  DblToI32.o [5]
__aeabi_dadd            0x0000742d          Code  Gb  DblAdd.o [5]
__aeabi_ddiv            0x00007515          Code  Gb  DblDiv.o [5]
__aeabi_dmul            0x0000775d          Code  Gb  DblMul.o [5]
__aeabi_i2d             0x00006a81          Code  Gb  I32ToDbl.o [5]
__aeabi_memclr          0x0000545d          Code  Gb  ABImemclr.o [6]
__aeabi_memclr4         0x000020a1          Code  Gb  ABImemclr4.o [6]
__aeabi_memset          0x0000467d          Code  Gb  ABImemset.o [6]
__aeabi_memset4         0x0000265d          Code  Gb  ABImemset48.o [6]
__aeabi_memset8         0x0000265d          Code  Gb  ABImemset48.o [6]
__aeabi_ui2d            0x00006a95          Code  Gb  I32ToDbl.o [5]
__cmain                 0x00008431          Code  Gb  cmain.o [6]
__exit                  0x00008461          Code  Gb  XXexit.o [6]
__iar_Memchr            0x00005491          Code  Gb  memchr.o [6]
__iar_Memset            0x0000467d          Code  Gb  ABImemset.o [6]
__iar_Memset4_word      0x00002665          Code  Gb  ABImemset48.o [6]
__iar_Memset8_word      0x00002665          Code  Gb  ABImemset48.o [6]
__iar_Memset_word       0x00004685          Code  Gb  ABImemset.o [6]
__iar_Strchr            0x00002d69          Code  Gb  strchr.o [6]
__iar_Strrchr           0x00002d7f    0x18  Code  Gb  strrchr.o [3]
__iar_Strstr            0x00005463    0x2c  Code  Gb  strstr.o [3]
__iar_copy_init3        0x000020a7    0x2e  Code  Gb  copy_init3.o [6]
__iar_d2uiz             0x00006db9          Code  Gb  DblToI32.o [5]
__iar_dadd              0x00007441          Code  Gb  DblAdd.o [5]
__iar_data_init3        0x000083e5    0x28  Code  Gb  data_init.o [6]
__iar_dsub              0x00007901          Code  Gb  DblSub.o [5]
__iar_dsubStart         0x00007913          Code  Gb  DblSub.o [5]
__iar_program_start     0x000084a9          Code  Gb  cstartup_M.o [6]
__iar_ui2d              0x00006a99          Code  Gb  I32ToDbl.o [5]
__iar_unaligned___aeabi_memcpy
                        0x000025c5          Code  Gb  ABImemcpy_unaligned.o [6]
__iar_unaligned___aeabi_memcpy4
                        0x000025e5          Code  Gb  ABImemcpy_unaligned.o [6]
__iar_unaligned___aeabi_memcpy8
                        0x000025e5          Code  Gb  ABImemcpy_unaligned.o [6]
__iar_unaligned_memcmp  0x0000527d          Code  Gb  memcmp_unaligned.o [6]
__iar_unaligned_strcpy  0x00002e01          Code  Gb  strcpy_unaligned.o [6]
__iar_unaligned_strncpy
                        0x00003089          Code  Gb  strncpy_unaligned.o [6]
__iar_zero_init3        0x0000263b    0x22  Code  Gb  zero_init3.o [6]
__low_level_init        0x0000844b     0x4  Code  Gb  low_level_init.o [3]
__vector_table          0x00000000   0x100  Data  Gb  startup_ewarm.o [1]
_call_main              0x0000843d          Code  Gb  cmain.o [6]
_exit                   0x00008455          Code  Gb  cexit.o [6]
_main                   0x00008447          Code  Gb  cmain.o [6]
arp_table               0x2000a2cc    0x60  Data  Lc  uip_arp.o [1]
arptime                 0x2000a2c5     0x1  Data  Lc  uip_arp.o [1]
battLow                 0x2000a48f     0x1  Data  Gb  main.o [1]
battOverTemp            0x2000a488     0x1  Data  Gb  main.o [1]
battTempArray0          0x2000a32c    0x40  Data  Gb  main.o [1]
battTempArray1          0x2000a36c    0x40  Data  Gb  main.o [1]
batteryLevelArray       0x2000006c    0x40  Data  Gb  main.o [1]
blinkTimer10            0x2000a49c     0x2  Data  Gb  main.o [1]
blinkTimer8             0x2000a49a     0x2  Data  Gb  main.o [1]
broadcast_ethaddr       0x00004554     0x8  Data  Lc  uip_arp.o [1]
buf_setup               0x000026b1     0x6  Code  Lc  psock.o [1]
c                       0x2000a264     0x1  Data  Lc  uip.o [1]
cCountBuf               0x2000a4ec    0x20  Data  Lc  httpd-cgi.o [1]
calls                   0x200000d0    0x18  Data  Lc  httpd-cgi.o [1]
chksum                  0x000015c3    0x38  Code  Lc  uip.o [1]
clock_time              0x00002e45     0x4  Code  Gb  uIP_Task.o [1]
closed                  0x00007ff0     0x8  Data  Lc  httpd-cgi.o [1]
closing                 0x00008034     0x8  Data  Lc  httpd-cgi.o [1]
consoleKeyboard         0x000083b5    0x30  Code  Gb  consoleKeyboard.o [1]
consoleKeyboardHandle   0x2000a4bc     0x4  Data  Gb  main.o [1]
converted               0x2000a550     0x8  Data  Gb  pirates.o [1]
count                   0x2000a558     0xc  Data  Lc  httpd-fs.o [1]
data_404_html           0x00000100    0xac  Data  Lc  httpd-fs.o [1]
data_acked              0x000026ed    0x40  Code  Lc  psock.o [1]
data_index_html         0x000001ac   0x1bc  Data  Lc  httpd-fs.o [1]
data_index_shtml        0x00000368   0x35c  Data  Lc  httpd-fs.o [1]
data_io_shtml           0x000006c4   0x3a4  Data  Lc  httpd-fs.o [1]
data_stats_shtml        0x00000a68   0x7d8  Data  Lc  httpd-fs.o [1]
data_tcp_shtml          0x00001240   0x2b8  Data  Lc  httpd-fs.o [1]
enableADC               0x000057a7    0x88  Code  Gb  lab4Interrupt.o [1]
enableGPIO              0x0000568b   0x11c  Code  Gb  lab4Interrupt.o [1]
enableSysClock          0x00005685     0x6  Code  Gb  lab4Interrupt.o [1]
enableUART              0x00005847    0x44  Code  Gb  lab4Interrupt.o [1]
established             0x00008010     0xc  Data  Lc  httpd-cgi.o [1]
exit                    0x0000844f     0x4  Code  Gb  exit.o [3]
file                    0x00007fc8     0x8  Data  Lc  httpd-cgi.o [1]
file_404_html           0x000014f8    0x14  Data  Gb  httpd-fs.o [1]
file_index_html         0x0000150c    0x14  Data  Gb  httpd-fs.o [1]
file_index_shtml        0x00001520    0x14  Data  Gb  httpd-fs.o [1]
file_io_shtml           0x00001534    0x14  Data  Gb  httpd-fs.o [1]
file_stats              0x00002a17    0x2a  Code  Lc  httpd-cgi.o [1]
file_stats_shtml        0x00001548    0x14  Data  Gb  httpd-fs.o [1]
file_tcp_shtml          0x0000155c    0x14  Data  Gb  httpd-fs.o [1]
fin_wait_1              0x0000801c     0xc  Data  Lc  httpd-cgi.o [1]
fin_wait_2              0x00008028     0xc  Data  Lc  httpd-cgi.o [1]
frequency               0x2000a568     0x8  Data  Gb  main.o [1]
fuelLevel               0x2000a4ac     0x4  Data  Gb  main.o [1]
fuelLevellll            0x2000a588     0x4  Data  Gb  main.o [1]
fuelLow                 0x2000a48e     0x1  Data  Gb  main.o [1]
g_bSSIEnabled           0x2000a52c     0x1  Data  Lc  rit128x96x4.o [1]
g_pucBuffer             0x2000a570     0x8  Data  Lc  rit128x96x4.o [1]
g_pucFont               0x00005c28   0x1e0  Data  Lc  rit128x96x4.o [1]
g_pucRIT128x96x4HorizontalInc
                        0x00005c24     0x2  Data  Lc  rit128x96x4.o [1]
g_pucRIT128x96x4Init    0x00005e08    0x50  Data  Lc  rit128x96x4.o [1]
g_pucRIT128x96x4VerticalInc
                        0x00005c20     0x2  Data  Lc  rit128x96x4.o [1]
g_pulDCRegs             0x00008480    0x10  Data  Lc  sysctl.o [4]
g_pulRCGCRegs           0x0000849c     0xc  Data  Lc  sysctl.o [4]
g_pulRegs               0x00008374    0x40  Data  Lc  interrupt.o [4]
g_pulSRCRRegs           0x00008490     0xc  Data  Lc  sysctl.o [4]
g_pulXtals              0x000082d4    0x5c  Data  Lc  sysctl.o [4]
generate_file_stats     0x00002a07    0x10  Code  Lc  httpd-cgi.o [1]
generate_io_state       0x00002be3    0x1e  Code  Lc  httpd-cgi.o [1]
generate_net_stats      0x00002b25    0x14  Code  Lc  httpd-cgi.o [1]
generate_part_of_file   0x000020d5    0x2e  Code  Lc  httpd.o [1]
generate_pow_stats      0x00002995    0x14  Code  Lc  httpd-cgi.o [1]
generate_rtos_stats     0x00002b91    0x30  Code  Lc  httpd-cgi.o [1]
generate_tcp_stats      0x00002a41    0xa2  Code  Lc  httpd-cgi.o [1]
globalCount             0x2000a498     0x2  Data  Gb  main.o [1]
handle_connection       0x000024df    0x1a  Code  Lc  httpd.o [1]
handle_input            0x0000240f    0xc8  Code  Lc  httpd.o [1]
handle_output           0x0000234d    0xc2  Code  Lc  httpd.o [1]
handle_script           0x00002141   0x104  Code  Lc  httpd.o [1]
hasNewKeyboardInput     0x2000a491     0x1  Data  Gb  main.o [1]
htons                   0x0000206d     0xa  Code  Gb  uip.o [1]
http_404_html           0x00007cb4     0xc  Data  Gb  http-strings.o [1]
http_content_type_binary
                        0x00007e2c    0x2c  Data  Gb  http-strings.o [1]
http_content_type_css   0x00007db8    0x1c  Data  Gb  http-strings.o [1]
http_content_type_gif   0x00007df0    0x1c  Data  Gb  http-strings.o [1]
http_content_type_html  0x00007d9c    0x1c  Data  Gb  http-strings.o [1]
http_content_type_jpg   0x00007e0c    0x20  Data  Gb  http-strings.o [1]
http_content_type_plain
                        0x00007d7c    0x20  Data  Gb  http-strings.o [1]
http_content_type_png   0x00007dd4    0x1c  Data  Gb  http-strings.o [1]
http_css                0x00007e68     0x8  Data  Gb  http-strings.o [1]
http_get                0x00007ca0     0x8  Data  Gb  http-strings.o [1]
http_gif                0x00007e78     0x8  Data  Gb  http-strings.o [1]
http_header_200         0x00007ccc    0x54  Data  Gb  http-strings.o [1]
http_header_404         0x00007d20    0x5c  Data  Gb  http-strings.o [1]
http_html               0x00007e58     0x8  Data  Gb  http-strings.o [1]
http_index_html         0x00007ca8     0xc  Data  Gb  http-strings.o [1]
http_jpg                0x00007e80     0x8  Data  Gb  http-strings.o [1]
http_png                0x00007e70     0x8  Data  Gb  http-strings.o [1]
http_referer            0x00007cc0     0xc  Data  Gb  http-strings.o [1]
http_shtml              0x00007e60     0x8  Data  Gb  http-strings.o [1]
httpd_appcall           0x000024f9    0x68  Code  Gb  httpd.o [1]
httpd_cgi               0x000029db    0x2c  Code  Gb  httpd-cgi.o [1]
httpd_fs_count          0x00002961    0x2a  Code  Gb  httpd-fs.o [1]
httpd_fs_open           0x00002925    0x3c  Code  Gb  httpd-fs.o [1]
httpd_fs_strcmp         0x00002901    0x24  Code  Lc  httpd-fs.o [1]
httpd_init              0x000025bd     0x8  Code  Gb  httpd.o [1]
i                       0x2000a2c4     0x1  Data  Lc  uip_arp.o [1]
imageCapture            0x000065bd    0xb2  Code  Gb  imageCapture.o [1]
imageCaptureHandle      0x2000a4c4     0x4  Data  Gb  main.o [1]
imageFrequency          0x2000a4a0     0x8  Data  Gb  main.o [1]
initializeGlobalVariables
                        0x000050cf    0x3a  Code  Gb  main.o [1]
io                      0x00007fe8     0x8  Data  Lc  httpd-cgi.o [1]
ipaddr                  0x2000a2c8     0x4  Data  Lc  uip_arp.o [1]
ipid                    0x2000a268     0x2  Data  Lc  uip.o [1]
isMajorCycle            0x2000a490     0x1  Data  Gb  main.o [1]
iss                     0x2000a25c     0x4  Data  Lc  uip.o [1]
lRefreshCount           0x2000a4e8     0x4  Data  Gb  httpd-cgi.o [1]
last_ack                0x00008048     0xc  Data  Lc  httpd-cgi.o [1]
lastport                0x2000a26a     0x2  Data  Lc  uip.o [1]
led_io                  0x00002c01    0x28  Code  Lc  httpd-cgi.o [1]
main                    0x00004d7d   0x24c  Code  Gb  main.o [1]
max                     0x000051c5     0x8  Code  Gb  main.o [1]
memchr                  0x00005491          Code  Gb  memchr.o [6]
net                     0x00007fd8     0x8  Data  Lc  httpd-cgi.o [1]
net_stats               0x00002b45    0x2e  Code  Lc  httpd-cgi.o [1]
nullfunction            0x000029d3     0x8  Code  Lc  httpd-cgi.o [1]
oledDisplay             0x00006ab1   0x190  Code  Gb  oledDisplay.o [1]
optfft                  0x00006079   0x142  Code  Gb  optfft.o [1]
panelDeploy             0x2000a48a     0x1  Data  Gb  main.o [1]
panelDone               0x2000a59c     0x1  Data  Gb  main.o [1]
panelMotorSpeedDown     0x2000a48d     0x1  Data  Gb  main.o [1]
panelMotorSpeedUp       0x2000a48c     0x1  Data  Gb  main.o [1]
panelRetract            0x2000a48b     0x1  Data  Gb  main.o [1]
panelState              0x2000a489     0x1  Data  Gb  main.o [1]
pcStatus                0x2000a564     0x4  Data  Gb  httpd-cgi.o [1]
pcStatusString          0x2000a428    0x34  Data  Lc  tasks.o [1]
pcTraceBuffer           0x2000a230     0x4  Data  Lc  tasks.o [1]
pcTraceBufferEnd        0x20000060     0x4  Data  Lc  tasks.o [1]
pcTraceBufferStart      0x2000005c     0x4  Data  Lc  tasks.o [1]
pirateHandle            0x2000a4c0     0x4  Data  Gb  main.o [1]
pirateProximity         0x2000a496     0x2  Data  Gb  main.o [1]
pirates                 0x00008115    0x9c  Code  Gb  pirates.o [1]
pow                     0x00007fc0     0x8  Data  Lc  httpd-cgi.o [1]
pow_stats               0x000029a9    0x2a  Code  Lc  httpd-cgi.o [1]
powerConsumption        0x2000a492     0x2  Data  Gb  main.o [1]
powerGeneration         0x2000a494     0x2  Data  Gb  main.o [1]
powerSub                0x00007a6d   0x1e2  Code  Gb  powerSub.o [1]
processedImageData      0x20009bbc   0x400  Data  Gb  main.o [1]
prvAddCurrentTaskToDelayedList
                        0x000037e3    0x34  Code  Lc  tasks.o [1]
prvAllocateTCBAndStack  0x00003817    0x36  Code  Lc  tasks.o [1]
prvCopyDataFromQueue    0x00003f93    0x26  Code  Lc  queue.o [1]
prvCopyDataToQueue      0x00003f37    0x5c  Code  Lc  queue.o [1]
prvENET_Send            0x00002f55    0x16  Code  Lc  uIP_Task.o [1]
prvIdleTask             0x00003759    0x4c  Code  Lc  tasks.o [1]
prvInitialiseTCBVariables
                        0x000037a5    0x3e  Code  Lc  tasks.o [1]
prvListTaskWithinSingleList
                        0x0000384d    0x62  Code  Lc  tasks.o [1]
prvSetMACAddress        0x00002f6b    0x70  Code  Lc  uIP_Task.o [1]
prvUnlockQueue          0x00003fb9    0x60  Code  Lc  queue.o [1]
psock_datalen           0x000027db     0xa  Code  Gb  psock.o [1]
psock_generator_send    0x00002771    0x62  Code  Gb  psock.o [1]
psock_init              0x000028dd    0x22  Code  Gb  psock.o [1]
psock_newdata           0x000027e5    0x24  Code  Gb  psock.o [1]
psock_readto            0x00002809    0xae  Code  Gb  psock.o [1]
psock_send              0x0000272d    0x44  Code  Gb  psock.o [1]
pulStack                0x2000a5a0  0x55f0  Data  Lc  startup_ewarm.o [1]
pulsecount              0x2000a4b4     0x4  Data  Gb  main.o [1]
pvPortMalloc            0x000052e1    0x9e  Code  Gb  heap_2.o [1]
pxCurrentTCB            0x2000a1b0     0x4  Data  Gb  tasks.o [1]
pxDelayedTaskList       0x2000a218     0x4  Data  Lc  tasks.o [1]
pxOverflowDelayedTaskList
                        0x2000a21c     0x4  Data  Lc  tasks.o [1]
pxPortInitialiseStack   0x00004bbd    0x1a  Code  Gb  port.o [1]
pxReadyTasksLists       0x2000a1b4    0x64  Data  Lc  tasks.o [1]
randomInteger           0x00007355    0xa8  Code  Gb  randomInteger.o [1]
rtos                    0x00007fe0     0x8  Data  Lc  httpd-cgi.o [1]
rtos_stats              0x00002bc1    0x22  Code  Lc  httpd-cgi.o [1]
satelliteComms          0x000070e1    0xc8  Code  Gb  satelliteComms.o [1]
schedule                0x000081d1    0x78  Code  Gb  schedule.o [1]
send_data               0x000026b7    0x36  Code  Lc  psock.o [1]
send_file               0x00002103    0x3e  Code  Lc  httpd.o [1]
send_headers            0x00002245    0xf6  Code  Lc  httpd.o [1]
snprintf                0x000030f5    0x44  Code  Gb  snprintf.o [3]
solarPanelControl       0x00007e89    0xd2  Code  Gb  solarPanelControl.o [1]
solarPanelHandle        0x2000a4b8     0x4  Data  Gb  main.o [1]
sprintf                 0x00003139    0x34  Code  Gb  sprintf.o [3]
states                  0x200000ac    0x24  Data  Lc  httpd-cgi.o [1]
strcat                  0x000039b1    0x1c  Code  Gb  strcat.o [3]
strchr                  0x00002d69          Code  Gb  strchr.o [6]
strlen                  0x00002dc1          Code  Gb  strlen.o [6]
strncmp                 0x00002d97    0x2a  Code  Gb  strncmp.o [3]
strstr                  0x00004679     0x4  Code  Gb  uIP_Task.o [1]
syn_rcvd                0x00007ff8     0xc  Data  Lc  httpd-cgi.o [1]
syn_sent                0x00008004     0xc  Data  Lc  httpd-cgi.o [1]
systemInfo              0x20009fbc   0x1f4  Data  Gb  main.o [1]
tcp                     0x00007fd0     0x8  Data  Lc  httpd-cgi.o [1]
tcp_stats               0x00002ae3    0x42  Code  Lc  httpd-cgi.o [1]
tempAlarm               0x2000a49e     0x2  Data  Gb  main.o [1]
thrust                  0x2000a4b0     0x4  Data  Gb  main.o [1]
thrusterSub             0x0000825d    0x6c  Code  Gb  thrusterSub.o [1]
time_wait               0x0000803c     0xc  Data  Lc  httpd-cgi.o [1]
timer_expired           0x00004033    0x18  Code  Gb  timer.o [1]
timer_reset             0x00004021     0xa  Code  Gb  timer.o [1]
timer_set               0x00004019     0x8  Code  Gb  timer.o [1]
transport               0x00008331    0x44  Code  Gb  transport.o [1]
transportDistance       0x2000a4a8     0x4  Data  Gb  main.o [1]
transportTimeTicks      0x2000a580     0x4  Data  Gb  main.o [1]
uiGetEMACRxData         0x000040f7    0x2c  Code  Gb  emac.o [1]
uip_acc32               0x2000a260     0x4  Data  Gb  uip.o [1]
uip_add32               0x00001571    0x52  Code  Gb  uip.o [1]
uip_add_rcv_nxt         0x000016b3    0x2a  Code  Lc  uip.o [1]
uip_appdata             0x2000a424     0x4  Data  Gb  uip.o [1]
uip_arp_arpin           0x00004367    0xb8  Code  Gb  uip_arp.o [1]
uip_arp_ipin            0x0000432b    0x3c  Code  Gb  uip_arp.o [1]
uip_arp_out             0x0000441f   0x108  Code  Gb  uip_arp.o [1]
uip_arp_timer           0x00004245    0x3e  Code  Gb  uip_arp.o [1]
uip_arp_update          0x00004283    0x9a  Code  Lc  uip_arp.o [1]
uip_buf                 0x2000a464     0x4  Data  Gb  emac.o [1]
uip_conn                0x2000a2c0     0x4  Data  Gb  uip.o [1]
uip_conns               0x20005ecc  0x1fe0  Data  Gb  uip.o [1]
uip_draddr              0x2000a594     0x4  Data  Gb  uip.o [1]
uip_ethaddr             0x2000a578     0x8  Data  Gb  uip.o [1]
uip_flags               0x2000a418     0x1  Data  Gb  uip.o [1]
uip_hostaddr            0x2000a41c     0x4  Data  Gb  uip.o [1]
uip_init                0x0000165f    0x30  Code  Gb  uip.o [1]
uip_ipchksum            0x000015fb    0x26  Code  Gb  uip.o [1]
uip_len                 0x2000a420     0x2  Data  Gb  uip.o [1]
uip_listen              0x0000168f    0x24  Code  Gb  uip.o [1]
uip_listenports         0x2000a26c    0x50  Data  Gb  uip.o [1]
uip_netmask             0x2000a598     0x4  Data  Gb  uip.o [1]
uip_process             0x000016dd   0x92e  Code  Gb  uip.o [1]
uip_sappdata            0x2000a2bc     0x4  Data  Gb  uip.o [1]
uip_send                0x00002077    0x1a  Code  Gb  uip.o [1]
uip_slen                0x2000a266     0x2  Data  Gb  uip.o [1]
uip_stat                0x2000a3ec    0x2c  Data  Gb  uip.o [1]
ulGPIOBase              0x2000a534     0x4  Data  Gb  rit128x96x4.o [1]
ulGPIOId                0x2000a530     0x4  Data  Gb  rit128x96x4.o [1]
ulNextTxSpace           0x2000a47c     0x4  Data  Lc  emac.o [1]
ulOLEDDC_PIN            0x2000a538     0x4  Data  Gb  rit128x96x4.o [1]
ulOLEDEN_PIN            0x2000a53c     0x4  Data  Gb  rit128x96x4.o [1]
ulRxLength              0x2000a468    0x14  Data  Lc  emac.o [1]
upper_layer_chksum      0x00001621    0x3e  Code  Lc  uip.o [1]
usTaskCheckFreeStackSpace
                        0x000038bb    0x14  Code  Lc  tasks.o [1]
uxCriticalNesting       0x200000f4     0x4  Data  Lc  port.o [1]
uxCurrentNumberOfTasks  0x2000a220     0x4  Data  Lc  tasks.o [1]
uxMissedTicks           0x20000048     0x4  Data  Lc  tasks.o [1]
uxPreviousTask          0x20000068     0x4  Data  Lc  tasks.o [1]
uxRxBuffers             0x20007eac  0x1d10  Data  Lc  emac.o [1]
uxSchedulerSuspended    0x2000a22c     0x4  Data  Lc  tasks.o [1]
uxTaskGetStackHighWaterMark
                        0x000038cf     0xa  Code  Gb  tasks.o [1]
uxTaskNumber            0x20000054     0x4  Data  Lc  tasks.o [1]
uxTasksDeleted          0x20000028     0x4  Data  Lc  tasks.o [1]
uxTopReadyPriority      0x2000a228     0x4  Data  Lc  tasks.o [1]
uxTopUsedPriority       0x20000040     0x4  Data  Lc  tasks.o [1]
vApplicationProcessFormInput
                        0x00002fdb    0x64  Code  Gb  uIP_Task.o [1]
vApplicationStackOverflowHook
                        0x00005151     0x2  Code  Gb  main.o [1]
vApplicationTickHook    0x00005153    0x14  Code  Gb  main.o [1]
vEMAC_ISR               0x0000416d    0x3e  Code  Gb  emac.o [1]
vIncrementTxLength      0x0000412b     0xa  Code  Gb  emac.o [1]
vInitEMAC               0x00004051    0xa6  Code  Gb  emac.o [1]
vInitialiseSend         0x00004123     0x8  Code  Gb  emac.o [1]
vListInitialise         0x00004c5d    0x1a  Code  Gb  list.o [1]
vListInitialiseItem     0x00004c77     0x6  Code  Gb  list.o [1]
vListInsert             0x00004c99    0x32  Code  Gb  list.o [1]
vListInsertEnd          0x00004c7d    0x1c  Code  Gb  list.o [1]
vListRemove             0x00004ccb    0x24  Code  Gb  list.o [1]
vMACHandleTask          0x000041ad    0x82  Code  Gb  emac.o [1]
vOLEDTask               0x00005109    0x48  Code  Lc  main.o [1]
vPortClearInterruptMask
                        0x00004d3b          Code  Gb  portasm.o [1]
vPortEnterCritical      0x00004c0f    0x10  Code  Gb  port.o [1]
vPortExitCritical       0x00004c1f    0x10  Code  Gb  port.o [1]
vPortFree               0x0000537f    0x32  Code  Gb  heap_2.o [1]
vPortSVCHandler         0x00004d49          Code  Gb  portasm.o [1]
vPortSetInterruptMask   0x00004d2d          Code  Gb  portasm.o [1]
vPortStartFirstTask     0x00004d65          Code  Gb  portasm.o [1]
vPortYieldFromISR       0x00004c05     0xa  Code  Gb  port.o [1]
vSendBufferToMAC        0x00004135    0x38  Code  Gb  emac.o [1]
vSetMSP                 0x00004cf1          Code  Gb  portasm.o [1]
vTaskDelay              0x00003279    0x2e  Code  Gb  tasks.o [1]
vTaskIncrementTick      0x000034f1    0xa8  Code  Gb  tasks.o [1]
vTaskList               0x00003471    0x72  Code  Gb  tasks.o [1]
vTaskMissedYield        0x0000374f     0x8  Code  Gb  tasks.o [1]
vTaskPlaceOnEventList   0x00003665    0x34  Code  Gb  tasks.o [1]
vTaskPriorityDisinherit
                        0x0000392f    0x38  Code  Gb  tasks.o [1]
vTaskPriorityInherit    0x000038df    0x50  Code  Gb  tasks.o [1]
vTaskResume             0x0000332f    0x48  Code  Gb  tasks.o [1]
vTaskSetTimeOutState    0x000036f3     0xe  Code  Gb  tasks.o [1]
vTaskStartScheduler     0x00003377    0x44  Code  Gb  tasks.o [1]
vTaskSuspend            0x000032a7    0x68  Code  Gb  tasks.o [1]
vTaskSuspendAll         0x000033bb     0xc  Code  Gb  tasks.o [1]
vTaskSwitchContext      0x000035a1    0xb8  Code  Gb  tasks.o [1]
vehicleCommand          0x2000a59d     0x1  Data  Gb  main.o [1]
vehicleComms            0x00008055    0x80  Code  Gb  vehicleComms.o [1]
vehicleResponse         0x2000a584     0x4  Data  Gb  main.o [1]
vuIP_Task               0x00002e49   0x10c  Code  Gb  uIP_Task.o [1]
warningAlarm            0x00006dd9   0x21e  Code  Gb  warningAlarm.o [1]
xDelayedTaskList1       0x2000a234    0x14  Data  Lc  tasks.o [1]
xDelayedTaskList2       0x2000a248    0x14  Data  Lc  tasks.o [1]
xEMACSemaphore          0x2000a45c     0x4  Data  Gb  emac.o [1]
xEnd                    0x20000100     0x8  Data  Lc  heap_2.o [1]
xFreeBytesRemaining     0x200000f0     0x4  Data  Lc  heap_2.o [1]
xHeap                   0x20000108  0x5dc0  Data  Lc  heap_2.o [1]
xMACInterruptSemaphore  0x2000a460     0x4  Data  Gb  emac.o [1]
xMissedYield            0x2000004c     0x4  Data  Lc  tasks.o [1]
xNextTaskUnblockTime    0x20000058     0x4  Data  Lc  tasks.o [1]
xNumOfOverflows         0x20000050     0x4  Data  Lc  tasks.o [1]
xOLEDQueue              0x2000a4c8     0x4  Data  Gb  main.o [1]
xPendingReadyList       0x20000000    0x14  Data  Lc  tasks.o [1]
xPortPendSVHandler      0x00004cf7          Code  Gb  portasm.o [1]
xPortStartScheduler     0x00004bd7    0x2e  Code  Gb  port.o [1]
xPortSysTickHandler     0x00004c2f    0x1a  Code  Gb  port.o [1]
xQueueCreate            0x00003ca9    0x5a  Code  Gb  queue.o [1]
xQueueGenericReceive    0x00003e2d    0xf8  Code  Gb  queue.o [1]
xQueueGenericSend       0x00003d13    0xcc  Code  Gb  queue.o [1]
xQueueGenericSendFromISR
                        0x00003ddf    0x4e  Code  Gb  queue.o [1]
xSchedulerRunning       0x20000044     0x4  Data  Lc  tasks.o [1]
xStart                  0x200000e8     0x8  Data  Lc  heap_2.o [1]
xSuspendedTaskList      0x2000002c    0x14  Data  Lc  tasks.o [1]
xTaskCheckForTimeOut    0x00003705    0x4a  Code  Gb  tasks.o [1]
xTaskGenericCreate      0x0000316d   0x10c  Code  Gb  tasks.o [1]
xTaskGetCurrentTaskHandle
                        0x000038d9     0x6  Code  Gb  tasks.o [1]
xTaskGetTickCount       0x0000345d     0xc  Code  Gb  tasks.o [1]
xTaskIsTaskSuspended    0x0000330f    0x20  Code  Gb  tasks.o [1]
xTaskRemoveFromEventList
                        0x00003699    0x3e  Code  Gb  tasks.o [1]
xTaskResumeAll          0x000033c7    0x96  Code  Gb  tasks.o [1]
xTasksWaitingTermination
                        0x20000014    0x14  Data  Lc  tasks.o [1]
xTickCount              0x2000a224     0x4  Data  Lc  tasks.o [1]
xTracing                0x20000064     0x4  Data  Lc  tasks.o [1]


[1] = C:\StellarisWare\boards\Lab5\Demo\Tasks3\Debug\Obj
[2] = command line
[3] = dl7M_tln.a
[4] = driverlib.a
[5] = m7M_tl.a
[6] = rt7M_tl.a

  27 524 bytes of readonly  code memory
   6 700 bytes of readonly  data memory
  64 400 bytes of readwrite data memory

Errors: none
Warnings: 1
