###############################################################################
#
# IAR ELF Linker V7.30.4.8167/W32 for ARM                 18/Aug/2015  20:24:01
# Copyright 2007-2014 IAR Systems AB.
#
#    Output file  =  
#        C:\StellarisWare\boards\Lab5\Demo\Tasks3\Debug\Exe\RTOSDemo.out
#    Map file     =  
#        C:\StellarisWare\boards\Lab5\Demo\Tasks3\Debug\List\RTOSDemo.map
#    Command line =  
#        C:\StellarisWare\boards\Lab5\Demo\Tasks3\Debug\Obj\consoleKeyboard.o
#        C:\StellarisWare\boards\Lab5\Demo\Common\drivers\LuminaryMicro\IAR\driverlib.a
#        C:\StellarisWare\boards\Lab5\Demo\Tasks3\Debug\Obj\emac.o
#        C:\StellarisWare\boards\Lab5\Demo\Tasks3\Debug\Obj\formike128x128x16.o
#        C:\StellarisWare\boards\Lab5\Demo\Common\drivers\LuminaryMicro\IAR\grlib.a
#        C:\StellarisWare\boards\Lab5\Demo\Tasks3\Debug\Obj\heap_2.o
#        C:\StellarisWare\boards\Lab5\Demo\Tasks3\Debug\Obj\http-strings.o
#        C:\StellarisWare\boards\Lab5\Demo\Tasks3\Debug\Obj\httpd-cgi.o
#        C:\StellarisWare\boards\Lab5\Demo\Tasks3\Debug\Obj\httpd-fs.o
#        C:\StellarisWare\boards\Lab5\Demo\Tasks3\Debug\Obj\httpd.o
#        C:\StellarisWare\boards\Lab5\Demo\Tasks3\Debug\Obj\imageCapture.o
#        C:\StellarisWare\boards\Lab5\Demo\Tasks3\Debug\Obj\IntQueue.o
#        C:\StellarisWare\boards\Lab5\Demo\Tasks3\Debug\Obj\IntQueueTimer.o
#        C:\StellarisWare\boards\Lab5\Demo\Tasks3\Debug\Obj\lab4Interrupt.o
#        C:\StellarisWare\boards\Lab5\Demo\Tasks3\Debug\Obj\list.o
#        C:\StellarisWare\boards\Lab5\Demo\Tasks3\Debug\Obj\main.o
#        C:\StellarisWare\boards\Lab5\Demo\Tasks3\Debug\Obj\oledDisplay.o
#        C:\StellarisWare\boards\Lab5\Demo\Tasks3\Debug\Obj\optfft.o
#        C:\StellarisWare\boards\Lab5\Demo\Tasks3\Debug\Obj\osram128x64x4.o
#        C:\StellarisWare\boards\Lab5\Demo\Tasks3\Debug\Obj\ParTest.o
#        C:\StellarisWare\boards\Lab5\Demo\Tasks3\Debug\Obj\pirates.o
#        C:\StellarisWare\boards\Lab5\Demo\Tasks3\Debug\Obj\port.o
#        C:\StellarisWare\boards\Lab5\Demo\Tasks3\Debug\Obj\portasm.o
#        C:\StellarisWare\boards\Lab5\Demo\Tasks3\Debug\Obj\powerSub.o
#        C:\StellarisWare\boards\Lab5\Demo\Tasks3\Debug\Obj\psock.o
#        C:\StellarisWare\boards\Lab5\Demo\Tasks3\Debug\Obj\queue.o
#        C:\StellarisWare\boards\Lab5\Demo\Tasks3\Debug\Obj\randomInteger.o
#        C:\StellarisWare\boards\Lab5\Demo\Tasks3\Debug\Obj\rit128x96x4.o
#        C:\StellarisWare\boards\Lab5\Demo\Tasks3\Debug\Obj\satelliteComms.o
#        C:\StellarisWare\boards\Lab5\Demo\Tasks3\Debug\Obj\schedule.o
#        C:\StellarisWare\boards\Lab5\Demo\Tasks3\Debug\Obj\solarPanelControl.o
#        C:\StellarisWare\boards\Lab5\Demo\Tasks3\Debug\Obj\startup_ewarm.o
#        C:\StellarisWare\boards\Lab5\Demo\Tasks3\Debug\Obj\tasks.o
#        C:\StellarisWare\boards\Lab5\Demo\Tasks3\Debug\Obj\thrusterSub.o
#        C:\StellarisWare\boards\Lab5\Demo\Tasks3\Debug\Obj\timer.o
#        C:\StellarisWare\boards\Lab5\Demo\Tasks3\Debug\Obj\timertest.o
#        C:\StellarisWare\boards\Lab5\Demo\Tasks3\Debug\Obj\transport.o
#        C:\StellarisWare\boards\Lab5\Demo\Tasks3\Debug\Obj\uip.o
#        C:\StellarisWare\boards\Lab5\Demo\Tasks3\Debug\Obj\uip_arp.o
#        C:\StellarisWare\boards\Lab5\Demo\Tasks3\Debug\Obj\uIP_Task.o
#        C:\StellarisWare\boards\Lab5\Demo\Tasks3\Debug\Obj\vehicleComms.o
#        C:\StellarisWare\boards\Lab5\Demo\Tasks3\Debug\Obj\warningAlarm.o
#        --redirect _Printf=_PrintfSmall --redirect _Scanf=_ScanfSmall -o
#        C:\StellarisWare\boards\Lab5\Demo\Tasks3\Debug\Exe\RTOSDemo.out --map
#        C:\StellarisWare\boards\Lab5\Demo\Tasks3\Debug\List\RTOSDemo.map
#        --config C:\StellarisWare\boards\Lab5\Demo\Tasks3\LM3Sxxxx.icf
#        C:\StellarisWare\boards\Lab5\Demo\Tasks3\..\Common\drivers\LuminaryMicro\IAR\driverlib.a
#        C:\StellarisWare\boards\Lab5\Demo\Tasks3\..\Common\drivers\LuminaryMicro\IAR\grlib.a
#        --entry __iar_program_start --vfe
#
###############################################################################

*******************************************************************************
*** MESSAGES
***

Warning[Lt010]: Inconsistent enum container size
          C:\StellarisWare\boards\Lab5\Demo\Tasks3\Debug\Obj\lab4Interrupt.o
                    and 4 other objects uses smallest possible
          flash.o(driverlib.a) use word size


*******************************************************************************
*** RUNTIME MODEL ATTRIBUTES
***

CppFlavor       = *
__SystemLibrary = DLib


*******************************************************************************
*** PLACEMENT SUMMARY
***

"A1":  place at start of [0x00000000-0x0003ffff] { ro section .intvec };
"P1":  place in [from 0x00000000 to 0x0003ffff] { ro };
"P2":  place in [from 0x20000000 to 0x2000ffff] { rw, block HEAP };

  Section            Kind        Address    Size  Object
  -------            ----        -------    ----  ------
"A1":                                      0x100
  .intvec            const    0x00000000   0x100  startup_ewarm.o [1]
                            - 0x00000100   0x100

"P1":                                     0x8252
  .rodata            const    0x00000100  0x1180  httpd-fs.o [1]
  .text              ro code  0x00001280   0xb30  uip.o [1]
  .text              ro code  0x00001db0     0x6  ABImemclr4.o [7]
  .text              ro code  0x00001db6    0x22  zero_init3.o [7]
  .text              ro code  0x00001dd8   0x4f0  httpd.o [1]
  .text              ro code  0x000022c8    0x76  ABImemcpy_unaligned.o [7]
  .text              ro code  0x0000233e    0x1a  xsnprout.o [3]
  .text              ro code  0x00002358    0x3a  ABImemset48.o [7]
  .text              ro code  0x00002392     0xa  xsprout.o [3]
  .text              ro code  0x0000239c   0x250  psock.o [1]
  .text              ro code  0x000025ec    0x94  httpd-fs.o [1]
  .text              ro code  0x00002680   0x3a8  httpd-cgi.o [1]
  .text              ro code  0x00002a28    0x16  strchr.o [7]
  .text              ro code  0x00002a3e    0x18  strrchr.o [3]
  .text              ro code  0x00002a56    0x2a  strncmp.o [3]
  .text              ro code  0x00002a80    0x36  strlen.o [7]
  .text              ro code  0x00002ab6     0x6  startup_ewarm.o [1]
  .text              ro code  0x00002abc    0x44  strcpy_unaligned.o [7]
  .text              ro code  0x00002b00   0x254  uIP_Task.o [1]
  .text              ro code  0x00002d54    0x6c  strncpy_unaligned.o [7]
  .text              ro code  0x00002dc0    0x44  snprintf.o [3]
  .text              ro code  0x00002e04    0x34  sprintf.o [3]
  .text              ro code  0x00002e38   0x844  tasks.o [1]
  .text              ro code  0x0000367c    0x1c  strcat.o [3]
  .text              ro code  0x00003698    0x18  ParTest.o [1]
  .text              ro code  0x000036b0   0x2dc  sysctl.o [4]
  .text              ro code  0x0000398c   0x3cc  queue.o [1]
  .text              ro code  0x00003d58    0x32  timer.o [1]
  .text              ro code  0x00003d8c   0x1f4  emac.o [1]
  .text              ro code  0x00003f80   0x318  uip_arp.o [1]
  .text              ro code  0x00004298    0x38  flash.o [4]
  .text              ro code  0x000042d0    0xe4  ethernet.o [4]
  .text              ro code  0x000043b4     0x4  uIP_Task.o [1]
  .text              ro code  0x000043b8    0x66  ABImemset.o [7]
  .text              ro code  0x00004420   0x4d8  xprintfsmall.o [3]
  .text              ro code  0x000048f8    0xa0  port.o [1]
  .text              ro code  0x00004998    0x92  list.o [1]
  CODE               ro code  0x00004a2c    0x8c  portasm.o [1]
  .text              ro code  0x00004ab8   0x510  main.o [1]
  .text              ro code  0x00004fc8    0x62  memcmp_unaligned.o [7]
  .text              ro code  0x0000502c    0xd8  heap_2.o [1]
  .text              ro code  0x00005104   0x19c  gpio.o [4]
  .text              ro code  0x000052a0    0xa4  interrupt.o [4]
  .text              ro code  0x00005344     0x6  ABImemclr.o [7]
  .text              ro code  0x0000534a    0x2c  strstr.o [3]
  .text              ro code  0x00005378    0x58  memchr.o [7]
  .text              ro code  0x000053d0   0x2b4  lab4Interrupt.o [1]
  .text              ro code  0x00005684    0xb4  timertest.o [1]
  .text              ro code  0x00005738   0x4cc  rit128x96x4.o [1]
  CODE               ro code  0x00005c04    0x14  cpu.o [4]
  .text              ro code  0x00005c18    0xc4  adc.o [4]
  .text              ro code  0x00005cdc    0xb8  uart.o [4]
  .text              ro code  0x00005d94    0x58  timer.o [4]
  .text              ro code  0x00005dec    0x88  ssi.o [4]
  .text              ro code  0x00005e74   0x544  optfft.o [1]
  .text              ro code  0x000063b8   0x4f8  imageCapture.o [1]
  .text              ro code  0x000068b0    0x30  I32ToDbl.o [6]
  .text              ro code  0x000068e0    0x58  DblToI32.o [6]
  .text              ro code  0x00006938   0x284  oledDisplay.o [1]
  .text              ro code  0x00006bbc   0x280  warningAlarm.o [1]
  .text              ro code  0x00006e3c    0x88  pwm.o [4]
  .text              ro code  0x00006ec4   0x246  DblDiv.o [6]
  .text              ro code  0x0000710c   0x200  powerSub.o [1]
  .text              ro code  0x0000730c   0x1a2  DblMul.o [6]
  .text              ro code  0x000074b0    0x2e  DblCmpLe.o [6]
  .text              ro code  0x000074e0   0x1ec  IntQueue.o [1]
  .rodata            const    0x000076cc   0x1e8  http-strings.o [1]
  .text              ro code  0x000078b4   0x16c  DblSub.o [6]
  .text              ro code  0x00007a20    0xf0  solarPanelControl.o [1]
  .text              ro code  0x00007b10    0xe8  DblAdd.o [6]
  .text              ro code  0x00007bf8    0xd0  packbits_init.o [7]
  .text              ro code  0x00007cc8     0x6  abort.o [3]
  .text              ro code  0x00007cd0     0xc  XXexit.o [7]
  .rodata            const    0x00007cdc    0xc8  httpd-cgi.o [1]
  .text              ro code  0x00007da4    0xc0  vehicleComms.o [1]
  .text              ro code  0x00007e64    0xa8  randomInteger.o [1]
  .text              ro code  0x00007f0c    0xa4  pirates.o [1]
  .text              ro code  0x00007fb0    0x8c  schedule.o [1]
  .text              ro code  0x0000803c    0x78  thrusterSub.o [1]
  .rodata            const    0x000080b4    0x5c  sysctl.o [4]
  .text              ro code  0x00008110    0x44  IntQueueTimer.o [1]
  .text              ro code  0x00008154    0x44  transport.o [1]
  .rodata            const    0x00008198    0x40  interrupt.o [4]
  .text              ro code  0x000081d8    0x30  consoleKeyboard.o [1]
  .text              ro code  0x00008208    0x28  satelliteComms.o [1]
  .text              ro code  0x00008230    0x28  data_init.o [7]
  .iar.init_table    const    0x00008258    0x2c  - Linker created -
  .text              ro code  0x00008284    0x1a  cmain.o [7]
  .text              ro code  0x0000829e     0x4  low_level_init.o [3]
  .text              ro code  0x000082a2     0x4  exit.o [3]
  .text              ro code  0x000082a8     0xa  cexit.o [7]
  .rodata            const    0x000082b4    0x14  main.o [1]
  .rodata            const    0x000082c8    0x10  sysctl.o [4]
  .rodata            const    0x000082d8     0xc  sysctl.o [4]
  .rodata            const    0x000082e4     0xc  sysctl.o [4]
  .text              ro code  0x000082f0     0xc  cstartup_M.o [7]
  .rodata            const    0x000082fc     0x0  zero_init3.o [7]
  .rodata            const    0x000082fc     0x0  packbits_init.o [7]
  Initializer bytes  const    0x000082fc    0x56  <for P2 s0>
                            - 0x00008352  0x8252

"P2":                                     0xfb78
  P2 s0                       0x20000000   0x150  <Init block>
    .data            inited   0x20000000    0x6c  tasks.o [1]
    .data            inited   0x2000006c    0x54  IntQueue.o [1]
    .data            inited   0x200000c0    0x40  main.o [1]
    .data            inited   0x20000100    0x24  httpd-cgi.o [1]
    .data            inited   0x20000124    0x18  httpd-cgi.o [1]
    .data            inited   0x2000013c     0xc  heap_2.o [1]
    .data            inited   0x20000148     0x4  port.o [1]
    .data            inited   0x2000014c     0x4  solarPanelControl.o [1]
  .bss               zero     0x20000150  0x5dcc  heap_2.o [1]
  .bss               zero     0x20005f1c  0x1fe0  uip.o [1]
  .bss               zero     0x20007efc  0x1d10  emac.o [1]
  .bss               zero     0x20009c0c   0x400  main.o [1]
  .bss               zero     0x2000a00c    0xc8  IntQueue.o [1]
  .bss               zero     0x2000a0d4    0xc8  IntQueue.o [1]
  .bss               zero     0x2000a19c    0xac  tasks.o [1]
  .bss               zero     0x2000a248    0x68  uip.o [1]
  .bss               zero     0x2000a2b0    0x68  uip_arp.o [1]
  .bss               zero     0x2000a318    0x40  main.o [1]
  .bss               zero     0x2000a358    0x40  main.o [1]
  .bss               zero     0x2000a398    0x3c  uip.o [1]
  .bss               zero     0x2000a3d4    0x34  tasks.o [1]
  .bss               zero     0x2000a408    0x30  main.o [1]
  .bss               zero     0x2000a438    0x30  main.o [1]
  .bss               zero     0x2000a468    0x30  powerSub.o [1]
  .bss               zero     0x2000a498    0x2c  emac.o [1]
  .bss               zero     0x2000a4c4    0x24  httpd-cgi.o [1]
  .bss               zero     0x2000a4e8    0x20  uIP_Task.o [1]
  .bss               zero     0x2000a508    0x18  pirates.o [1]
  .bss               zero     0x2000a520    0x14  rit128x96x4.o [1]
  .bss               zero     0x2000a534     0xc  httpd-fs.o [1]
  .bss               zero     0x2000a540     0xc  timertest.o [1]
  .bss               zero     0x2000a54c     0x4  httpd-cgi.o [1]
  .bss               zero     0x2000a550     0x8  main.o [1]
  .bss               zero     0x2000a558     0x8  rit128x96x4.o [1]
  .bss               zero     0x2000a560     0x8  uip.o [1]
  .bss               zero     0x2000a568     0x4  main.o [1]
  .bss               zero     0x2000a56c     0x4  main.o [1]
  .bss               zero     0x2000a570     0x4  main.o [1]
  .bss               zero     0x2000a574     0x4  main.o [1]
  .bss               zero     0x2000a578     0x4  thrusterSub.o [1]
  .bss               zero     0x2000a57c     0x4  uip.o [1]
  .bss               zero     0x2000a580     0x4  uip.o [1]
  .bss               zero     0x2000a584     0x1  main.o [1]
  .bss               zero     0x2000a585     0x1  main.o [1]
  .noinit            uninit   0x2000a588  0x55f0  startup_ewarm.o [1]
                            - 0x2000fb78  0xfb78


*******************************************************************************
*** INIT TABLE
***

          Address     Size
          -------     ----
Zero (__iar_zero_init3)
    1 destination range, total size 0xa436:
          0x20000150  0xa436

Copy/packbits (__iar_packbits_init3)
    1 source range, total size 0x56 (25% of destination):
          0x000082fc    0x56
    1 destination range, total size 0x150:
          0x20000000   0x150



*******************************************************************************
*** MODULE SUMMARY
***

    Module                 ro code  ro data  rw data
    ------                 -------  -------  -------
C:\StellarisWare\boards\Lab5\Demo\Tasks3\Debug\Obj: [1]
    IntQueue.o                 492       22      484
    IntQueueTimer.o             68
    ParTest.o                   24
    consoleKeyboard.o           48
    emac.o                     500             7 484
    heap_2.o                   216        3   24 024
    http-strings.o                      488
    httpd-cgi.o                936      215      100
    httpd-fs.o                 148    4 480       12
    httpd.o                  1 264
    imageCapture.o           1 272
    lab4Interrupt.o            692
    list.o                     146
    main.o                   1 296       36    1 338
    oledDisplay.o              644
    optfft.o                 1 348
    pirates.o                  164                24
    port.o                     160        1        4
    portasm.o                  140
    powerSub.o                 512                48
    psock.o                    592
    queue.o                    972
    randomInteger.o            168
    rit128x96x4.o            1 228                28
    satelliteComms.o            40
    schedule.o                 140
    solarPanelControl.o        240        2        4
    startup_ewarm.o              6      256   22 000
    tasks.o                  2 116       27      332
    thrusterSub.o              120                 4
    timer.o                     50
    timertest.o                180                12
    transport.o                 68
    uIP_Task.o                 600                32
    uip.o                    2 864             8 340
    uip_arp.o                  792               104
    vehicleComms.o             192
    warningAlarm.o             640
    ------------------------------------------------
    Total:                  21 078    5 530   64 374

command line: [2]
    ------------------------------------------------
    Total:

dl7M_tln.a: [3]
    abort.o                      6
    exit.o                       4
    low_level_init.o             4
    snprintf.o                  68
    sprintf.o                   52
    strcat.o                    28
    strncmp.o                   42
    strrchr.o                   24
    strstr.o                    44
    xprintfsmall.o           1 240
    xsnprout.o                  26
    xsprout.o                   10
    ------------------------------------------------
    Total:                   1 548

driverlib.a: [4]
    adc.o                      196
    cpu.o                       20
    ethernet.o                 228
    flash.o                     56
    gpio.o                     412
    interrupt.o                164       64
    pwm.o                      136
    ssi.o                      136
    sysctl.o                   732      132
    timer.o                     88
    uart.o                     184
    ------------------------------------------------
    Total:                   2 352      196

grlib.a: [5]
    ------------------------------------------------
    Total:

m7M_tl.a: [6]
    DblAdd.o                   232
    DblCmpLe.o                  46
    DblDiv.o                   582
    DblMul.o                   418
    DblSub.o                   364
    DblToI32.o                  88
    I32ToDbl.o                  48
    ------------------------------------------------
    Total:                   1 778

rt7M_tl.a: [7]
    ABImemclr.o                  6
    ABImemclr4.o                 6
    ABImemcpy_unaligned.o      118
    ABImemset.o                102
    ABImemset48.o               58
    XXexit.o                    12
    cexit.o                     10
    cmain.o                     26
    cstartup_M.o                12
    data_init.o                 40
    memchr.o                    88
    memcmp_unaligned.o          98
    packbits_init.o            208
    strchr.o                    22
    strcpy_unaligned.o          68
    strlen.o                    54
    strncpy_unaligned.o        108
    zero_init3.o                34
    ------------------------------------------------
    Total:                   1 070

    Gaps                        20        2        2
    Linker created                       44
----------------------------------------------------
    Grand Total:            27 846    5 772   64 376


*******************************************************************************
*** ENTRY LIST
***

Entry                      Address    Size  Type      Object
-----                      -------    ----  ----      ------
.iar.init_table$$Base   0x00008258           --   Gb  - Linker created -
.iar.init_table$$Limit  0x00008284           --   Gb  - Linker created -
?main                   0x00008285          Code  Gb  cmain.o [7]
ADC0IntHandler          0x0000566d     0x2  Code  Gb  lab4Interrupt.o [1]
ADC1IntHandler          0x0000566f     0x2  Code  Gb  lab4Interrupt.o [1]
ADC2IntHandler          0x00005671     0x2  Code  Gb  lab4Interrupt.o [1]
ADCIntClear             0x00005c3d     0x8  Code  Gb  adc.o [4]
ADCIntEnable            0x00005c19    0x10  Code  Gb  adc.o [4]
ADCIntStatus            0x00005c29    0x12  Code  Gb  adc.o [4]
ADCProcessorTrigger     0x00005cd5     0x8  Code  Gb  adc.o [4]
ADCSequenceConfigure    0x00005c51    0x30  Code  Gb  adc.o [4]
ADCSequenceDataGet      0x00005cb5    0x1e  Code  Gb  adc.o [4]
ADCSequenceEnable       0x00005c45     0xc  Code  Gb  adc.o [4]
ADCSequenceStepConfigure
                        0x00005c81    0x34  Code  Gb  adc.o [4]
BATT_WARN_LEVEL         0x000082b6     0x2  Data  Gb  main.o [1]
CPUcpsid                0x00005c05          Code  Gb  cpu.o [4]
CPUcpsie                0x00005c0d          Code  Gb  cpu.o [4]
CPUwfi                  0x00005c15          Code  Gb  cpu.o [4]
EthernetConfigSet       0x000042e5    0x38  Code  Gb  ethernet.o [4]
EthernetEnable          0x00004355    0x28  Code  Gb  ethernet.o [4]
EthernetInitExpClk      0x000042d1    0x14  Code  Gb  ethernet.o [4]
EthernetIntClear        0x000043b1     0x4  Code  Gb  ethernet.o [4]
EthernetIntDisable      0x00004395     0xa  Code  Gb  ethernet.o [4]
EthernetIntEnable       0x00004389     0xa  Code  Gb  ethernet.o [4]
EthernetIntStatus       0x000043a1     0xe  Code  Gb  ethernet.o [4]
EthernetMACAddrSet      0x0000431d    0x36  Code  Gb  ethernet.o [4]
EthernetSpaceAvail      0x0000437d     0xc  Code  Gb  ethernet.o [4]
FUEL_WARN_LEVEL         0x000082c4     0x4  Data  Gb  main.o [1]
FaultISR                0x00002ab9     0x2  Code  Lc  startup_ewarm.o [1]
FlashUserGet            0x00004299    0x2c  Code  Gb  flash.o [4]
GPIODirModeSet          0x00005105    0x1e  Code  Gb  gpio.o [4]
GPIOIntTypeSet          0x00005125    0x30  Code  Gb  gpio.o [4]
GPIOPadConfigSet        0x00005169    0xac  Code  Gb  gpio.o [4]
GPIOPinIntClear         0x00005221     0x6  Code  Gb  gpio.o [4]
GPIOPinIntEnable        0x00005215     0xc  Code  Gb  gpio.o [4]
GPIOPinRead             0x00005229     0x6  Code  Gb  gpio.o [4]
GPIOPinTypeGPIOInput    0x00005251    0x10  Code  Gb  gpio.o [4]
GPIOPinTypeGPIOOutput   0x00005261    0x10  Code  Gb  gpio.o [4]
GPIOPinTypePWM          0x00005271    0x10  Code  Gb  gpio.o [4]
GPIOPinTypeSSI          0x00005281    0x10  Code  Gb  gpio.o [4]
GPIOPinTypeUART         0x00005291    0x10  Code  Gb  gpio.o [4]
GPIOPinWrite            0x00005231     0x6  Code  Gb  gpio.o [4]
HALF_BATT_LEVEL         0x000082b4     0x2  Data  Gb  main.o [1]
HALF_FUEL_LEVEL         0x000082c0     0x4  Data  Gb  main.o [1]
InStream_Read           0x00007bf9    0x22  Code  Lc  packbits_init.o [7]
IntDefaultHandler       0x00002abb     0x2  Code  Lc  startup_ewarm.o [1]
IntEnable               0x000052dd    0x60  Code  Gb  interrupt.o [4]
IntGPIOa                0x000055f1    0x12  Code  Gb  lab4Interrupt.o [1]
IntGPIOd                0x0000560b    0x14  Code  Gb  lab4Interrupt.o [1]
IntMasterDisable        0x000052ad     0xa  Code  Gb  interrupt.o [4]
IntMasterEnable         0x000052a1     0xa  Code  Gb  interrupt.o [4]
IntPrioritySet          0x000052b9    0x20  Code  Gb  interrupt.o [4]
LoadInt                 0x000047a9    0x4c  Code  Lc  xprintfsmall.o [3]
MAX_FUEL_LEVEL          0x000082bc     0x4  Data  Gb  main.o [1]
NmiSR                   0x00002ab7     0x2  Code  Lc  startup_ewarm.o [1]
PWMGenConfigure         0x00006e3d    0x30  Code  Gb  pwm.o [4]
PWMGenEnable            0x00006e85     0xc  Code  Gb  pwm.o [4]
PWMGenPeriodSet         0x00006e6d    0x18  Code  Gb  pwm.o [4]
PWMOutputState          0x00006eb1    0x14  Code  Gb  pwm.o [4]
PWMPulseWidthSet        0x00006e91    0x1e  Code  Gb  pwm.o [4]
RIT128x96x4Clear        0x000057a7    0x38  Code  Gb  rit128x96x4.o [1]
RIT128x96x4Enable       0x0000589f    0x4a  Code  Gb  rit128x96x4.o [1]
RIT128x96x4Init         0x000058f7    0x92  Code  Gb  rit128x96x4.o [1]
RIT128x96x4StringDraw   0x000057df    0xa6  Code  Gb  rit128x96x4.o [1]
RITWriteCommand         0x00005739    0x32  Code  Lc  rit128x96x4.o [1]
RITWriteData            0x0000576b    0x32  Code  Lc  rit128x96x4.o [1]
Region$$Table$$Base     0x00008258           --   Gb  - Linker created -
Region$$Table$$Limit    0x00008284           --   Gb  - Linker created -
SSIConfigSetExpClk      0x00005ded    0x42  Code  Gb  ssi.o [4]
SSIDataGet              0x00005e55     0xc  Code  Gb  ssi.o [4]
SSIDataGetNonBlocking   0x00005e61    0x12  Code  Gb  ssi.o [4]
SSIDataPut              0x00005e49     0xa  Code  Gb  ssi.o [4]
SSIDisable              0x00005e3d     0xc  Code  Gb  ssi.o [4]
SSIEnable               0x00005e31     0xc  Code  Gb  ssi.o [4]
SysCtlClockGet          0x00003849   0x130  Code  Gb  sysctl.o [4]
SysCtlClockSet          0x00003739   0x108  Code  Gb  sysctl.o [4]
SysCtlDelay             0x00003731     0x8  Code  Gb  sysctl.o [4]
SysCtlPWMClockSet       0x00003979    0x14  Code  Gb  sysctl.o [4]
SysCtlPeripheralEnable  0x0000370d    0x12  Code  Gb  sysctl.o [4]
SysCtlPeripheralPresent
                        0x000036b1    0x24  Code  Gb  sysctl.o [4]
SysCtlPeripheralReset   0x000036d5    0x38  Code  Gb  sysctl.o [4]
Timer0IntHandler        0x000056ed    0x32  Code  Gb  timertest.o [1]
TimerConfigure          0x00005da9    0x24  Code  Gb  timer.o [4]
TimerEnable             0x00005d95     0xe  Code  Gb  timer.o [4]
TimerIntClear           0x00005de9     0x4  Code  Gb  timer.o [4]
TimerIntEnable          0x00005ddd     0xa  Code  Gb  timer.o [4]
TimerLoadSet            0x00005dcd    0x10  Code  Gb  timer.o [4]
UARTCharGetNonBlocking  0x00005d5d    0x10  Code  Gb  uart.o [4]
UARTCharPut             0x00005d6d     0xa  Code  Gb  uart.o [4]
UARTCharsAvail          0x00005d4d    0x10  Code  Gb  uart.o [4]
UARTConfigSetExpClk     0x00005cdd    0x30  Code  Gb  uart.o [4]
UARTDisable             0x00005d29    0x24  Code  Gb  uart.o [4]
UARTEnable              0x00005d0d    0x1c  Code  Gb  uart.o [4]
UARTIntClear            0x00005d91     0x4  Code  Gb  uart.o [4]
UARTIntEnable           0x00005d79     0xa  Code  Gb  uart.o [4]
UARTIntHandler          0x000055b9    0x38  Code  Gb  lab4Interrupt.o [1]
UARTIntStatus           0x00005d85     0xa  Code  Gb  uart.o [4]
UARTSend                0x0000559d    0x1c  Code  Gb  lab4Interrupt.o [1]
_LitobSmall             0x000047f5    0xce  Code  Lc  xprintfsmall.o [3]
_PrintfSmall            0x00004421   0x382  Code  Gb  xprintfsmall.o [3]
_PutcharsSmall          0x000048c3    0x2e  Code  Lc  xprintfsmall.o [3]
_SNProut                0x0000233f    0x1a  Code  Gb  xsnprout.o [3]
_SProut                 0x00002393     0xa  Code  Gb  xsprout.o [3]
__aeabi_cdcmple         0x000074b1          Code  Gb  DblCmpLe.o [6]
__aeabi_d2iz            0x000068e1          Code  Gb  DblToI32.o [6]
__aeabi_d2uiz           0x0000690d          Code  Gb  DblToI32.o [6]
__aeabi_dadd            0x00007b11          Code  Gb  DblAdd.o [6]
__aeabi_ddiv            0x00006ec5          Code  Gb  DblDiv.o [6]
__aeabi_dmul            0x0000730d          Code  Gb  DblMul.o [6]
__aeabi_i2d             0x000068b1          Code  Gb  I32ToDbl.o [6]
__aeabi_memclr          0x00005345          Code  Gb  ABImemclr.o [7]
__aeabi_memclr4         0x00001db1          Code  Gb  ABImemclr4.o [7]
__aeabi_memset          0x000043b9          Code  Gb  ABImemset.o [7]
__aeabi_memset4         0x00002359          Code  Gb  ABImemset48.o [7]
__aeabi_memset8         0x00002359          Code  Gb  ABImemset48.o [7]
__aeabi_ui2d            0x000068c5          Code  Gb  I32ToDbl.o [6]
__cmain                 0x00008285          Code  Gb  cmain.o [7]
__exit                  0x00007cd1          Code  Gb  XXexit.o [7]
__iar_Memchr            0x00005379          Code  Gb  memchr.o [7]
__iar_Memset            0x000043b9          Code  Gb  ABImemset.o [7]
__iar_Memset4_word      0x00002361          Code  Gb  ABImemset48.o [7]
__iar_Memset8_word      0x00002361          Code  Gb  ABImemset48.o [7]
__iar_Memset_word       0x000043c1          Code  Gb  ABImemset.o [7]
__iar_Strchr            0x00002a29          Code  Gb  strchr.o [7]
__iar_Strrchr           0x00002a3f    0x18  Code  Gb  strrchr.o [3]
__iar_Strstr            0x0000534b    0x2c  Code  Gb  strstr.o [3]
__iar_d2uiz             0x00006919          Code  Gb  DblToI32.o [6]
__iar_dadd              0x00007b25          Code  Gb  DblAdd.o [6]
__iar_data_init3        0x00008231    0x28  Code  Gb  data_init.o [7]
__iar_dsub              0x000078b5          Code  Gb  DblSub.o [6]
__iar_dsubStart         0x000078c7          Code  Gb  DblSub.o [6]
__iar_packbits_init3    0x00007c1b    0xae  Code  Gb  packbits_init.o [7]
__iar_program_start     0x000082f1          Code  Gb  cstartup_M.o [7]
__iar_ui2d              0x000068c9          Code  Gb  I32ToDbl.o [6]
__iar_unaligned___aeabi_memcpy
                        0x000022c9          Code  Gb  ABImemcpy_unaligned.o [7]
__iar_unaligned___aeabi_memcpy4
                        0x000022e9          Code  Gb  ABImemcpy_unaligned.o [7]
__iar_unaligned___aeabi_memcpy8
                        0x000022e9          Code  Gb  ABImemcpy_unaligned.o [7]
__iar_unaligned_memcmp  0x00004fc9          Code  Gb  memcmp_unaligned.o [7]
__iar_unaligned_strcpy  0x00002abd          Code  Gb  strcpy_unaligned.o [7]
__iar_unaligned_strncpy
                        0x00002d55          Code  Gb  strncpy_unaligned.o [7]
__iar_zero_init3        0x00001db7    0x22  Code  Gb  zero_init3.o [7]
__low_level_init        0x0000829f     0x4  Code  Gb  low_level_init.o [3]
__vector_table          0x00000000   0x100  Data  Gb  startup_ewarm.o [1]
_call_main              0x00008291          Code  Gb  cmain.o [7]
_exit                   0x000082a9          Code  Gb  cexit.o [7]
_main                   0x0000829b          Code  Gb  cmain.o [7]
abort                   0x00007cc9     0x6  Code  Gb  abort.o [3]
arp_table               0x2000a2b8    0x60  Data  Lc  uip_arp.o [1]
arptime                 0x2000a2b1     0x1  Data  Lc  uip_arp.o [1]
battLow                 0x2000a40f     0x1  Data  Gb  main.o [1]
battOverTemp            0x2000a408     0x1  Data  Gb  main.o [1]
battTempArray0          0x2000a318    0x40  Data  Gb  main.o [1]
battTempArray1          0x2000a358    0x40  Data  Gb  main.o [1]
batteryLevelArray       0x200000c0    0x40  Data  Gb  main.o [1]
blinkTimer10            0x2000a41c     0x2  Data  Gb  main.o [1]
blinkTimer8             0x2000a41a     0x2  Data  Gb  main.o [1]
broadcast_ethaddr       0x00004290     0x8  Data  Lc  uip_arp.o [1]
buf_setup               0x0000239d     0x6  Code  Lc  psock.o [1]
c                       0x2000a250     0x1  Data  Lc  uip.o [1]
cCountBuf               0x2000a4c8    0x20  Data  Lc  httpd-cgi.o [1]
calls                   0x20000124    0x18  Data  Lc  httpd-cgi.o [1]
chksum                  0x000012d3    0x38  Code  Lc  uip.o [1]
clock_time              0x00002b01     0x4  Code  Gb  uIP_Task.o [1]
closed                  0x00007d40     0x8  Data  Lc  httpd-cgi.o [1]
closing                 0x00007d84     0x8  Data  Lc  httpd-cgi.o [1]
consoleKeyboard         0x000081d9    0x30  Code  Gb  consoleKeyboard.o [1]
consoleKeyboardHandle   0x2000a43c     0x4  Data  Gb  main.o [1]
converted               0x2000a518     0x8  Data  Gb  pirates.o [1]
count                   0x2000a534     0xc  Data  Lc  httpd-fs.o [1]
data_404_html           0x00000100    0xb4  Data  Lc  httpd-fs.o [1]
data_acked              0x000023d9    0x40  Code  Lc  psock.o [1]
data_index_html         0x000001b4   0x1c4  Data  Lc  httpd-fs.o [1]
data_index_shtml        0x00000378   0x338  Data  Lc  httpd-fs.o [1]
data_io_shtml           0x000006b0   0x32c  Data  Lc  httpd-fs.o [1]
data_stats_shtml        0x000009dc   0x560  Data  Lc  httpd-fs.o [1]
data_tcp_shtml          0x00000f3c   0x2cc  Data  Lc  httpd-fs.o [1]
enableADC               0x000054b9    0x88  Code  Gb  lab4Interrupt.o [1]
enableGPIO              0x000053d7    0xe2  Code  Gb  lab4Interrupt.o [1]
enableSysClock          0x000053d1     0x6  Code  Gb  lab4Interrupt.o [1]
enableUART              0x00005559    0x44  Code  Gb  lab4Interrupt.o [1]
established             0x00007d60     0xc  Data  Lc  httpd-cgi.o [1]
exit                    0x000082a3     0x4  Code  Gb  exit.o [3]
file                    0x00007d18     0x8  Data  Lc  httpd-cgi.o [1]
file_404_html           0x00001208    0x14  Data  Gb  httpd-fs.o [1]
file_index_html         0x0000121c    0x14  Data  Gb  httpd-fs.o [1]
file_index_shtml        0x00001230    0x14  Data  Gb  httpd-fs.o [1]
file_io_shtml           0x00001244    0x14  Data  Gb  httpd-fs.o [1]
file_stats              0x000026c5    0x2a  Code  Lc  httpd-cgi.o [1]
file_stats_shtml        0x00001258    0x14  Data  Gb  httpd-fs.o [1]
file_tcp_shtml          0x0000126c    0x14  Data  Gb  httpd-fs.o [1]
fin_wait_1              0x00007d6c     0xc  Data  Lc  httpd-cgi.o [1]
fin_wait_2              0x00007d78     0xc  Data  Lc  httpd-cgi.o [1]
frequency               0x2000a550     0x8  Data  Gb  main.o [1]
fuelLevel               0x2000a42c     0x4  Data  Gb  main.o [1]
fuelLevellll            0x2000a570     0x4  Data  Gb  main.o [1]
fuelLow                 0x2000a40e     0x1  Data  Gb  main.o [1]
g_bSSIEnabled           0x2000a520     0x1  Data  Lc  rit128x96x4.o [1]
g_pucBuffer             0x2000a558     0x8  Data  Lc  rit128x96x4.o [1]
g_pucFont               0x000059cc   0x1e0  Data  Lc  rit128x96x4.o [1]
g_pucRIT128x96x4HorizontalInc
                        0x000059c8     0x2  Data  Lc  rit128x96x4.o [1]
g_pucRIT128x96x4Init    0x00005bac    0x50  Data  Lc  rit128x96x4.o [1]
g_pucRIT128x96x4VerticalInc
                        0x000059c4     0x2  Data  Lc  rit128x96x4.o [1]
g_pulDCRegs             0x000082c8    0x10  Data  Lc  sysctl.o [4]
g_pulRCGCRegs           0x000082e4     0xc  Data  Lc  sysctl.o [4]
g_pulRegs               0x00008198    0x40  Data  Lc  interrupt.o [4]
g_pulSRCRRegs           0x000082d8     0xc  Data  Lc  sysctl.o [4]
g_pulXtals              0x000080b4    0x5c  Data  Lc  sysctl.o [4]
generate_file_stats     0x000026b5    0x10  Code  Lc  httpd-cgi.o [1]
generate_io_state       0x00002891    0x2e  Code  Lc  httpd-cgi.o [1]
generate_net_stats      0x000027d3    0x14  Code  Lc  httpd-cgi.o [1]
generate_part_of_file   0x00001dd9    0x2e  Code  Lc  httpd.o [1]
generate_rtos_stats     0x0000283f    0x30  Code  Lc  httpd-cgi.o [1]
generate_tcp_stats      0x000026ef    0xa2  Code  Lc  httpd-cgi.o [1]
globalCount             0x2000a418     0x2  Data  Gb  main.o [1]
handle_connection       0x000021e3    0x1a  Code  Lc  httpd.o [1]
handle_input            0x00002113    0xc8  Code  Lc  httpd.o [1]
handle_output           0x00002051    0xc2  Code  Lc  httpd.o [1]
handle_script           0x00001e45   0x104  Code  Lc  httpd.o [1]
hasNewKeyboardInput     0x2000a411     0x1  Data  Gb  main.o [1]
htons                   0x00001d7d     0xa  Code  Gb  uip.o [1]
http_404_html           0x000076e0     0xc  Data  Gb  http-strings.o [1]
http_content_type_binary
                        0x00007858    0x2c  Data  Gb  http-strings.o [1]
http_content_type_css   0x000077e4    0x1c  Data  Gb  http-strings.o [1]
http_content_type_gif   0x0000781c    0x1c  Data  Gb  http-strings.o [1]
http_content_type_html  0x000077c8    0x1c  Data  Gb  http-strings.o [1]
http_content_type_jpg   0x00007838    0x20  Data  Gb  http-strings.o [1]
http_content_type_plain
                        0x000077a8    0x20  Data  Gb  http-strings.o [1]
http_content_type_png   0x00007800    0x1c  Data  Gb  http-strings.o [1]
http_css                0x00007894     0x8  Data  Gb  http-strings.o [1]
http_get                0x000076cc     0x8  Data  Gb  http-strings.o [1]
http_gif                0x000078a4     0x8  Data  Gb  http-strings.o [1]
http_header_200         0x000076f8    0x54  Data  Gb  http-strings.o [1]
http_header_404         0x0000774c    0x5c  Data  Gb  http-strings.o [1]
http_html               0x00007884     0x8  Data  Gb  http-strings.o [1]
http_index_html         0x000076d4     0xc  Data  Gb  http-strings.o [1]
http_jpg                0x000078ac     0x8  Data  Gb  http-strings.o [1]
http_png                0x0000789c     0x8  Data  Gb  http-strings.o [1]
http_referer            0x000076ec     0xc  Data  Gb  http-strings.o [1]
http_shtml              0x0000788c     0x8  Data  Gb  http-strings.o [1]
httpd_appcall           0x000021fd    0x68  Code  Gb  httpd.o [1]
httpd_cgi               0x00002689    0x2c  Code  Gb  httpd-cgi.o [1]
httpd_fs_count          0x0000264d    0x2a  Code  Gb  httpd-fs.o [1]
httpd_fs_open           0x00002611    0x3c  Code  Gb  httpd-fs.o [1]
httpd_fs_strcmp         0x000025ed    0x24  Code  Lc  httpd-fs.o [1]
httpd_init              0x000022c1     0x8  Code  Gb  httpd.o [1]
i                       0x2000a2b0     0x1  Data  Lc  uip_arp.o [1]
imageCapture            0x000063b9    0xd4  Code  Gb  imageCapture.o [1]
imageCaptureHandle      0x2000a444     0x4  Data  Gb  main.o [1]
imageFrequency          0x2000a420     0x8  Data  Gb  main.o [1]
initializeGlobalVariables
                        0x00004e1b    0x3a  Code  Gb  main.o [1]
io                      0x00007d38     0x8  Data  Lc  httpd-cgi.o [1]
ipaddr                  0x2000a2b4     0x4  Data  Lc  uip_arp.o [1]
ipid                    0x2000a254     0x2  Data  Lc  uip.o [1]
isMajorCycle            0x2000a410     0x1  Data  Gb  main.o [1]
iss                     0x2000a248     0x4  Data  Lc  uip.o [1]
lRefreshCount           0x2000a4c4     0x4  Data  Gb  httpd-cgi.o [1]
last_ack                0x00007d98     0xc  Data  Lc  httpd-cgi.o [1]
lastport                0x2000a256     0x2  Data  Lc  uip.o [1]
led_io                  0x000028bf    0x28  Code  Lc  httpd-cgi.o [1]
main                    0x00004ab9   0x246  Code  Gb  main.o [1]
max                     0x00004f11     0x8  Code  Gb  main.o [1]
memchr                  0x00005379          Code  Gb  memchr.o [7]
net                     0x00007d28     0x8  Data  Lc  httpd-cgi.o [1]
net_stats               0x000027f3    0x2e  Code  Lc  httpd-cgi.o [1]
nullfunction            0x00002681     0x8  Code  Lc  httpd-cgi.o [1]
oledDisplay             0x00006939   0x168  Code  Gb  oledDisplay.o [1]
optfft                  0x00005e75   0x142  Code  Gb  optfft.o [1]
panelDeploy             0x2000a40a     0x1  Data  Gb  main.o [1]
panelDone               0x2000a584     0x1  Data  Gb  main.o [1]
panelMotorSpeedDown     0x2000a40d     0x1  Data  Gb  main.o [1]
panelMotorSpeedUp       0x2000a40c     0x1  Data  Gb  main.o [1]
panelRetract            0x2000a40b     0x1  Data  Gb  main.o [1]
panelState              0x2000a409     0x1  Data  Gb  main.o [1]
pcStatus                0x2000a54c     0x4  Data  Gb  httpd-cgi.o [1]
pcStatusString          0x2000a3d4    0x34  Data  Lc  tasks.o [1]
pcTraceBuffer           0x2000a21c     0x4  Data  Lc  tasks.o [1]
pcTraceBufferEnd        0x20000060     0x4  Data  Lc  tasks.o [1]
pcTraceBufferStart      0x2000005c     0x4  Data  Lc  tasks.o [1]
pirateHandle            0x2000a440     0x4  Data  Gb  main.o [1]
pirateProximity         0x2000a416     0x2  Data  Gb  main.o [1]
pirates                 0x00007f0d    0xa4  Code  Gb  pirates.o [1]
powerConsumption        0x2000a412     0x2  Data  Gb  main.o [1]
powerGeneration         0x2000a414     0x2  Data  Gb  main.o [1]
powerSub                0x0000710d   0x1ac  Code  Gb  powerSub.o [1]
processedImageData      0x20009c0c   0x400  Data  Gb  main.o [1]
prvAddCurrentTaskToDelayedList
                        0x000034af    0x34  Code  Lc  tasks.o [1]
prvAllocateTCBAndStack  0x000034e3    0x36  Code  Lc  tasks.o [1]
prvCopyDataFromQueue    0x00003cc3    0x26  Code  Lc  queue.o [1]
prvCopyDataToQueue      0x00003c67    0x5c  Code  Lc  queue.o [1]
prvENET_Send            0x00002c11    0x16  Code  Lc  uIP_Task.o [1]
prvIdleTask             0x00003425    0x4c  Code  Lc  tasks.o [1]
prvInitialiseTCBVariables
                        0x00003471    0x3e  Code  Lc  tasks.o [1]
prvListTaskWithinSingleList
                        0x00003519    0x62  Code  Lc  tasks.o [1]
prvQueueAccessLogError  0x0000751b     0xc  Code  Lc  IntQueue.o [1]
prvRecordValue_NormallyEmpty
                        0x000074fd    0x1e  Code  Lc  IntQueue.o [1]
prvRecordValue_NormallyFull
                        0x000074e1    0x1c  Code  Lc  IntQueue.o [1]
prvSetMACAddress        0x00002c27    0x70  Code  Lc  uIP_Task.o [1]
prvUnlockQueue          0x00003ce9    0x60  Code  Lc  queue.o [1]
psock_datalen           0x000024c7     0xa  Code  Gb  psock.o [1]
psock_generator_send    0x0000245d    0x62  Code  Gb  psock.o [1]
psock_init              0x000025c9    0x22  Code  Gb  psock.o [1]
psock_newdata           0x000024d1    0x24  Code  Gb  psock.o [1]
psock_readto            0x000024f5    0xae  Code  Gb  psock.o [1]
psock_send              0x00002419    0x44  Code  Gb  psock.o [1]
pulStack                0x2000a588  0x55f0  Data  Lc  startup_ewarm.o [1]
pulsecount              0x2000a434     0x4  Data  Gb  main.o [1]
pvPortMalloc            0x0000502d    0x9e  Code  Gb  heap_2.o [1]
pxCurrentTCB            0x2000a19c     0x4  Data  Gb  tasks.o [1]
pxDelayedTaskList       0x2000a204     0x4  Data  Lc  tasks.o [1]
pxOverflowDelayedTaskList
                        0x2000a208     0x4  Data  Lc  tasks.o [1]
pxPortInitialiseStack   0x000048f9    0x1a  Code  Gb  port.o [1]
pxReadyTasksLists       0x2000a1a0    0x64  Data  Lc  tasks.o [1]
randomInteger           0x00007e65    0xa8  Code  Gb  randomInteger.o [1]
rtos                    0x00007d30     0x8  Data  Lc  httpd-cgi.o [1]
rtos_stats              0x0000286f    0x22  Code  Lc  httpd-cgi.o [1]
satelliteComms          0x00008209    0x28  Code  Gb  satelliteComms.o [1]
schedule                0x00007fb1    0x78  Code  Gb  schedule.o [1]
send_data               0x000023a3    0x36  Code  Lc  psock.o [1]
send_file               0x00001e07    0x3e  Code  Lc  httpd.o [1]
send_headers            0x00001f49    0xf6  Code  Lc  httpd.o [1]
snprintf                0x00002dc1    0x44  Code  Gb  snprintf.o [3]
solarPanelControl       0x00007a21    0xd2  Code  Gb  solarPanelControl.o [1]
solarPanelHandle        0x2000a438     0x4  Data  Gb  main.o [1]
sprintf                 0x00002e05    0x34  Code  Gb  sprintf.o [3]
states                  0x20000100    0x24  Data  Lc  httpd-cgi.o [1]
strcat                  0x0000367d    0x1c  Code  Gb  strcat.o [3]
strchr                  0x00002a29          Code  Gb  strchr.o [7]
strlen                  0x00002a81          Code  Gb  strlen.o [7]
strncmp                 0x00002a57    0x2a  Code  Gb  strncmp.o [3]
strstr                  0x000043b5     0x4  Code  Gb  uIP_Task.o [1]
syn_rcvd                0x00007d48     0xc  Data  Lc  httpd-cgi.o [1]
syn_sent                0x00007d54     0xc  Data  Lc  httpd-cgi.o [1]
tcp                     0x00007d20     0x8  Data  Lc  httpd-cgi.o [1]
tcp_stats               0x00002791    0x42  Code  Lc  httpd-cgi.o [1]
tempAlarm               0x2000a41e     0x2  Data  Gb  main.o [1]
thrust                  0x2000a430     0x4  Data  Gb  main.o [1]
thrusterSub             0x0000803d    0x6c  Code  Gb  thrusterSub.o [1]
time_wait               0x00007d8c     0xc  Data  Lc  httpd-cgi.o [1]
timer_expired           0x00003d73    0x18  Code  Gb  timer.o [1]
timer_reset             0x00003d61     0xa  Code  Gb  timer.o [1]
timer_set               0x00003d59     0x8  Code  Gb  timer.o [1]
transport               0x00008155    0x44  Code  Gb  transport.o [1]
transportDistance       0x2000a428     0x4  Data  Gb  main.o [1]
transportTimeTicks      0x2000a568     0x4  Data  Gb  main.o [1]
ucNormallyEmptyReceivedValues
                        0x2000a00c    0xc8  Data  Lc  IntQueue.o [1]
ucNormallyFullReceivedValues
                        0x2000a0d4    0xc8  Data  Lc  IntQueue.o [1]
uiGetEMACRxData         0x00003e33    0x2c  Code  Gb  emac.o [1]
uip_acc32               0x2000a24c     0x4  Data  Gb  uip.o [1]
uip_add32               0x00001281    0x52  Code  Gb  uip.o [1]
uip_add_rcv_nxt         0x000013c3    0x2a  Code  Lc  uip.o [1]
uip_appdata             0x2000a3d0     0x4  Data  Gb  uip.o [1]
uip_arp_arpin           0x000040a3    0xb8  Code  Gb  uip_arp.o [1]
uip_arp_ipin            0x00004067    0x3c  Code  Gb  uip_arp.o [1]
uip_arp_out             0x0000415b   0x108  Code  Gb  uip_arp.o [1]
uip_arp_timer           0x00003f81    0x3e  Code  Gb  uip_arp.o [1]
uip_arp_update          0x00003fbf    0x9a  Code  Lc  uip_arp.o [1]
uip_buf                 0x2000a4a0     0x4  Data  Gb  emac.o [1]
uip_conn                0x2000a2ac     0x4  Data  Gb  uip.o [1]
uip_conns               0x20005f1c  0x1fe0  Data  Gb  uip.o [1]
uip_draddr              0x2000a57c     0x4  Data  Gb  uip.o [1]
uip_ethaddr             0x2000a560     0x8  Data  Gb  uip.o [1]
uip_flags               0x2000a3c4     0x1  Data  Gb  uip.o [1]
uip_hostaddr            0x2000a3c8     0x4  Data  Gb  uip.o [1]
uip_init                0x0000136f    0x30  Code  Gb  uip.o [1]
uip_ipchksum            0x0000130b    0x26  Code  Gb  uip.o [1]
uip_len                 0x2000a3cc     0x2  Data  Gb  uip.o [1]
uip_listen              0x0000139f    0x24  Code  Gb  uip.o [1]
uip_listenports         0x2000a258    0x50  Data  Gb  uip.o [1]
uip_netmask             0x2000a580     0x4  Data  Gb  uip.o [1]
uip_process             0x000013ed   0x92e  Code  Gb  uip.o [1]
uip_sappdata            0x2000a2a8     0x4  Data  Gb  uip.o [1]
uip_send                0x00001d87    0x1a  Code  Gb  uip.o [1]
uip_slen                0x2000a252     0x2  Data  Gb  uip.o [1]
uip_stat                0x2000a398    0x2c  Data  Gb  uip.o [1]
ulGPIOBase              0x2000a528     0x4  Data  Gb  rit128x96x4.o [1]
ulGPIOId                0x2000a524     0x4  Data  Gb  rit128x96x4.o [1]
ulMaxJitter             0x2000a540     0x4  Data  Gb  timertest.o [1]
ulNextTxSpace           0x2000a4b8     0x4  Data  Lc  emac.o [1]
ulOLEDDC_PIN            0x2000a52c     0x4  Data  Gb  rit128x96x4.o [1]
ulOLEDEN_PIN            0x2000a530     0x4  Data  Gb  rit128x96x4.o [1]
ulRxLength              0x2000a4a4    0x14  Data  Lc  emac.o [1]
upper_layer_chksum      0x00001331    0x3e  Code  Lc  uip.o [1]
usTaskCheckFreeStackSpace
                        0x00003587    0x14  Code  Lc  tasks.o [1]
uxCriticalNesting       0x20000148     0x4  Data  Lc  port.o [1]
uxCurrentNumberOfTasks  0x2000a20c     0x4  Data  Lc  tasks.o [1]
uxHighPriorityLoops1    0x20000074     0x4  Data  Lc  IntQueue.o [1]
uxHighPriorityLoops2    0x20000078     0x4  Data  Lc  IntQueue.o [1]
uxLowPriorityLoops1     0x2000007c     0x4  Data  Lc  IntQueue.o [1]
uxLowPriorityLoops2     0x20000080     0x4  Data  Lc  IntQueue.o [1]
uxMissedTicks           0x20000048     0x4  Data  Lc  tasks.o [1]
uxParTestGetLED         0x000036a3     0x8  Code  Gb  ParTest.o [1]
uxPreviousTask          0x20000068     0x4  Data  Lc  tasks.o [1]
uxRxBuffers             0x20007efc  0x1d10  Data  Lc  emac.o [1]
uxSchedulerSuspended    0x2000a218     0x4  Data  Lc  tasks.o [1]
uxTaskGetStackHighWaterMark
                        0x0000359b     0xa  Code  Gb  tasks.o [1]
uxTaskNumber            0x20000054     0x4  Data  Lc  tasks.o [1]
uxTasksDeleted          0x20000028     0x4  Data  Lc  tasks.o [1]
uxTopReadyPriority      0x2000a214     0x4  Data  Lc  tasks.o [1]
uxTopUsedPriority       0x20000040     0x4  Data  Lc  tasks.o [1]
uxValueForNormallyEmptyQueue
                        0x20000090     0x4  Data  Gb  IntQueue.o [1]
uxValueForNormallyFullQueue
                        0x20000094     0x4  Data  Gb  IntQueue.o [1]
vApplicationProcessFormInput
                        0x00002c97    0x72  Code  Gb  uIP_Task.o [1]
vApplicationStackOverflowHook
                        0x00004e9d     0x2  Code  Gb  main.o [1]
vApplicationTickHook    0x00004e9f    0x14  Code  Gb  main.o [1]
vEMAC_ISR               0x00003ea9    0x3e  Code  Gb  emac.o [1]
vIncrementTxLength      0x00003e67     0xa  Code  Gb  emac.o [1]
vInitEMAC               0x00003d8d    0xa6  Code  Gb  emac.o [1]
vInitialiseSend         0x00003e5f     0x8  Code  Gb  emac.o [1]
vListInitialise         0x00004999    0x1a  Code  Gb  list.o [1]
vListInitialiseItem     0x000049b3     0x6  Code  Gb  list.o [1]
vListInsert             0x000049d5    0x32  Code  Gb  list.o [1]
vListInsertEnd          0x000049b9    0x1c  Code  Gb  list.o [1]
vListRemove             0x00004a07    0x24  Code  Gb  list.o [1]
vMACHandleTask          0x00003ee9    0x82  Code  Gb  emac.o [1]
vOLEDTask               0x00004e55    0x48  Code  Lc  main.o [1]
vParTestSetLED          0x00003699     0xa  Code  Gb  ParTest.o [1]
vPortClearInterruptMask
                        0x00004a77          Code  Gb  portasm.o [1]
vPortEnterCritical      0x0000494b    0x10  Code  Gb  port.o [1]
vPortExitCritical       0x0000495b    0x10  Code  Gb  port.o [1]
vPortFree               0x000050cb    0x32  Code  Gb  heap_2.o [1]
vPortSVCHandler         0x00004a85          Code  Gb  portasm.o [1]
vPortSetInterruptMask   0x00004a69          Code  Gb  portasm.o [1]
vPortStartFirstTask     0x00004aa1          Code  Gb  portasm.o [1]
vPortYieldFromISR       0x00004941     0xa  Code  Gb  port.o [1]
vSendBufferToMAC        0x00003e71    0x38  Code  Gb  emac.o [1]
vSetMSP                 0x00004a2d          Code  Gb  portasm.o [1]
vSetupHighFrequencyTimer
                        0x00005685    0x68  Code  Gb  timertest.o [1]
vT2InterruptHandler     0x00008111    0x1c  Code  Gb  IntQueueTimer.o [1]
vT3InterruptHandler     0x0000812d    0x1c  Code  Gb  IntQueueTimer.o [1]
vTaskDelay              0x00002f45    0x2e  Code  Gb  tasks.o [1]
vTaskIncrementTick      0x000031bd    0xa8  Code  Gb  tasks.o [1]
vTaskList               0x0000313d    0x72  Code  Gb  tasks.o [1]
vTaskMissedYield        0x0000341b     0x8  Code  Gb  tasks.o [1]
vTaskPlaceOnEventList   0x00003331    0x34  Code  Gb  tasks.o [1]
vTaskPriorityDisinherit
                        0x000035fb    0x38  Code  Gb  tasks.o [1]
vTaskPriorityInherit    0x000035ab    0x50  Code  Gb  tasks.o [1]
vTaskResume             0x00002ffb    0x48  Code  Gb  tasks.o [1]
vTaskSetTimeOutState    0x000033bf     0xe  Code  Gb  tasks.o [1]
vTaskStartScheduler     0x00003043    0x44  Code  Gb  tasks.o [1]
vTaskSuspend            0x00002f73    0x68  Code  Gb  tasks.o [1]
vTaskSuspendAll         0x00003087     0xc  Code  Gb  tasks.o [1]
vTaskSwitchContext      0x0000326d    0xb8  Code  Gb  tasks.o [1]
vehicleCommand          0x2000a585     0x1  Data  Gb  main.o [1]
vehicleComms            0x00007da5    0x80  Code  Gb  vehicleComms.o [1]
vehicleResponse         0x2000a56c     0x4  Data  Gb  main.o [1]
vuIP_Task               0x00002b05   0x10c  Code  Gb  uIP_Task.o [1]
warningAlarm            0x00006bbd   0x21e  Code  Gb  warningAlarm.o [1]
xDelayedTaskList1       0x2000a220    0x14  Data  Lc  tasks.o [1]
xDelayedTaskList2       0x2000a234    0x14  Data  Lc  tasks.o [1]
xEMACSemaphore          0x2000a498     0x4  Data  Gb  emac.o [1]
xEnd                    0x20000150     0x8  Data  Lc  heap_2.o [1]
xErrorLine              0x20000088     0x4  Data  Lc  IntQueue.o [1]
xErrorStatus            0x20000084     0x4  Data  Lc  IntQueue.o [1]
xFirstTimerHandler      0x00007529    0x78  Code  Gb  IntQueue.o [1]
xFreeBytesRemaining     0x20000144     0x4  Data  Lc  heap_2.o [1]
xHeap                   0x20000158  0x5dc0  Data  Lc  heap_2.o [1]
xHighPriorityNormallyEmptyTask1
                        0x20000098     0x4  Data  Gb  IntQueue.o [1]
xHighPriorityNormallyEmptyTask2
                        0x2000009c     0x4  Data  Gb  IntQueue.o [1]
xHighPriorityNormallyFullTask1
                        0x200000a0     0x4  Data  Gb  IntQueue.o [1]
xHighPriorityNormallyFullTask2
                        0x200000a4     0x4  Data  Gb  IntQueue.o [1]
xMACInterruptSemaphore  0x2000a49c     0x4  Data  Gb  emac.o [1]
xMissedYield            0x2000004c     0x4  Data  Lc  tasks.o [1]
xNextTaskUnblockTime    0x20000058     0x4  Data  Lc  tasks.o [1]
xNormallyEmptyQueue     0x2000006c     0x4  Data  Lc  IntQueue.o [1]
xNormallyFullQueue      0x20000070     0x4  Data  Lc  IntQueue.o [1]
xNumOfOverflows         0x20000050     0x4  Data  Lc  tasks.o [1]
xOLEDQueue              0x2000a448     0x4  Data  Gb  main.o [1]
xPendingReadyList       0x20000000    0x14  Data  Lc  tasks.o [1]
xPortPendSVHandler      0x00004a33          Code  Gb  portasm.o [1]
xPortStartScheduler     0x00004913    0x2e  Code  Gb  port.o [1]
xPortSysTickHandler     0x0000496b    0x1a  Code  Gb  port.o [1]
xQueueCreate            0x0000398d    0x5a  Code  Gb  queue.o [1]
xQueueGenericReceive    0x00003b11    0xf8  Code  Gb  queue.o [1]
xQueueGenericSend       0x000039f7    0xcc  Code  Gb  queue.o [1]
xQueueGenericSendFromISR
                        0x00003ac3    0x4e  Code  Gb  queue.o [1]
xQueueIsQueueFullFromISR
                        0x00003d49    0x10  Code  Gb  queue.o [1]
xQueueReceiveFromISR    0x00003c1b    0x4c  Code  Gb  queue.o [1]
xSchedulerRunning       0x20000044     0x4  Data  Lc  tasks.o [1]
xSecondTimerHandler     0x000075a1    0xd0  Code  Gb  IntQueue.o [1]
xStart                  0x2000013c     0x8  Data  Lc  heap_2.o [1]
xSuspendedTaskList      0x2000002c    0x14  Data  Lc  tasks.o [1]
xTaskCheckForTimeOut    0x000033d1    0x4a  Code  Gb  tasks.o [1]
xTaskGenericCreate      0x00002e39   0x10c  Code  Gb  tasks.o [1]
xTaskGetCurrentTaskHandle
                        0x000035a5     0x6  Code  Gb  tasks.o [1]
xTaskGetTickCount       0x00003129     0xc  Code  Gb  tasks.o [1]
xTaskIsTaskSuspended    0x00002fdb    0x20  Code  Gb  tasks.o [1]
xTaskRemoveFromEventList
                        0x00003365    0x3e  Code  Gb  tasks.o [1]
xTaskResumeAll          0x00003093    0x96  Code  Gb  tasks.o [1]
xTasksWaitingTermination
                        0x20000014    0x14  Data  Lc  tasks.o [1]
xTickCount              0x2000a210     0x4  Data  Lc  tasks.o [1]
xTracing                0x20000064     0x4  Data  Lc  tasks.o [1]
xWasSuspended           0x2000008c     0x4  Data  Lc  IntQueue.o [1]


[1] = C:\StellarisWare\boards\Lab5\Demo\Tasks3\Debug\Obj
[2] = command line
[3] = dl7M_tln.a
[4] = driverlib.a
[5] = grlib.a
[6] = m7M_tl.a
[7] = rt7M_tl.a

  27 846 bytes of readonly  code memory
   5 772 bytes of readonly  data memory
  64 376 bytes of readwrite data memory

Errors: none
Warnings: 1
