###############################################################################
#
# IAR ELF Linker V7.30.4.8167/W32 for ARM                 05/Aug/2015  22:28:11
# Copyright 2007-2014 IAR Systems AB.
#
#    Output file  =  
#        C:\StellarisWare\boards\FreeRTOS0-beck\Demo\CORTEX_LM3Sxxxx_IAR_Keil\Debug\Exe\RTOSDemo.out
#    Map file     =  
#        C:\StellarisWare\boards\FreeRTOS0-beck\Demo\CORTEX_LM3Sxxxx_IAR_Keil\Debug\List\RTOSDemo.map
#    Command line =  
#        C:\StellarisWare\boards\FreeRTOS0-beck\Demo\CORTEX_LM3Sxxxx_IAR_Keil\Debug\Obj\BlockQ.o
#        C:\StellarisWare\boards\FreeRTOS0-beck\Demo\CORTEX_LM3Sxxxx_IAR_Keil\Debug\Obj\blocktim.o
#        C:\StellarisWare\boards\FreeRTOS0-beck\Demo\CORTEX_LM3Sxxxx_IAR_Keil\Debug\Obj\death.o
#        C:\StellarisWare\boards\FreeRTOS0-beck\Demo\Common\drivers\LuminaryMicro\IAR\driverlib.a
#        C:\StellarisWare\boards\FreeRTOS0-beck\Demo\CORTEX_LM3Sxxxx_IAR_Keil\Debug\Obj\emac.o
#        C:\StellarisWare\boards\FreeRTOS0-beck\Demo\CORTEX_LM3Sxxxx_IAR_Keil\Debug\Obj\flash.o
#        C:\StellarisWare\boards\FreeRTOS0-beck\Demo\CORTEX_LM3Sxxxx_IAR_Keil\Debug\Obj\formike128x128x16.o
#        C:\StellarisWare\boards\FreeRTOS0-beck\Demo\CORTEX_LM3Sxxxx_IAR_Keil\Debug\Obj\GenQTest.o
#        C:\StellarisWare\boards\FreeRTOS0-beck\Demo\Common\drivers\LuminaryMicro\IAR\grlib.a
#        C:\StellarisWare\boards\FreeRTOS0-beck\Demo\CORTEX_LM3Sxxxx_IAR_Keil\Debug\Obj\heap_2.o
#        C:\StellarisWare\boards\FreeRTOS0-beck\Demo\CORTEX_LM3Sxxxx_IAR_Keil\Debug\Obj\http-strings.o
#        C:\StellarisWare\boards\FreeRTOS0-beck\Demo\CORTEX_LM3Sxxxx_IAR_Keil\Debug\Obj\httpd-cgi.o
#        C:\StellarisWare\boards\FreeRTOS0-beck\Demo\CORTEX_LM3Sxxxx_IAR_Keil\Debug\Obj\httpd-fs.o
#        C:\StellarisWare\boards\FreeRTOS0-beck\Demo\CORTEX_LM3Sxxxx_IAR_Keil\Debug\Obj\httpd.o
#        C:\StellarisWare\boards\FreeRTOS0-beck\Demo\CORTEX_LM3Sxxxx_IAR_Keil\Debug\Obj\integer.o
#        C:\StellarisWare\boards\FreeRTOS0-beck\Demo\CORTEX_LM3Sxxxx_IAR_Keil\Debug\Obj\IntQueue.o
#        C:\StellarisWare\boards\FreeRTOS0-beck\Demo\CORTEX_LM3Sxxxx_IAR_Keil\Debug\Obj\IntQueueTimer.o
#        C:\StellarisWare\boards\FreeRTOS0-beck\Demo\CORTEX_LM3Sxxxx_IAR_Keil\Debug\Obj\list.o
#        C:\StellarisWare\boards\FreeRTOS0-beck\Demo\CORTEX_LM3Sxxxx_IAR_Keil\Debug\Obj\main.o
#        C:\StellarisWare\boards\FreeRTOS0-beck\Demo\CORTEX_LM3Sxxxx_IAR_Keil\Debug\Obj\osram128x64x4.o
#        C:\StellarisWare\boards\FreeRTOS0-beck\Demo\CORTEX_LM3Sxxxx_IAR_Keil\Debug\Obj\ParTest.o
#        C:\StellarisWare\boards\FreeRTOS0-beck\Demo\CORTEX_LM3Sxxxx_IAR_Keil\Debug\Obj\PollQ.o
#        C:\StellarisWare\boards\FreeRTOS0-beck\Demo\CORTEX_LM3Sxxxx_IAR_Keil\Debug\Obj\port.o
#        C:\StellarisWare\boards\FreeRTOS0-beck\Demo\CORTEX_LM3Sxxxx_IAR_Keil\Debug\Obj\portasm.o
#        C:\StellarisWare\boards\FreeRTOS0-beck\Demo\CORTEX_LM3Sxxxx_IAR_Keil\Debug\Obj\psock.o
#        C:\StellarisWare\boards\FreeRTOS0-beck\Demo\CORTEX_LM3Sxxxx_IAR_Keil\Debug\Obj\QPeek.o
#        C:\StellarisWare\boards\FreeRTOS0-beck\Demo\CORTEX_LM3Sxxxx_IAR_Keil\Debug\Obj\queue.o
#        C:\StellarisWare\boards\FreeRTOS0-beck\Demo\CORTEX_LM3Sxxxx_IAR_Keil\Debug\Obj\recmutex.o
#        C:\StellarisWare\boards\FreeRTOS0-beck\Demo\CORTEX_LM3Sxxxx_IAR_Keil\Debug\Obj\rit128x96x4.o
#        C:\StellarisWare\boards\FreeRTOS0-beck\Demo\CORTEX_LM3Sxxxx_IAR_Keil\Debug\Obj\semtest.o
#        C:\StellarisWare\boards\FreeRTOS0-beck\Demo\CORTEX_LM3Sxxxx_IAR_Keil\Debug\Obj\startup_ewarm.o
#        C:\StellarisWare\boards\FreeRTOS0-beck\Demo\CORTEX_LM3Sxxxx_IAR_Keil\Debug\Obj\tasks.o
#        C:\StellarisWare\boards\FreeRTOS0-beck\Demo\CORTEX_LM3Sxxxx_IAR_Keil\Debug\Obj\timer.o
#        C:\StellarisWare\boards\FreeRTOS0-beck\Demo\CORTEX_LM3Sxxxx_IAR_Keil\Debug\Obj\timertest.o
#        C:\StellarisWare\boards\FreeRTOS0-beck\Demo\CORTEX_LM3Sxxxx_IAR_Keil\Debug\Obj\uip.o
#        C:\StellarisWare\boards\FreeRTOS0-beck\Demo\CORTEX_LM3Sxxxx_IAR_Keil\Debug\Obj\uip_arp.o
#        C:\StellarisWare\boards\FreeRTOS0-beck\Demo\CORTEX_LM3Sxxxx_IAR_Keil\Debug\Obj\uIP_Task.o
#        --redirect _Printf=_PrintfSmall --redirect _Scanf=_ScanfSmall -o
#        C:\StellarisWare\boards\FreeRTOS0-beck\Demo\CORTEX_LM3Sxxxx_IAR_Keil\Debug\Exe\RTOSDemo.out
#        --map
#        C:\StellarisWare\boards\FreeRTOS0-beck\Demo\CORTEX_LM3Sxxxx_IAR_Keil\Debug\List\RTOSDemo.map
#        --config
#        C:\StellarisWare\boards\FreeRTOS0-beck\Demo\CORTEX_LM3Sxxxx_IAR_Keil\LM3Sxxxx.icf
#        C:\StellarisWare\boards\FreeRTOS0-beck\Demo\CORTEX_LM3Sxxxx_IAR_Keil\..\Common\drivers\LuminaryMicro\IAR\driverlib.a
#        C:\StellarisWare\boards\FreeRTOS0-beck\Demo\CORTEX_LM3Sxxxx_IAR_Keil\..\Common\drivers\LuminaryMicro\IAR\grlib.a
#        --entry __iar_program_start --vfe
#
###############################################################################

*******************************************************************************
*** RUNTIME MODEL ATTRIBUTES
***

CppFlavor       = *
__SystemLibrary = DLib


*******************************************************************************
*** PLACEMENT SUMMARY
***

"A1":  place at start of [0x00000000-0x0003ffff] { ro section .intvec };
"P1":  place in [from 0x00000000 to 0x0003ffff] { ro };
"P2":  place in [from 0x20000000 to 0x2000ffff] { rw, block HEAP };

  Section            Kind        Address    Size  Object
  -------            ----        -------    ----  ------
"A1":                                      0x100
  .intvec            const    0x00000000   0x100  startup_ewarm.o [1]
                            - 0x00000100   0x100

"P1":                                     0x7950
  .rodata            const    0x00000100   0xc84  main.o [1]
  .text              ro code  0x00000d84   0xaec  tasks.o [1]
  .text              ro code  0x00001870    0xbc  port.o [1]
  .text              ro code  0x0000192c    0x9a  list.o [1]
  .text              ro code  0x000019c6    0x2e  copy_init3.o [6]
  CODE               ro code  0x000019f4    0x8c  portasm.o [1]
  .text              ro code  0x00001a80   0x2f2  main.o [1]
  .text              ro code  0x00001d72    0x22  zero_init3.o [6]
  .text              ro code  0x00001d94    0x62  memcmp_unaligned.o [6]
  .text              ro code  0x00001df6     0xa  xsprout.o [3]
  .text              ro code  0x00001e00    0x6c  strncpy_unaligned.o [6]
  .text              ro code  0x00001e6c   0x124  heap_2.o [1]
  .text              ro code  0x00001f90    0x66  ABImemset.o [6]
  .text              ro code  0x00001ff6     0x6  startup_ewarm.o [1]
  .text              ro code  0x00001ffc   0x534  queue.o [1]
  .text              ro code  0x00002530    0xb4  integer.o [1]
  .text              ro code  0x000025e4   0x4f4  GenQTest.o [1]
  .text              ro code  0x00002ad8   0x88c  IntQueue.o [1]
  .text              ro code  0x00003364   0x288  recmutex.o [1]
  .text              ro code  0x000035ec   0x25c  BlockQ.o [1]
  .text              ro code  0x00003848   0x3f8  blocktim.o [1]
  .text              ro code  0x00003c40   0x214  semtest.o [1]
  .text              ro code  0x00003e54   0x13c  PollQ.o [1]
  .text              ro code  0x00003f90   0x350  QPeek.o [1]
  .text              ro code  0x000042e0   0x14c  death.o [1]
  .text              ro code  0x0000442c    0xc4  timertest.o [1]
  .text              ro code  0x000044f0   0x29c  sysctl.o [4]
  .text              ro code  0x0000478c   0x120  gpio.o [4]
  .text              ro code  0x000048ac    0x28  ParTest.o [1]
  .text              ro code  0x000048d4    0x34  sprintf.o [3]
  .text              ro code  0x00004908    0x76  ABImemcpy_unaligned.o [6]
  .rodata            const    0x0000497e     0x2  heap_2.o [1]
  .text              ro code  0x00004980    0xb8  IntQueueTimer.o [1]
  .text              ro code  0x00004a38    0x58  timer.o [4]
  .text              ro code  0x00004a90    0x8c  interrupt.o [4]
  .text              ro code  0x00004b1c   0x4d8  xprintfsmall.o [3]
  .text              ro code  0x00004ff4    0x16  strchr.o [6]
  .rodata            const    0x0000500a     0x2  osram128x64x4.o [1]
  .text              ro code  0x0000500c    0x36  strlen.o [6]
  .rodata            const    0x00005042     0x2  osram128x64x4.o [1]
  .text              ro code  0x00005044    0x58  memchr.o [6]
  .rodata            const    0x0000509c   0x6a8  main.o [1]
  .text              ro code  0x00005744   0x60c  formike128x128x16.o [1]
  .text              ro code  0x00005d50    0xb4  rectangle.o [5]
  .text              ro code  0x00005e04   0x290  string.o [5]
  .text              ro code  0x00006094    0x20  context.o [5]
  .text              ro code  0x000060b4   0x2cc  image.o [5]
  .text              ro code  0x00006380    0x4c  line.o [5]
  .text              ro code  0x000063cc     0x6  ABImemclr4.o [6]
  .rodata            const    0x000063d2     0x2  rit128x96x4.o [1]
  .text              ro code  0x000063d4    0x32  ABImemset48.o [6]
  .rodata            const    0x00006406     0x2  rit128x96x4.o [1]
  .rodata            const    0x00006408   0x514  fontcmss12.o [5]
  .text              ro code  0x0000691c   0x3a0  rit128x96x4.o [1]
  .text              ro code  0x00006cbc    0x88  ssi.o [4]
  .text              ro code  0x00006d44   0x308  osram128x64x4.o [1]
  .rodata            const    0x0000704c   0x1e0  osram128x64x4.o [1]
  .rodata            const    0x0000722c   0x1e0  rit128x96x4.o [1]
  .rodata            const    0x0000740c    0xc8  fontcmss12.o [5]
  .rodata            const    0x000074d4    0x5c  sysctl.o [4]
  .rodata            const    0x00007530    0x50  osram128x64x4.o [1]
  .rodata            const    0x00007580    0x50  rit128x96x4.o [1]
  .text              ro code  0x000075d0    0x48  emac.o [1]
  .text              ro code  0x00007618    0x20  ethernet.o [4]
  .rodata            const    0x00007638    0x40  interrupt.o [4]
  .rodata            const    0x00007678    0x28  formike128x128x16.o [1]
  .text              ro code  0x000076a0    0x28  data_init.o [6]
  .iar.init_table    const    0x000076c8    0x24  - Linker created -
  .text              ro code  0x000076ec    0x1a  cmain.o [6]
  .text              ro code  0x00007706     0x4  low_level_init.o [3]
  .text              ro code  0x0000770a     0x4  exit.o [3]
  .text              ro code  0x00007710     0xa  cexit.o [6]
  .text              ro code  0x0000771c     0xc  XXexit.o [6]
  .rodata            const    0x00007728    0x14  blocktim.o [1]
  .rodata            const    0x0000773c    0x14  main.o [1]
  .rodata            const    0x00007750    0x14  main.o [1]
  .rodata            const    0x00007764    0x14  main.o [1]
  .rodata            const    0x00007778    0x14  main.o [1]
  .rodata            const    0x0000778c    0x14  main.o [1]
  .rodata            const    0x000077a0    0x14  main.o [1]
  .rodata            const    0x000077b4    0x14  main.o [1]
  .rodata            const    0x000077c8    0x14  QPeek.o [1]
  .rodata            const    0x000077dc    0x14  tasks.o [1]
  .rodata            const    0x000077f0    0x10  GenQTest.o [1]
  .rodata            const    0x00007800    0x10  GenQTest.o [1]
  .rodata            const    0x00007810    0x10  IntQueue.o [1]
  .rodata            const    0x00007820    0x10  IntQueue.o [1]
  .rodata            const    0x00007830    0x10  main.o [1]
  .rodata            const    0x00007840    0x10  main.o [1]
  .rodata            const    0x00007850    0x10  main.o [1]
  .rodata            const    0x00007860    0x10  main.o [1]
  .rodata            const    0x00007870    0x10  main.o [1]
  .rodata            const    0x00007880    0x10  PollQ.o [1]
  .rodata            const    0x00007890    0x10  recmutex.o [1]
  .rodata            const    0x000078a0    0x10  semtest.o [1]
  .rodata            const    0x000078b0    0x10  semtest.o [1]
  .rodata            const    0x000078c0    0x10  sysctl.o [4]
  .rodata            const    0x000078d0     0xc  main.o [1]
  .rodata            const    0x000078dc     0xc  sysctl.o [4]
  .text              ro code  0x000078e8     0xc  cstartup_M.o [6]
  .rodata            const    0x000078f4     0x8  BlockQ.o [1]
  .rodata            const    0x000078fc     0x8  BlockQ.o [1]
  .rodata            const    0x00007904     0x8  BlockQ.o [1]
  .rodata            const    0x0000790c     0x8  BlockQ.o [1]
  .rodata            const    0x00007914     0x8  BlockQ.o [1]
  .rodata            const    0x0000791c     0x8  BlockQ.o [1]
  .rodata            const    0x00007924     0x8  blocktim.o [1]
  .rodata            const    0x0000792c     0x8  blocktim.o [1]
  .rodata            const    0x00007934     0x8  death.o [1]
  .rodata            const    0x0000793c     0x8  death.o [1]
  .rodata            const    0x00007944     0x8  death.o [1]
  .rodata            const    0x0000794c     0x8  formike128x128x16.o [1]
  .rodata            const    0x00007954     0x8  GenQTest.o [1]
  .rodata            const    0x0000795c     0x8  GenQTest.o [1]
  .rodata            const    0x00007964     0x8  GenQTest.o [1]
  .rodata            const    0x0000796c     0x8  GenQTest.o [1]
  .rodata            const    0x00007974     0x8  integer.o [1]
  .rodata            const    0x0000797c     0x8  IntQueue.o [1]
  .rodata            const    0x00007984     0x8  IntQueue.o [1]
  .rodata            const    0x0000798c     0x8  IntQueue.o [1]
  .rodata            const    0x00007994     0x8  IntQueue.o [1]
  .rodata            const    0x0000799c     0x8  main.o [1]
  .rodata            const    0x000079a4     0x8  main.o [1]
  .rodata            const    0x000079ac     0x8  PollQ.o [1]
  .rodata            const    0x000079b4     0x8  PollQ.o [1]
  .rodata            const    0x000079bc     0x8  QPeek.o [1]
  .rodata            const    0x000079c4     0x8  QPeek.o [1]
  .rodata            const    0x000079cc     0x8  QPeek.o [1]
  .rodata            const    0x000079d4     0x8  QPeek.o [1]
  .rodata            const    0x000079dc     0x8  recmutex.o [1]
  .rodata            const    0x000079e4     0x8  recmutex.o [1]
  .rodata            const    0x000079ec     0x8  recmutex.o [1]
  .rodata            const    0x000079f4     0x8  semtest.o [1]
  .rodata            const    0x000079fc     0x8  semtest.o [1]
  .rodata            const    0x00007a04     0x8  semtest.o [1]
  .rodata            const    0x00007a0c     0x8  semtest.o [1]
  .rodata            const    0x00007a14     0x8  tasks.o [1]
  .rodata            const    0x00007a1c     0x4  death.o [1]
  .rodata            const    0x00007a20     0x4  main.o [1]
  .rodata            const    0x00007a24     0x4  osram128x64x4.o [1]
  .rodata            const    0x00007a28     0x4  osram128x64x4.o [1]
  .rodata            const    0x00007a2c     0x4  rit128x96x4.o [1]
  .rodata            const    0x00007a30     0x4  rit128x96x4.o [1]
  .rodata            const    0x00007a34     0x0  zero_init3.o [6]
  .rodata            const    0x00007a34     0x0  copy_init3.o [6]
  Initializer bytes  const    0x00007a34    0x1c  <for P2 s0>
                            - 0x00007a50  0x7950

"P2":                                     0x648c
  P2 s0                       0x20000000    0x1c  <Init block>
    .data            inited   0x20000000     0x4  heap_2.o [1]
    .data            inited   0x20000004     0x4  IntQueue.o [1]
    .data            inited   0x20000008     0x4  main.o [1]
    .data            inited   0x2000000c     0x4  port.o [1]
    .data            inited   0x20000010     0x4  tasks.o [1]
    .data            inited   0x20000014     0x4  tasks.o [1]
    .data            inited   0x20000018     0x2  death.o [1]
  .bss               zero     0x20000020  0x5dc0  heap_2.o [1]
  .bss               zero     0x20005de0    0xc8  IntQueue.o [1]
  .bss               zero     0x20005ea8    0xc8  IntQueue.o [1]
  .bss               zero     0x20005f70    0x64  tasks.o [1]
  .bss               zero     0x20005fd4    0x50  queue.o [1]
  .bss               zero     0x20006024    0x20  image.o [5]
  .bss               zero     0x20006044    0x1c  formike128x128x16.o [1]
  .bss               zero     0x20006060    0x1c  main.o [1]
  .bss               zero     0x2000607c    0x14  tasks.o [1]
  .bss               zero     0x20006090    0x14  tasks.o [1]
  .bss               zero     0x200060a4    0x14  tasks.o [1]
  .bss               zero     0x200060b8    0x14  tasks.o [1]
  .bss               zero     0x200060cc    0x14  tasks.o [1]
  .bss               zero     0x200060e0     0x8  BlockQ.o [1]
  .bss               zero     0x200060e8     0x8  BlockQ.o [1]
  .bss               zero     0x200060f0     0x8  BlockQ.o [1]
  .bss               zero     0x200060f8     0x8  BlockQ.o [1]
  .bss               zero     0x20006100     0x8  heap_2.o [1]
  .bss               zero     0x20006108     0x8  heap_2.o [1]
  .bss               zero     0x20006110     0x8  osram128x64x4.o [1]
  .bss               zero     0x20006118     0x8  osram128x64x4.o [1]
  .bss               zero     0x20006120     0x8  osram128x64x4.o [1]
  .bss               zero     0x20006128     0x8  rit128x96x4.o [1]
  .bss               zero     0x20006130     0x8  semtest.o [1]
  .bss               zero     0x20006138     0x8  semtest.o [1]
  .bss               zero     0x20006140     0x4  blocktim.o [1]
  .bss               zero     0x20006144     0x4  blocktim.o [1]
  .bss               zero     0x20006148     0x4  blocktim.o [1]
  .bss               zero     0x2000614c     0x4  blocktim.o [1]
  .bss               zero     0x20006150     0x4  blocktim.o [1]
  .bss               zero     0x20006154     0x4  blocktim.o [1]
  .bss               zero     0x20006158     0x4  blocktim.o [1]
  .bss               zero     0x2000615c     0x4  blocktim.o [1]
  .bss               zero     0x20006160     0x4  death.o [1]
  .bss               zero     0x20006164     0x4  death.o [1]
  .bss               zero     0x20006168     0x4  death.o [1]
  .bss               zero     0x2000616c     0x4  emac.o [1]
  .bss               zero     0x20006170     0x4  GenQTest.o [1]
  .bss               zero     0x20006174     0x4  GenQTest.o [1]
  .bss               zero     0x20006178     0x4  GenQTest.o [1]
  .bss               zero     0x2000617c     0x4  GenQTest.o [1]
  .bss               zero     0x20006180     0x4  GenQTest.o [1]
  .bss               zero     0x20006184     0x4  GenQTest.o [1]
  .bss               zero     0x20006188     0x4  GenQTest.o [1]
  .bss               zero     0x2000618c     0x4  GenQTest.o [1]
  .bss               zero     0x20006190     0x4  heap_2.o [1]
  .bss               zero     0x20006194     0x4  integer.o [1]
  .bss               zero     0x20006198     0x4  IntQueue.o [1]
  .bss               zero     0x2000619c     0x4  IntQueue.o [1]
  .bss               zero     0x200061a0     0x4  IntQueue.o [1]
  .bss               zero     0x200061a4     0x4  IntQueue.o [1]
  .bss               zero     0x200061a8     0x4  IntQueue.o [1]
  .bss               zero     0x200061ac     0x4  IntQueue.o [1]
  .bss               zero     0x200061b0     0x4  IntQueue.o [1]
  .bss               zero     0x200061b4     0x4  IntQueue.o [1]
  .bss               zero     0x200061b8     0x4  IntQueue.o [1]
  .bss               zero     0x200061bc     0x4  IntQueue.o [1]
  .bss               zero     0x200061c0     0x4  IntQueue.o [1]
  .bss               zero     0x200061c4     0x4  IntQueue.o [1]
  .bss               zero     0x200061c8     0x4  IntQueue.o [1]
  .bss               zero     0x200061cc     0x4  IntQueue.o [1]
  .bss               zero     0x200061d0     0x4  IntQueue.o [1]
  .bss               zero     0x200061d4     0x4  IntQueue.o [1]
  .bss               zero     0x200061d8     0x4  IntQueue.o [1]
  .bss               zero     0x200061dc     0x4  IntQueue.o [1]
  .bss               zero     0x200061e0     0x4  IntQueue.o [1]
  .bss               zero     0x200061e4     0x4  IntQueue.o [1]
  .bss               zero     0x200061e8     0x4  main.o [1]
  .bss               zero     0x200061ec     0x4  main.o [1]
  .bss               zero     0x200061f0     0x4  PollQ.o [1]
  .bss               zero     0x200061f4     0x4  PollQ.o [1]
  .bss               zero     0x200061f8     0x4  PollQ.o [1]
  .bss               zero     0x200061fc     0x4  QPeek.o [1]
  .bss               zero     0x20006200     0x4  QPeek.o [1]
  .bss               zero     0x20006204     0x4  QPeek.o [1]
  .bss               zero     0x20006208     0x4  QPeek.o [1]
  .bss               zero     0x2000620c     0x4  QPeek.o [1]
  .bss               zero     0x20006210     0x4  QPeek.o [1]
  .bss               zero     0x20006214     0x4  recmutex.o [1]
  .bss               zero     0x20006218     0x4  recmutex.o [1]
  .bss               zero     0x2000621c     0x4  recmutex.o [1]
  .bss               zero     0x20006220     0x4  recmutex.o [1]
  .bss               zero     0x20006224     0x4  recmutex.o [1]
  .bss               zero     0x20006228     0x4  recmutex.o [1]
  .bss               zero     0x2000622c     0x4  recmutex.o [1]
  .bss               zero     0x20006230     0x4  recmutex.o [1]
  .bss               zero     0x20006234     0x4  recmutex.o [1]
  .bss               zero     0x20006238     0x4  recmutex.o [1]
  .bss               zero     0x2000623c     0x4  recmutex.o [1]
  .bss               zero     0x20006240     0x4  recmutex.o [1]
  .bss               zero     0x20006244     0x4  rit128x96x4.o [1]
  .bss               zero     0x20006248     0x4  rit128x96x4.o [1]
  .bss               zero     0x2000624c     0x4  rit128x96x4.o [1]
  .bss               zero     0x20006250     0x4  rit128x96x4.o [1]
  .bss               zero     0x20006254     0x4  tasks.o [1]
  .bss               zero     0x20006258     0x4  tasks.o [1]
  .bss               zero     0x2000625c     0x4  tasks.o [1]
  .bss               zero     0x20006260     0x4  tasks.o [1]
  .bss               zero     0x20006264     0x4  tasks.o [1]
  .bss               zero     0x20006268     0x4  tasks.o [1]
  .bss               zero     0x2000626c     0x4  tasks.o [1]
  .bss               zero     0x20006270     0x4  tasks.o [1]
  .bss               zero     0x20006274     0x4  tasks.o [1]
  .bss               zero     0x20006278     0x4  tasks.o [1]
  .bss               zero     0x2000627c     0x4  tasks.o [1]
  .bss               zero     0x20006280     0x4  tasks.o [1]
  .bss               zero     0x20006284     0x4  tasks.o [1]
  .bss               zero     0x20006288     0x4  tasks.o [1]
  .bss               zero     0x2000628c     0x4  tasks.o [1]
  .bss               zero     0x20006290     0x4  tasks.o [1]
  .bss               zero     0x20006294     0x4  tasks.o [1]
  .bss               zero     0x20006298     0x4  timertest.o [1]
  .bss               zero     0x2000629c     0x4  timertest.o [1]
  .bss               zero     0x200062a0     0x4  timertest.o [1]
  .bss               zero     0x200062a4     0x2  death.o [1]
  .bss               zero     0x200062a6     0x2  semtest.o [1]
  .bss               zero     0x200062a8     0x1  osram128x64x4.o [1]
  .bss               zero     0x200062a9     0x1  rit128x96x4.o [1]
  .noinit            uninit   0x200062ac   0x1e0  startup_ewarm.o [1]
                            - 0x2000648c  0x648c


*******************************************************************************
*** INIT TABLE
***

          Address     Size
          -------     ----
Zero (__iar_zero_init3)
    1 destination range, total size 0x628a:
          0x20000020  0x628a

Copy (__iar_copy_init3)
    1 source range, total size 0x1c (107% of destination):
          0x00007a34    0x1c
    1 destination range, total size 0x1a:
          0x20000000    0x1a



*******************************************************************************
*** MODULE SUMMARY
***

    Module                 ro code  ro data  rw data
    ------                 -------  -------  -------
C:\StellarisWare\boards\FreeRTOS0-beck\Demo\CORTEX_LM3Sxxxx_IAR_Keil\Debug\Obj: [1]
    BlockQ.o                   604       48       32
    GenQTest.o               1 268       64       32
    IntQueue.o               2 188       68      484
    IntQueueTimer.o            184
    ParTest.o                   40
    PollQ.o                    316       32       12
    QPeek.o                    848       52       24
    blocktim.o               1 016       36       32
    death.o                    332       30       16
    emac.o                      72                 4
    formike128x128x16.o      1 548       48       28
    heap_2.o                   292        6   24 024
    integer.o                  180        8        4
    list.o                     154
    main.o                     754    5 164       40
    osram128x64x4.o            776      572       25
    port.o                     188        4        4
    portasm.o                  140
    queue.o                  1 332                80
    recmutex.o                 648       40       48
    rit128x96x4.o              928      572       25
    semtest.o                  532       64       18
    startup_ewarm.o              6      256      480
    tasks.o                  2 796       36      276
    timertest.o                196                12
    ------------------------------------------------
    Total:                  17 338    7 100   25 700

command line: [2]
    ------------------------------------------------
    Total:

dl7M_tln.a: [3]
    exit.o                       4
    low_level_init.o             4
    sprintf.o                   52
    xprintfsmall.o           1 240
    xsprout.o                   10
    ------------------------------------------------
    Total:                   1 310

driverlib.a: [4]
    ethernet.o                  32
    gpio.o                     288
    interrupt.o                140       64
    ssi.o                      136
    sysctl.o                   668      120
    timer.o                     88
    ------------------------------------------------
    Total:                   1 352      184

grlib.a: [5]
    context.o                   32
    fontcmss12.o                      1 500
    image.o                    716                32
    line.o                      76
    rectangle.o                180
    string.o                   656
    ------------------------------------------------
    Total:                   1 660    1 500       32

rt7M_tl.a: [6]
    ABImemclr4.o                 6
    ABImemcpy_unaligned.o      118
    ABImemset.o                102
    ABImemset48.o               50
    XXexit.o                    12
    cexit.o                     10
    cmain.o                     26
    copy_init3.o                46
    cstartup_M.o                12
    data_init.o                 40
    memchr.o                    88
    memcmp_unaligned.o          98
    strchr.o                    22
    strlen.o                    54
    strncpy_unaligned.o        108
    zero_init3.o                34
    ------------------------------------------------
    Total:                     826

    Gaps                         4                 6
    Linker created                       38
----------------------------------------------------
    Grand Total:            22 490    8 822   25 738


*******************************************************************************
*** ENTRY LIST
***

Entry                      Address    Size  Type      Object
-----                      -------    ----  ----      ------
.iar.init_table$$Base   0x000076c8           --   Gb  - Linker created -
.iar.init_table$$Limit  0x000076ec           --   Gb  - Linker created -
?main                   0x000076ed          Code  Gb  cmain.o [6]
EthernetIntClear        0x00007635     0x4  Code  Gb  ethernet.o [4]
EthernetIntDisable      0x00007619     0xa  Code  Gb  ethernet.o [4]
EthernetIntStatus       0x00007625     0xe  Code  Gb  ethernet.o [4]
FaultISR                0x00001ff9     0x2  Code  Lc  startup_ewarm.o [1]
Formike128x128x16BacklightOn
                        0x00005915     0xa  Code  Gb  formike128x128x16.o [1]
Formike128x128x16ColorTranslate
                        0x00005c25    0x16  Code  Lc  formike128x128x16.o [1]
Formike128x128x16Flush  0x00005b01     0x2  Code  Lc  formike128x128x16.o [1]
Formike128x128x16Init   0x00005789   0x18c  Code  Gb  formike128x128x16.o [1]
Formike128x128x16LineDrawH
                        0x00005b03    0x58  Code  Lc  formike128x128x16.o [1]
Formike128x128x16LineDrawV
                        0x00005b5b    0x58  Code  Lc  formike128x128x16.o [1]
Formike128x128x16PixelDraw
                        0x0000591f    0x4c  Code  Lc  formike128x128x16.o [1]
Formike128x128x16PixelDrawMultiple
                        0x0000596b   0x196  Code  Lc  formike128x128x16.o [1]
Formike128x128x16RectFill
                        0x00005bb3    0x72  Code  Lc  formike128x128x16.o [1]
GPIODirModeSet          0x0000478d    0x1e  Code  Gb  gpio.o [4]
GPIOPadConfigSet        0x000047c1    0xac  Code  Gb  gpio.o [4]
GPIOPinTypeGPIOOutput   0x0000488d    0x10  Code  Gb  gpio.o [4]
GPIOPinTypeSSI          0x0000489d    0x10  Code  Gb  gpio.o [4]
GPIOPinWrite            0x0000486d     0x6  Code  Gb  gpio.o [4]
GrContextInit           0x00006095    0x20  Code  Gb  context.o [5]
GrImageDraw             0x000060b5   0x2cc  Code  Gb  image.o [5]
GrLineDrawH             0x00006381    0x4c  Code  Gb  line.o [5]
GrRectFill              0x00005d51    0xb4  Code  Gb  rectangle.o [5]
GrStringDraw            0x00005e05   0x290  Code  Gb  string.o [5]
IntDefaultHandler       0x00001ffb     0x2  Code  Lc  startup_ewarm.o [1]
IntEnable               0x00004ab5    0x60  Code  Gb  interrupt.o [4]
IntPrioritySet          0x00004a91    0x20  Code  Gb  interrupt.o [4]
LoadInt                 0x00004ea5    0x4c  Code  Lc  xprintfsmall.o [3]
NmiSR                   0x00001ff7     0x2  Code  Lc  startup_ewarm.o [1]
OSRAM128x64x4Clear      0x00006daf    0x38  Code  Gb  osram128x64x4.o [1]
OSRAM128x64x4Enable     0x00006f27    0x54  Code  Gb  osram128x64x4.o [1]
OSRAM128x64x4ImageDraw  0x00006ec5    0x62  Code  Gb  osram128x64x4.o [1]
OSRAM128x64x4Init       0x00006f7b    0x96  Code  Gb  osram128x64x4.o [1]
OSRAM128x64x4StringDraw
                        0x00006de7    0xde  Code  Gb  osram128x64x4.o [1]
OSRAMWriteCommand       0x00006d45    0x36  Code  Lc  osram128x64x4.o [1]
OSRAMWriteData          0x00006d7b    0x34  Code  Lc  osram128x64x4.o [1]
RIT128x96x4Clear        0x000069ab    0x4e  Code  Gb  rit128x96x4.o [1]
RIT128x96x4Enable       0x00006b39    0x54  Code  Gb  rit128x96x4.o [1]
RIT128x96x4ImageDraw    0x00006ad7    0x62  Code  Gb  rit128x96x4.o [1]
RIT128x96x4Init         0x00006b8d    0xe8  Code  Gb  rit128x96x4.o [1]
RIT128x96x4StringDraw   0x000069f9    0xde  Code  Gb  rit128x96x4.o [1]
RITWriteCommand         0x0000691d    0x44  Code  Lc  rit128x96x4.o [1]
RITWriteData            0x00006961    0x4a  Code  Lc  rit128x96x4.o [1]
Region$$Table$$Base     0x000076c8           --   Gb  - Linker created -
Region$$Table$$Limit    0x000076ec           --   Gb  - Linker created -
SSIConfigSetExpClk      0x00006cbd    0x42  Code  Gb  ssi.o [4]
SSIDataGet              0x00006d25     0xc  Code  Gb  ssi.o [4]
SSIDataGetNonBlocking   0x00006d31    0x12  Code  Gb  ssi.o [4]
SSIDataPut              0x00006d19     0xa  Code  Gb  ssi.o [4]
SSIDisable              0x00006d0d     0xc  Code  Gb  ssi.o [4]
SSIEnable               0x00006d01     0xc  Code  Gb  ssi.o [4]
SysCtlClockGet          0x0000465d   0x130  Code  Gb  sysctl.o [4]
SysCtlClockSet          0x0000454d   0x108  Code  Gb  sysctl.o [4]
SysCtlDelay             0x00004545     0x8  Code  Gb  sysctl.o [4]
SysCtlLDOSet            0x00004539     0x6  Code  Gb  sysctl.o [4]
SysCtlPeripheralEnable  0x00004515    0x12  Code  Gb  sysctl.o [4]
SysCtlPeripheralPresent
                        0x000044f1    0x24  Code  Gb  sysctl.o [4]
Timer0IntHandler        0x0000448f    0x42  Code  Gb  timertest.o [1]
TimerConfigure          0x00004a4d    0x24  Code  Gb  timer.o [4]
TimerEnable             0x00004a39     0xe  Code  Gb  timer.o [4]
TimerIntClear           0x00004a8d     0x4  Code  Gb  timer.o [4]
TimerIntEnable          0x00004a81     0xa  Code  Gb  timer.o [4]
TimerLoadSet            0x00004a71    0x10  Code  Gb  timer.o [4]
WriteCommand            0x0000575f    0x2a  Code  Lc  formike128x128x16.o [1]
WriteData               0x00005745    0x1a  Code  Lc  formike128x128x16.o [1]
_LitobSmall             0x00004ef1    0xce  Code  Lc  xprintfsmall.o [3]
_PrintfSmall            0x00004b1d   0x382  Code  Gb  xprintfsmall.o [3]
_PutcharsSmall          0x00004fbf    0x2e  Code  Lc  xprintfsmall.o [3]
_SProut                 0x00001df7     0xa  Code  Gb  xsprout.o [3]
__aeabi_memclr4         0x000063cd          Code  Gb  ABImemclr4.o [6]
__aeabi_memset          0x00001f91          Code  Gb  ABImemset.o [6]
__cmain                 0x000076ed          Code  Gb  cmain.o [6]
__exit                  0x0000771d          Code  Gb  XXexit.o [6]
__iar_Memchr            0x00005045          Code  Gb  memchr.o [6]
__iar_Memset            0x00001f91          Code  Gb  ABImemset.o [6]
__iar_Memset4_word      0x000063d5          Code  Gb  ABImemset48.o [6]
__iar_Memset8_word      0x000063d5          Code  Gb  ABImemset48.o [6]
__iar_Memset_word       0x00001f99          Code  Gb  ABImemset.o [6]
__iar_Strchr            0x00004ff5          Code  Gb  strchr.o [6]
__iar_copy_init3        0x000019c7    0x2e  Code  Gb  copy_init3.o [6]
__iar_data_init3        0x000076a1    0x28  Code  Gb  data_init.o [6]
__iar_program_start     0x000078e9          Code  Gb  cstartup_M.o [6]
__iar_unaligned___aeabi_memcpy
                        0x00004909          Code  Gb  ABImemcpy_unaligned.o [6]
__iar_unaligned___aeabi_memcpy4
                        0x00004929          Code  Gb  ABImemcpy_unaligned.o [6]
__iar_unaligned___aeabi_memcpy8
                        0x00004929          Code  Gb  ABImemcpy_unaligned.o [6]
__iar_unaligned_memcmp  0x00001d95          Code  Gb  memcmp_unaligned.o [6]
__iar_unaligned_strncpy
                        0x00001e01          Code  Gb  strncpy_unaligned.o [6]
__iar_zero_init3        0x00001d73    0x22  Code  Gb  zero_init3.o [6]
__low_level_init        0x00007707     0x4  Code  Gb  low_level_init.o [3]
__vector_table          0x00000000   0x100  Data  Gb  startup_ewarm.o [1]
_call_main              0x000076f9          Code  Gb  cmain.o [6]
_exit                   0x00007711          Code  Gb  cexit.o [6]
_main                   0x00007703          Code  Gb  cmain.o [6]
exit                    0x0000770b     0x4  Code  Gb  exit.o [3]
g_bSSIEnabled           0x200062a8     0x1  Data  Lc  osram128x64x4.o [1]
g_bSSIEnabled           0x200062a9     0x1  Data  Lc  rit128x96x4.o [1]
g_pucBuffer             0x20006128     0x8  Data  Lc  rit128x96x4.o [1]
g_pucCmss12Data         0x00006408   0x514  Data  Lc  fontcmss12.o [5]
g_pucDictionary         0x20006024    0x20  Data  Lc  image.o [5]
g_pucFont               0x0000704c   0x1e0  Data  Lc  osram128x64x4.o [1]
g_pucFont               0x0000722c   0x1e0  Data  Lc  rit128x96x4.o [1]
g_pucOSRAM128x64x4HorizontalInc
                        0x00005042     0x2  Data  Lc  osram128x64x4.o [1]
g_pucOSRAM128x64x4Init  0x00007530    0x50  Data  Lc  osram128x64x4.o [1]
g_pucOSRAM128x64x4VerticalInc
                        0x0000500a     0x2  Data  Lc  osram128x64x4.o [1]
g_pucRIT128x96x4HorizontalInc
                        0x00006406     0x2  Data  Lc  rit128x96x4.o [1]
g_pucRIT128x96x4Init    0x00007580    0x50  Data  Lc  rit128x96x4.o [1]
g_pucRIT128x96x4VerticalInc
                        0x000063d2     0x2  Data  Lc  rit128x96x4.o [1]
g_pulDCRegs             0x000078c0    0x10  Data  Lc  sysctl.o [4]
g_pulRCGCRegs           0x000078dc     0xc  Data  Lc  sysctl.o [4]
g_pulRegs               0x00007638    0x40  Data  Lc  interrupt.o [4]
g_pulXtals              0x000074d4    0x5c  Data  Lc  sysctl.o [4]
g_sFontCmss12           0x0000740c    0xc8  Data  Gb  fontcmss12.o [5]
g_sFormike128x128x16    0x00007678    0x28  Data  Gb  formike128x128x16.o [1]
heapSTRUCT_SIZE         0x0000497e     0x2  Data  Lc  heap_2.o [1]
main                    0x00001a81    0x74  Code  Gb  main.o [1]
memchr                  0x00005045          Code  Gb  memchr.o [6]
pcTraceBuffer           0x2000628c     0x4  Data  Lc  tasks.o [1]
pcTraceBufferEnd        0x20006290     0x4  Data  Lc  tasks.o [1]
pcWelcomeMessage        0x00007a20     0x4  Data  Gb  main.o [1]
prv1stHigherPriorityNormallyFullTask
                        0x00002ddd    0xfc  Code  Lc  IntQueue.o [1]
prv2ndHigherPriorityNormallyFullTask
                        0x00002ed9    0x8e  Code  Lc  IntQueue.o [1]
prvAddCurrentTaskToDelayedList
                        0x00001685    0x3e  Code  Lc  tasks.o [1]
prvAllocateTCBAndStack  0x000016dd    0x46  Code  Lc  tasks.o [1]
prvCheckTasksWaitingTermination
                        0x0000162b    0x54  Code  Lc  tasks.o [1]
prvCopyDataFromQueue    0x0000242b    0x2a  Code  Lc  queue.o [1]
prvCopyDataToQueue      0x000023c1    0x6a  Code  Lc  queue.o [1]
prvDeleteTCB            0x00001759    0x12  Code  Lc  tasks.o [1]
prvHighPriorityMutexTask
                        0x00002a21    0x3a  Code  Lc  GenQTest.o [1]
prvHighPriorityPeekTask
                        0x000040f1    0x70  Code  Lc  QPeek.o [1]
prvHigherPriorityNormallyEmptyTask
                        0x00002c39   0x104  Code  Lc  IntQueue.o [1]
prvHighestPriorityPeekTask
                        0x00004021    0xce  Code  Lc  QPeek.o [1]
prvIdleTask             0x000015a5     0x8  Code  Lc  tasks.o [1]
prvInitialiseTCBVariables
                        0x000015ad    0x3a  Code  Lc  tasks.o [1]
prvInitialiseTaskLists  0x000015e7    0x44  Code  Lc  tasks.o [1]
prvIsQueueEmpty         0x000024bf    0x1c  Code  Lc  queue.o [1]
prvIsQueueFull          0x000024db    0x1e  Code  Lc  queue.o [1]
prvLowPriorityMutexTask
                        0x0000294d    0xbe  Code  Lc  GenQTest.o [1]
prvLowPriorityPeekTask  0x000041b1    0xca  Code  Lc  QPeek.o [1]
prvLowerPriorityNormallyEmptyTask
                        0x00002d3d    0x9e  Code  Lc  IntQueue.o [1]
prvLowerPriorityNormallyFullTask
                        0x00002f69    0x88  Code  Lc  IntQueue.o [1]
prvMediumPriorityMutexTask
                        0x00002a0d    0x14  Code  Lc  GenQTest.o [1]
prvMediumPriorityPeekTask
                        0x00004161    0x4e  Code  Lc  QPeek.o [1]
prvQueueAccessLogError  0x00002c27    0x10  Code  Lc  IntQueue.o [1]
prvRecordValue_NormallyEmpty
                        0x00002c03    0x24  Code  Lc  IntQueue.o [1]
prvRecordValue_NormallyFull
                        0x00002be1    0x22  Code  Lc  IntQueue.o [1]
prvRecursiveMutexBlockingTask
                        0x0000346d    0x6e  Code  Lc  recmutex.o [1]
prvRecursiveMutexControllingTask
                        0x000033e1    0x8a  Code  Lc  recmutex.o [1]
prvRecursiveMutexPollingTask
                        0x000034dd    0x6c  Code  Lc  recmutex.o [1]
prvSemaphoreTest        0x00003d59    0xaa  Code  Lc  semtest.o [1]
prvSendFrontAndBackTest
                        0x00002695   0x2b8  Code  Lc  GenQTest.o [1]
prvSetupHardware        0x00001af5    0x3a  Code  Lc  main.o [1]
prvSetupTimerInterrupt  0x00001907    0x10  Code  Lc  port.o [1]
prvUnlockQueue          0x00002455    0x6a  Code  Lc  queue.o [1]
pucBasicBitmap          0x00000100   0xc84  Data  Gb  main.o [1]
pucGrLibBitmap          0x0000509c   0x6a8  Data  Gb  main.o [1]
pulStack                0x200062ac   0x1e0  Data  Lc  startup_ewarm.o [1]
pvPortMalloc            0x00001e6d    0xd0  Code  Gb  heap_2.o [1]
pxCurrentTCB            0x20006254     0x4  Data  Gb  tasks.o [1]
pxDelayedTaskList       0x20006258     0x4  Data  Lc  tasks.o [1]
pxOverflowDelayedTaskList
                        0x2000625c     0x4  Data  Lc  tasks.o [1]
pxPortInitialiseStack   0x00001871    0x1a  Code  Gb  port.o [1]
pxReadyTasksLists       0x20005f70    0x64  Data  Lc  tasks.o [1]
sBlockingConsumerCount  0x200060e0     0x8  Data  Lc  BlockQ.o [1]
sBlockingProducerCount  0x200060e8     0x8  Data  Lc  BlockQ.o [1]
sCheckVariables         0x20006130     0x8  Data  Lc  semtest.o [1]
sContext                0x20006044    0x1c  Data  Lc  formike128x128x16.o [1]
sNextCheckVariable      0x200062a6     0x2  Data  Lc  semtest.o [1]
sprintf                 0x000048d5    0x34  Code  Gb  sprintf.o [3]
strchr                  0x00004ff5          Code  Gb  strchr.o [6]
strlen                  0x0000500d          Code  Gb  strlen.o [6]
ucNormallyEmptyReceivedValues
                        0x20005de0    0xc8  Data  Lc  IntQueue.o [1]
ucNormallyFullReceivedValues
                        0x20005ea8    0xc8  Data  Lc  IntQueue.o [1]
ulGPIOBase              0x20006248     0x4  Data  Gb  rit128x96x4.o [1]
ulGPIOId                0x20006244     0x4  Data  Gb  rit128x96x4.o [1]
ulGuardedVariable       0x2000617c     0x4  Data  Lc  GenQTest.o [1]
ulLoopCounter           0x20006174     0x4  Data  Lc  GenQTest.o [1]
ulLoopCounter           0x20006200     0x4  Data  Lc  QPeek.o [1]
ulLoopCounter2          0x20006178     0x4  Data  Lc  GenQTest.o [1]
ulMaxJitter             0x20006298     0x4  Data  Gb  timertest.o [1]
ulOLEDDC_PIN            0x2000624c     0x4  Data  Gb  rit128x96x4.o [1]
ulOLEDEN_PIN            0x20006250     0x4  Data  Gb  rit128x96x4.o [1]
usCreationCount         0x200062a4     0x2  Data  Lc  death.o [1]
usTaskCheckFreeStackSpace
                        0x00001729    0x18  Code  Lc  tasks.o [1]
uxBlockingCycles        0x20006228     0x4  Data  Lc  recmutex.o [1]
uxControllingCycles     0x20006224     0x4  Data  Lc  recmutex.o [1]
uxCriticalNesting       0x2000000c     0x4  Data  Lc  port.o [1]
uxCurrentNumberOfTasks  0x20006264     0x4  Data  Lc  tasks.o [1]
uxHighPriorityLoops1    0x200061a0     0x4  Data  Lc  IntQueue.o [1]
uxHighPriorityLoops2    0x200061a4     0x4  Data  Lc  IntQueue.o [1]
uxLowPriorityLoops1     0x200061a8     0x4  Data  Lc  IntQueue.o [1]
uxLowPriorityLoops2     0x200061ac     0x4  Data  Lc  IntQueue.o [1]
uxMaxNumberOfExtraTasksRunning
                        0x00007a1c     0x4  Data  Lc  death.o [1]
uxMissedTicks           0x2000627c     0x4  Data  Lc  tasks.o [1]
uxPollingCycles         0x2000622c     0x4  Data  Lc  recmutex.o [1]
uxPreviousTask          0x20000014     0x4  Data  Lc  tasks.o [1]
uxQueueMessagesWaiting  0x000023af    0x12  Code  Gb  queue.o [1]
uxSchedulerSuspended    0x20006278     0x4  Data  Lc  tasks.o [1]
uxTaskGetNumberOfTasks  0x00001251     0x8  Code  Gb  tasks.o [1]
uxTaskGetStackHighWaterMark
                        0x00001741    0x14  Code  Gb  tasks.o [1]
uxTaskNumber            0x20006288     0x4  Data  Lc  tasks.o [1]
uxTaskPriorityGet       0x00000f5b    0x1e  Code  Gb  tasks.o [1]
uxTasksDeleted          0x20006260     0x4  Data  Lc  tasks.o [1]
uxTasksRunningAtStart   0x20006160     0x4  Data  Lc  death.o [1]
uxTopReadyPriority      0x20006270     0x4  Data  Lc  tasks.o [1]
uxTopUsedPriority       0x2000626c     0x4  Data  Lc  tasks.o [1]
uxValueForNormallyEmptyQueue
                        0x200061b8     0x4  Data  Gb  IntQueue.o [1]
uxValueForNormallyFullQueue
                        0x200061bc     0x4  Data  Gb  IntQueue.o [1]
vApplicationStackOverflowHook
                        0x00001d71     0x2  Code  Gb  main.o [1]
vApplicationTickHook    0x00001b2f    0xd4  Code  Gb  main.o [1]
vBlockingQueueConsumer  0x00003785    0x40  Code  Lc  BlockQ.o [1]
vBlockingQueueProducer  0x00003749    0x3c  Code  Lc  BlockQ.o [1]
vCompeteingIntMathTask  0x00002569    0x46  Code  Lc  integer.o [1]
vCreateBlockTimeTasks   0x00003849    0x66  Code  Gb  blocktim.o [1]
vCreateSuicidalTasks    0x000042e1    0x3c  Code  Gb  death.o [1]
vCreateTasks            0x0000435d    0x5a  Code  Lc  death.o [1]
vEMAC_ISR               0x000075d1    0x40  Code  Gb  emac.o [1]
vFormike128x128x16Clear
                        0x00005c3b    0x38  Code  Gb  formike128x128x16.o [1]
vFormike128x128x16ImageDraw
                        0x00005cff    0x10  Code  Gb  formike128x128x16.o [1]
vFormike128x128x16Init  0x00005ca9    0x56  Code  Gb  formike128x128x16.o [1]
vFormike128x128x16StringDraw
                        0x00005c73    0x36  Code  Gb  formike128x128x16.o [1]
vInitialiseTimerForIntQueueTest
                        0x00004981    0x78  Code  Gb  IntQueueTimer.o [1]
vListInitialise         0x0000192d    0x1e  Code  Gb  list.o [1]
vListInitialiseItem     0x0000194b     0x6  Code  Gb  list.o [1]
vListInsert             0x0000196d    0x36  Code  Gb  list.o [1]
vListInsertEnd          0x00001951    0x1c  Code  Gb  list.o [1]
vListRemove             0x000019a3    0x24  Code  Gb  list.o [1]
vOLEDTask               0x00001c05    0xd0  Code  Lc  main.o [1]
vParTestInitialise      0x000048ad    0x24  Code  Gb  ParTest.o [1]
vPolledQueueConsumer    0x00003efd    0x58  Code  Lc  PollQ.o [1]
vPolledQueueProducer    0x00003ea9    0x54  Code  Lc  PollQ.o [1]
vPortClearInterruptMask
                        0x00001a3f          Code  Gb  portasm.o [1]
vPortEnterCritical      0x000018c1    0x12  Code  Gb  port.o [1]
vPortExitCritical       0x000018d3    0x1a  Code  Gb  port.o [1]
vPortFree               0x00001f3d    0x3a  Code  Gb  heap_2.o [1]
vPortSVCHandler         0x00001a4d          Code  Gb  portasm.o [1]
vPortSetInterruptMask   0x00001a31          Code  Gb  portasm.o [1]
vPortStartFirstTask     0x00001a69          Code  Gb  portasm.o [1]
vPortYieldFromISR       0x000018b7     0xa  Code  Gb  port.o [1]
vPrimaryBlockTimeTestTask
                        0x000038b1   0x280  Code  Lc  blocktim.o [1]
vQueueAddToRegistry     0x00002509    0x24  Code  Gb  queue.o [1]
vSecondaryBlockTimeTestTask
                        0x00003b31    0xa8  Code  Lc  blocktim.o [1]
vSetMSP                 0x000019f5          Code  Gb  portasm.o [1]
vSetupHighFrequencyTimer
                        0x0000442d    0x62  Code  Gb  timertest.o [1]
vStartBlockingQueueTasks
                        0x000035ed   0x15a  Code  Gb  BlockQ.o [1]
vStartGenericQueueTasks
                        0x000025e5    0xb0  Code  Gb  GenQTest.o [1]
vStartIntegerMathTasks  0x00002531    0x38  Code  Gb  integer.o [1]
vStartInterruptQueueTasks
                        0x00002ad9   0x108  Code  Gb  IntQueue.o [1]
vStartPolledQueueTasks  0x00003e55    0x54  Code  Gb  PollQ.o [1]
vStartQueuePeekTasks    0x00003f91    0x8e  Code  Gb  QPeek.o [1]
vStartRecursiveMutexTasks
                        0x00003365    0x7c  Code  Gb  recmutex.o [1]
vStartSemaphoreTasks    0x00003c41   0x116  Code  Gb  semtest.o [1]
vSuicidalTask           0x0000431d    0x40  Code  Lc  death.o [1]
vT2InterruptHandler     0x000049f9    0x18  Code  Gb  IntQueueTimer.o [1]
vT3InterruptHandler     0x00004a11    0x18  Code  Gb  IntQueueTimer.o [1]
vTaskDelay              0x00000f25    0x36  Code  Gb  tasks.o [1]
vTaskDelete             0x00000eb1    0x74  Code  Gb  tasks.o [1]
vTaskIncrementTick      0x00001259   0x118  Code  Gb  tasks.o [1]
vTaskMissedYield        0x0000159b     0x8  Code  Gb  tasks.o [1]
vTaskPlaceOnEventList   0x00001491    0x3a  Code  Gb  tasks.o [1]
vTaskPriorityDisinherit
                        0x000017db    0x44  Code  Gb  tasks.o [1]
vTaskPriorityInherit    0x00001775    0x66  Code  Gb  tasks.o [1]
vTaskPrioritySet        0x00000f79    0xa0  Code  Gb  tasks.o [1]
vTaskResume             0x000010b3    0x64  Code  Gb  tasks.o [1]
vTaskSetTimeOutState    0x0000152b    0x10  Code  Gb  tasks.o [1]
vTaskStartScheduler     0x00001117    0x44  Code  Gb  tasks.o [1]
vTaskSuspend            0x00001019    0x78  Code  Gb  tasks.o [1]
vTaskSuspendAll         0x0000115b    0x10  Code  Gb  tasks.o [1]
vTaskSwitchContext      0x00001371   0x120  Code  Gb  tasks.o [1]
xAreBlockTimeTestTasksStillRunning
                        0x00003bd9    0x3a  Code  Gb  blocktim.o [1]
xAreBlockingQueuesStillRunning
                        0x000037c5    0x4a  Code  Gb  BlockQ.o [1]
xAreGenericQueueTasksStillRunning
                        0x00002a5b    0x46  Code  Gb  GenQTest.o [1]
xAreIntQueueTasksStillRunning
                        0x00003279    0x78  Code  Gb  IntQueue.o [1]
xAreIntegerMathsTaskStillRunning
                        0x000025af    0x28  Code  Gb  integer.o [1]
xArePollingQueuesStillRunning
                        0x00003f55    0x24  Code  Gb  PollQ.o [1]
xAreQueuePeekTasksStillRunning
                        0x0000427b    0x2c  Code  Gb  QPeek.o [1]
xAreRecursiveMutexTasksStillRunning
                        0x00003549    0x64  Code  Gb  recmutex.o [1]
xAreSemaphoreTasksStillRunning
                        0x00003e03    0x2c  Code  Gb  semtest.o [1]
xBlockingIsSuspended    0x20006220     0x4  Data  Lc  recmutex.o [1]
xBlockingTaskHandle     0x20006234     0x4  Data  Lc  recmutex.o [1]
xControllingIsSuspended
                        0x2000621c     0x4  Data  Lc  recmutex.o [1]
xControllingTaskHandle  0x20006230     0x4  Data  Lc  recmutex.o [1]
xCreatedTask            0x20006164     0x4  Data  Gb  death.o [1]
xDelayedTaskList1       0x2000607c    0x14  Data  Lc  tasks.o [1]
xDelayedTaskList2       0x20006090    0x14  Data  Lc  tasks.o [1]
xEnd                    0x20006108     0x8  Data  Lc  heap_2.o [1]
xErrorDetected          0x20006170     0x4  Data  Lc  GenQTest.o [1]
xErrorDetected          0x200061fc     0x4  Data  Lc  QPeek.o [1]
xErrorLine              0x200061b0     0x4  Data  Lc  IntQueue.o [1]
xErrorOccurred          0x20006150     0x4  Data  Lc  blocktim.o [1]
xErrorOccurred          0x20006218     0x4  Data  Lc  recmutex.o [1]
xErrorStatus            0x20000004     0x4  Data  Lc  IntQueue.o [1]
xFirstTimerHandler      0x00002ff1    0xf8  Code  Gb  IntQueue.o [1]
xFreeBytesRemaining     0x20000000     0x4  Data  Lc  heap_2.o [1]
xHeap                   0x20000020  0x5dc0  Data  Lc  heap_2.o [1]
xHighPriorityMutexTask  0x20006180     0x4  Data  Lc  GenQTest.o [1]
xHighPriorityNormallyEmptyTask1
                        0x200061c0     0x4  Data  Gb  IntQueue.o [1]
xHighPriorityNormallyEmptyTask2
                        0x200061c4     0x4  Data  Gb  IntQueue.o [1]
xHighPriorityNormallyFullTask1
                        0x200061c8     0x4  Data  Gb  IntQueue.o [1]
xHighPriorityNormallyFullTask2
                        0x200061cc     0x4  Data  Gb  IntQueue.o [1]
xHighPriorityTask       0x20006208     0x4  Data  Gb  QPeek.o [1]
xHighestPriorityTask    0x2000620c     0x4  Data  Gb  QPeek.o [1]
xIsCreateTaskStillRunning
                        0x000043b7    0x4c  Code  Gb  death.o [1]
xMACInterruptSemaphore  0x2000616c     0x4  Data  Gb  emac.o [1]
xMediumPriorityMutexTask
                        0x20006184     0x4  Data  Lc  GenQTest.o [1]
xMediumPriorityTask     0x20006204     0x4  Data  Gb  QPeek.o [1]
xMissedYield            0x20006280     0x4  Data  Lc  tasks.o [1]
xMutex                  0x20006214     0x4  Data  Lc  recmutex.o [1]
xNextTaskUnblockTime    0x20000010     0x4  Data  Lc  tasks.o [1]
xNormallyEmptyQueue     0x20006198     0x4  Data  Lc  IntQueue.o [1]
xNormallyFullQueue      0x2000619c     0x4  Data  Lc  IntQueue.o [1]
xNumOfOverflows         0x20006284     0x4  Data  Lc  tasks.o [1]
xOLEDQueue              0x200061e8     0x4  Data  Gb  main.o [1]
xPendingReadyList       0x200060a4    0x14  Data  Lc  tasks.o [1]
xPollingConsumerCount   0x200061f0     0x4  Data  Lc  PollQ.o [1]
xPollingProducerCount   0x200061f4     0x4  Data  Lc  PollQ.o [1]
xPortPendSVHandler      0x000019fb          Code  Gb  portasm.o [1]
xPortStartScheduler     0x0000188b    0x2c  Code  Gb  port.o [1]
xPortSysTickHandler     0x000018ed    0x1a  Code  Gb  port.o [1]
xPrimaryCycles          0x20006148     0x4  Data  Lc  blocktim.o [1]
xQueueCreate            0x00001ffd    0x72  Code  Gb  queue.o [1]
xQueueCreateMutex       0x0000206f    0x56  Code  Gb  queue.o [1]
xQueueGenericReceive    0x00002249   0x110  Code  Gb  queue.o [1]
xQueueGenericSend       0x00002125    0xce  Code  Gb  queue.o [1]
xQueueGenericSendFromISR
                        0x000021f3    0x56  Code  Gb  queue.o [1]
xQueueGiveMutexRecursive
                        0x000020c5    0x2e  Code  Gb  queue.o [1]
xQueueIsQueueFullFromISR
                        0x000024f9    0x10  Code  Gb  queue.o [1]
xQueueReceiveFromISR    0x00002359    0x56  Code  Gb  queue.o [1]
xQueueRegistry          0x20005fd4    0x50  Data  Gb  queue.o [1]
xQueueTakeMutexRecursive
                        0x000020f3    0x32  Code  Gb  queue.o [1]
xRunIndicator           0x20006154     0x4  Data  Lc  blocktim.o [1]
xSchedulerRunning       0x20006274     0x4  Data  Lc  tasks.o [1]
xSecondTimerHandler     0x000030e9   0x190  Code  Gb  IntQueue.o [1]
xSecondary              0x20006144     0x4  Data  Lc  blocktim.o [1]
xSecondaryCycles        0x2000614c     0x4  Data  Lc  blocktim.o [1]
xStart                  0x20006100     0x8  Data  Lc  heap_2.o [1]
xSuspendedTaskList      0x200060cc    0x14  Data  Lc  tasks.o [1]
xTaskCheck              0x20006194     0x4  Data  Lc  integer.o [1]
xTaskCheckForTimeOut    0x0000153b    0x60  Code  Gb  tasks.o [1]
xTaskGenericCreate      0x00000d85   0x12c  Code  Gb  tasks.o [1]
xTaskGetCurrentTaskHandle
                        0x0000176b     0x6  Code  Gb  tasks.o [1]
xTaskGetTickCount       0x0000123d    0x14  Code  Gb  tasks.o [1]
xTaskIsTaskSuspended    0x00001091    0x22  Code  Gb  tasks.o [1]
xTaskRemoveFromEventList
                        0x000014cb    0x60  Code  Gb  tasks.o [1]
xTaskResumeAll          0x0000116b    0xd2  Code  Gb  tasks.o [1]
xTasksWaitingTermination
                        0x200060b8    0x14  Data  Lc  tasks.o [1]
xTestQueue              0x20006140     0x4  Data  Lc  blocktim.o [1]
xTickCount              0x20006268     0x4  Data  Lc  tasks.o [1]
xTracing                0x20006294     0x4  Data  Lc  tasks.o [1]
xWasSuspended           0x200061b4     0x4  Data  Lc  IntQueue.o [1]


[1] = C:\StellarisWare\boards\FreeRTOS0-beck\Demo\CORTEX_LM3Sxxxx_IAR_Keil\Debug\Obj
[2] = command line
[3] = dl7M_tln.a
[4] = driverlib.a
[5] = grlib.a
[6] = rt7M_tl.a

  22 490 bytes of readonly  code memory
   8 822 bytes of readonly  data memory
  25 738 bytes of readwrite data memory

Errors: none
Warnings: none
